**********************
Windows PowerShell transcript start
Start time: 20260517003927
Username: monte\alper
RunAs User: monte\alper
Configuration Name: 
Machine: MONTE (Microsoft Windows NT 10.0.26200.0)
Host Application: powershell.exe -NoProfile -ExecutionPolicy Bypass -Command $p=$env:SELF; $c=Get-Content -Raw -LiteralPath $p; $m='# POWERSHELL_PAYLOAD'; $i=$c.LastIndexOf($m); if($i -lt 0){throw 'PowerShell payload not found'}; $s=$c.Substring($i + $m.Length); Invoke-Expression $s
Process ID: 21864
PSVersion: 5.1.26100.7462
PSEdition: Desktop
PSCompatibleVersions: 1.0, 2.0, 3.0, 4.0, 5.0, 5.1.26100.7462
BuildVersion: 10.0.26100.7462
CLRVersion: 4.0.30319.42000
WSManStackVersion: 3.0
PSRemotingProtocolVersion: 2.3
SerializationVersion: 1.1.0.1
**********************
[INFO] RunId=20260517003926-m0u134
[INFO] Test modu=dev (dev=monolit gibi hizli dogrulama, full=tum Kafka/DB/pod/regression)
[INFO] Timeoutlar: HTTP=30 sn, step=120 sn, wait-cap=120 sn
[INFO] Tum loglar: C:\Users\alper\Music\SpringBank-with-Microservices - Kopya (2)\SpringBank-with-Microservices\.scriptsandhelpers\logs\full-e2e-20260517003926-m0u134

==== Kubernetes ve servis on kontrolleri ====
[OK]   kubectl context: docker-desktop
[OK]   Kubernetes API cevap veriyor
[OK]   namespace var: banking-microservices
[OK]   tum deployment'lar available condition beklemesi tamam
[OK]   deployment ready: postgres (1)
[OK]   deployment ready: kafka (1)
[OK]   deployment ready: keycloak (1)
[OK]   deployment ready: user-service (2)
[OK]   deployment ready: money-service (2)
[OK]   deployment ready: transaction-service (2)
[OK]   deployment ready: gateway (2)
[OK]   service var: postgres
[OK]   service var: kafka
[OK]   service var: keycloak
[OK]   service var: user-service
[OK]   service var: money-service
[OK]   service var: transaction-service
[OK]   service var: gateway

==== Gateway erisimi ====
[OK]   gateway static login.html HTTP 200
[OK]   static /login.html HTTP 200
[OK]   static /register.html HTTP 200
[OK]   static /dashboard.html HTTP 200
[OK]   static /transactions.html HTTP 200
[OK]   static /admin.html HTTP 200

==== Public health endpointleri ====
[OK]   money-service health unauthenticated/security HTTP 401
[OK]   user-service liveness HTTP 200
[OK]   user-service liveness HTTP 200 satisfied
[OK]   money-service liveness HTTP 200
[OK]   transaction-service liveness HTTP 200
[OK]   fraud-service liveness HTTP 200
[INFO] DEV-MONOLITH hizli mod: CQRS command/query internal health kontrolleri atlandi. Full kapsam icin: .scriptsandhelpers\test-everything.bat full
True

==== Kafka topic ve altyapi kontrolleri ====
[INFO] DEV-MONOLITH hizli mod: Kafka topic listeleme ve offset snapshot atlandi. Full kapsam icin: .scriptsandhelpers\test-everything.bat full
True

==== Register, login, token decode ====
[OK]   register user1 HTTP 200
[OK]   register user2 HTTP 200
[OK]   user1 login HTTP 200
[OK]   user1 access_token alindi
[OK]   user2 login HTTP 200
[OK]   user2 access_token alindi
[OK]   admin login HTTP 200
[OK]   admin access_token alindi
[OK]   user1 JWT sub: b646a1ae-38a7-44f6-9d7e-2b04f45f1906
[OK]   user2 JWT sub: effff247-f255-431a-a830-8a2d3ba8f07d
[OK]   admin JWT ADMIN role iceriyor
[OK]   refresh token user1 HTTP 200
[INFO] DEV-MONOLITH hizli mod: register sonrasi Kafka user.created detay kontrolu atlandi. Full kapsam icin: .scriptsandhelpers\test-everything.bat full
True

==== Keycloak DB dogrulamasi ====
[OK]   Keycloak DB user1 kaydi var
[OK]   Keycloak DB user2 kaydi var

==== User admin endpointleri ====
[OK]   user admin total HTTP 200
[OK]   user admin roles HTTP 200
[OK]   user admin active HTTP 200
[OK]   user admin findbyemail user1 HTTP 200
[OK]   user1 DB id bulundu: b646a1ae-38a7-44f6-9d7e-2b04f45f1906
[OK]   user get self by id HTTP 200
[OK]   user admin findbykeycloakuuid user1 HTTP 200
[OK]   user admin search name HTTP 200
[OK]   user admin allusers HTTP 200
[INFO] DEV-MONOLITH hizli mod: admin kullanici mutate/deactivate/reset/delete regression akisi atlandi. Full kapsam icin: .scriptsandhelpers\test-everything.bat full
True

==== Money account create ve DB dogrulamasi ====
[OK]   money create user1 HTTP 200
[OK]   money create user2 HTTP 200
[OK]   user1 balance-info HTTP 200
[OK]   user2 balance-info HTTP 200
[OK]   user1 IBAN var: TR1338559X9X0HV0YJBQB6J6CX
[OK]   user2 IBAN var: TR2866495OV0SPDROOKXZKOUJ6
[OK]   getUserIbanWithUserId user1 HTTP 200
[OK]   Postgres banking_money user1 money kaydi var
[OK]   Postgres banking_money user2 money kaydi var
[INFO] DEV-MONOLITH hizli mod: money account Kafka detay kontrolu atlandi. Full kapsam icin: .scriptsandhelpers\test-everything.bat full
True

==== Money direct deposit/withdraw endpointleri ====
[OK]   money direct depositByUserId user2 HTTP 200
[OK]   user2 after direct deposit balance-info HTTP 200
[OK]   user2 direct deposit balance 200 satisfied
[OK]   money direct withdrawByUserId user2 HTTP 200
[OK]   user2 after direct withdraw balance-info HTTP 200
[OK]   user2 direct withdraw balance 0 satisfied

==== Deposit, withdraw, transfer E2E ====
[INFO] DEV-MONOLITH hizli mod: transaction Kafka offset snapshot atlandi. Full kapsam icin: .scriptsandhelpers\test-everything.bat full
True
[OK]   transaction deposit user1 HTTP 201
[OK]   user1 after deposit balance-info HTTP 200
[OK]   user1 balance >= 5000 after deposit satisfied
[OK]   transaction withdraw user1 HTTP 201
[OK]   user1 after withdraw balance-info HTTP 200
[OK]   user1 balance 4500 after withdraw satisfied
[OK]   transaction transfer user1 to user2 HTTP 201
[OK]   user1 after transfer balance-info HTTP 200
[OK]   user2 after transfer balance-info HTTP 200
[OK]   user1 after transfer balance-info HTTP 200
[OK]   user2 after transfer balance-info HTTP 200
[OK]   transfer balances user1=3500 user2=1000 satisfied
[OK]   user1 final balance-info HTTP 200
[OK]   user2 final balance-info HTTP 200
[OK]   Final user1 money 3500
[OK]   Final user2 money 1000
[OK]   Final user1 blockedmoney 0
[OK]   Final user2 blockedmoney 0
[OK]   DB user1 money/blocked dogru: 3500.00|0.00
PS>TerminatingError(Add-Content): "The running command stopped because the preference variable "ErrorActionPreference" or common parameter is set to Stop: İşlem, başka bir işlem tarafından kullanıldığından 'C:\Users\alper\Music\SpringBank-with-Microservices - Kopya (2)\SpringBank-with-Microservices\.scriptsandhelpers\logs\full-e2e-20260517003926-m0u134\all-logs.txt' dosyasına erişemiyor."
>> TerminatingError(Add-Content): "The running command stopped because the preference variable "ErrorActionPreference" or common parameter is set to Stop: İşlem, başka bir işlem tarafından kullanıldığından 'C:\Users\alper\Music\SpringBank-with-Microservices - Kopya (2)\SpringBank-with-Microservices\.scriptsandhelpers\logs\full-e2e-20260517003926-m0u134\all-logs.txt' dosyasına erişemiyor."
>> TerminatingError(Add-Content): "The running command stopped because the preference variable "ErrorActionPreference" or common parameter is set to Stop: İşlem, başka bir işlem tarafından kullanıldığından 'C:\Users\alper\Music\SpringBank-with-Microservices - Kopya (2)\SpringBank-with-Microservices\.scriptsandhelpers\logs\full-e2e-20260517003926-m0u134\all-logs.txt' dosyasına erişemiyor."
>> TerminatingError(Add-Content): "The running command stopped because the preference variable "ErrorActionPreference" or common parameter is set to Stop: İşlem, başka bir işlem tarafından kullanıldığından 'C:\Users\alper\Music\SpringBank-with-Microservices - Kopya (2)\SpringBank-with-Microservices\.scriptsandhelpers\logs\full-e2e-20260517003926-m0u134\all-logs.txt' dosyasına erişemiyor."
[FAIL] Script exception: İşlem, başka bir işlem tarafından kullanıldığından 'C:\Users\alper\Music\SpringBank-with-Microservices - Kopya (2)\SpringBank-with-Microservices\.scriptsandhelpers\logs\full-e2e-20260517003926-m0u134\all-logs.txt' dosyasına erişemiyor.
at Write-DetailLog, <No file>: line 70
at Ok, <No file>: line 78
at Assert-True, <No file>: line 95
at <ScriptBlock>, <No file>: line 689
at <ScriptBlock>, <No file>: line 1
**********************
Windows PowerShell transcript end
End time: 20260517004011
**********************
