  "keycloakUserUUID": "d822ea18-f495-4837-aed6-a85b55987ff4",
  "senderName": null,
  "senderSurname": null,
  "senderEmail": null,
  "receiverEmail": null,
  "receiverName": null,
  "receiverSurname": null,
  "senderUserId": "d822ea18-f495-4837-aed6-a85b55987ff4",
  "senderIban": null,
  "receiverUserId": null,
  "receiverIban": null,
  "money": null,
  "transactionType": "TRANSFER",
  "description": null,
  "status": "CREATED",
  "statusDescription": "Ýþleminiz alýndý",
  "error": false,
  "errorDescription": null,
  "isMoneyBlocked": false,
  "userValidation": false,
  "localDateTime": "2026-05-16T19:24:08.183691846",
  "senderTransactionHistory": null,
  "receiverTransactionHistory": null,
  "tokenDetails": null
}
INFO  --- [money-service] :  (19:24) > KafkaSender | sendCreateUserSuccess -> Kafkaya user success mesaji gonderildi. Key: d822ea18-f495-4837-aed6-a85b55987ff4, Dto: 
{
  "eventUUID": "d822ea18-f495-4837-aed6-a85b55987ff4",
  "keycloakUserUUID": "d822ea18-f495-4837-aed6-a85b55987ff4",
  "senderName": null,
  "senderSurname": null,
  "senderEmail": null,
  "receiverEmail": null,
  "receiverName": null,
  "receiverSurname": null,
  "senderUserId": "d822ea18-f495-4837-aed6-a85b55987ff4",
  "senderIban": null,
  "receiverUserId": null,
  "receiverIban": null,
  "money": null,
  "transactionType": "TRANSFER",
  "description": null,
  "status": "CREATED",
  "statusDescription": "Ýþleminiz alýndý",
  "error": false,
  "errorDescription": null,
  "isMoneyBlocked": false,
  "userValidation": false,
  "localDateTime": "2026-05-16T19:24:08.183691846",
  "senderTransactionHistory": null,
  "receiverTransactionHistory": null,
  "tokenDetails": null
}
INFO  --- [money-service] :  (19:25) > KafkaListenerService | listenCreateUserTopic -> Metoda veri geldi. RawData: "40fdeaab-2966-45d3-89fe-b378f0f2b769"
INFO  --- [money-service] :  (19:25) > IdempotencyGuard | isDuplicateOrRegister -> EventUUID kaydedildi. EventUUID: 40fdeaab-2966-45d3-89fe-b378f0f2b769, EventType: USER_CREATE
INFO  --- [money-service] :  (19:25) > UserMoneyService | generateUser -> generateUser istegi alindi. UserId: 40fdeaab-2966-45d3-89fe-b378f0f2b769
INFO  --- [money-service] :  (19:25) > UserMoneyService | generateUser -> Kullanici UserMoney servisine kaydedildi. UserMoney(id=4231c1ab-2bbc-4cd9-824a-a588ad423d64, userId=40fdeaab-2966-45d3-89fe-b378f0f2b769, keycloakUserUUID=40fdeaab-2966-45d3-89fe-b378f0f2b769, userIban=TR1865545WBKFLPB4VCI5K08DR, money=0.00, blockedMoney=0.00)
INFO  --- [money-service] :  (19:25) > KafkaSender | sendCreateUserSuccess -> Kafkaya user success mesaji gonderilmek uzere alindi. Dto: 
{
  "eventUUID": "40fdeaab-2966-45d3-89fe-b378f0f2b769",
  "keycloakUserUUID": "40fdeaab-2966-45d3-89fe-b378f0f2b769",
  "senderName": null,
  "senderSurname": null,
  "senderEmail": null,
  "receiverEmail": null,
  "receiverName": null,
  "receiverSurname": null,
  "senderUserId": "40fdeaab-2966-45d3-89fe-b378f0f2b769",
  "senderIban": null,
  "receiverUserId": null,
  "receiverIban": null,
  "money": null,
  "transactionType": "TRANSFER",
  "description": null,
  "status": "CREATED",
  "statusDescription": "Ýþleminiz alýndý",
  "error": false,
  "errorDescription": null,
  "isMoneyBlocked": false,
  "userValidation": false,
  "localDateTime": "2026-05-16T19:25:32.090950505",
  "senderTransactionHistory": null,
  "receiverTransactionHistory": null,
  "tokenDetails": null
}
INFO  --- [money-service] :  (19:25) > KafkaSender | sendCreateUserSuccess -> Kafkaya user success mesaji gonderildi. Key: 40fdeaab-2966-45d3-89fe-b378f0f2b769, Dto: 
{
  "eventUUID": "40fdeaab-2966-45d3-89fe-b378f0f2b769",
  "keycloakUserUUID": "40fdeaab-2966-45d3-89fe-b378f0f2b769",
  "senderName": null,
  "senderSurname": null,
  "senderEmail": null,
  "receiverEmail": null,
  "receiverName": null,
  "receiverSurname": null,
  "senderUserId": "40fdeaab-2966-45d3-89fe-b378f0f2b769",
  "senderIban": null,
  "receiverUserId": null,
  "receiverIban": null,
  "money": null,
  "transactionType": "TRANSFER",
  "description": null,
  "status": "CREATED",
  "statusDescription": "Ýþleminiz alýndý",
  "error": false,
  "errorDescription": null,
  "isMoneyBlocked": false,
  "userValidation": false,
  "localDateTime": "2026-05-16T19:25:32.090950505",
  "senderTransactionHistory": null,
  "receiverTransactionHistory": null,
  "tokenDetails": null
}
INFO  --- [money-service] :  (19:25) > MoneyController | userOlustur -> User Id Parametresi Headerdan geldi.
"cb1ce50e-5dd5-4833-8224-357b5b83cf4e"
INFO  --- [money-service] :  (19:25) > UserMoneyService | generateUser -> generateUser istegi alindi. UserId: cb1ce50e-5dd5-4833-8224-357b5b83cf4e
INFO  --- [money-service] :  (19:25) > UserMoneyService | generateUser -> Kullanici icin money hesabi zaten var. UserId: cb1ce50e-5dd5-4833-8224-357b5b83cf4e
INFO  --- [money-service] :  (19:25) > MoneyController | userOlustur -> User Id Parametresi Headerdan geldi.
"d822ea18-f495-4837-aed6-a85b55987ff4"
INFO  --- [money-service] :  (19:25) > UserMoneyService | generateUser -> generateUser istegi alindi. UserId: d822ea18-f495-4837-aed6-a85b55987ff4
INFO  --- [money-service] :  (19:25) > UserMoneyService | generateUser -> Kullanici icin money hesabi zaten var. UserId: d822ea18-f495-4837-aed6-a85b55987ff4
INFO  --- [money-service] :  (19:25) > MoneyController | getBalanceAndIban -> Money Service MoneyController getBalanceAndIban Modulu Istegi aldi. id :
"cb1ce50e-5dd5-4833-8224-357b5b83cf4e"
INFO  --- [money-service] :  (19:25) > AccountQueryService | getAccountByUserId -> Metoda veri geldi. UserId: cb1ce50e-5dd5-4833-8224-357b5b83cf4e
INFO  --- [money-service] :  (19:25) > MoneyController | getBalanceAndIban -> Money Service MoneyController getBalanceAndIban Modulu Istegi aldi. id :
"d822ea18-f495-4837-aed6-a85b55987ff4"
INFO  --- [money-service] :  (19:25) > AccountQueryService | getAccountByUserId -> Metoda veri geldi. UserId: d822ea18-f495-4837-aed6-a85b55987ff4
INFO  --- [money-service] :  (19:25) > MoneyController | getUserIbanWithUserId -> getUserIbanWithUserId istegi geldi. UserId:
"cb1ce50e-5dd5-4833-8224-357b5b83cf4e"
INFO  --- [money-service] :  (19:25) > AccountQueryService | getAccountByUserId -> Metoda veri geldi. UserId: cb1ce50e-5dd5-4833-8224-357b5b83cf4e
INFO  --- [money-service] :  (19:27) > KafkaListenerService | listenCreateUserTopic -> Metoda veri geldi. RawData: "9be57278-0a67-453d-86da-472faf6f68ad"
INFO  --- [money-service] :  (19:27) > IdempotencyGuard | isDuplicateOrRegister -> EventUUID kaydedildi. EventUUID: 9be57278-0a67-453d-86da-472faf6f68ad, EventType: USER_CREATE
INFO  --- [money-service] :  (19:27) > UserMoneyService | generateUser -> generateUser istegi alindi. UserId: 9be57278-0a67-453d-86da-472faf6f68ad
INFO  --- [money-service] :  (19:27) > UserMoneyService | generateUser -> Kullanici UserMoney servisine kaydedildi. UserMoney(id=cd7f5049-2a58-4163-87ef-61d104afb5b9, userId=9be57278-0a67-453d-86da-472faf6f68ad, keycloakUserUUID=9be57278-0a67-453d-86da-472faf6f68ad, userIban=TR05178718IYJSIY49GSSPIXJS, money=0.00, blockedMoney=0.00)
INFO  --- [money-service] :  (19:27) > KafkaSender | sendCreateUserSuccess -> Kafkaya user success mesaji gonderilmek uzere alindi. Dto: 
{
  "eventUUID": "9be57278-0a67-453d-86da-472faf6f68ad",
  "keycloakUserUUID": "9be57278-0a67-453d-86da-472faf6f68ad",
  "senderName": null,
  "senderSurname": null,
  "senderEmail": null,
  "receiverEmail": null,
  "receiverName": null,
  "receiverSurname": null,
  "senderUserId": "9be57278-0a67-453d-86da-472faf6f68ad",
  "senderIban": null,
  "receiverUserId": null,
  "receiverIban": null,
  "money": null,
  "transactionType": "TRANSFER",
  "description": null,
  "status": "CREATED",
  "statusDescription": "Ýþleminiz alýndý",
  "error": false,
  "errorDescription": null,
  "isMoneyBlocked": false,
  "userValidation": false,
  "localDateTime": "2026-05-16T19:27:14.418524427",
  "senderTransactionHistory": null,
  "receiverTransactionHistory": null,
  "tokenDetails": null
}
INFO  --- [money-service] :  (19:27) > KafkaSender | sendCreateUserSuccess -> Kafkaya user success mesaji gonderildi. Key: 9be57278-0a67-453d-86da-472faf6f68ad, Dto: 
{
  "eventUUID": "9be57278-0a67-453d-86da-472faf6f68ad",
  "keycloakUserUUID": "9be57278-0a67-453d-86da-472faf6f68ad",
  "senderName": null,
  "senderSurname": null,
  "senderEmail": null,
  "receiverEmail": null,
  "receiverName": null,
  "receiverSurname": null,
  "senderUserId": "9be57278-0a67-453d-86da-472faf6f68ad",
  "senderIban": null,
  "receiverUserId": null,
  "receiverIban": null,
  "money": null,
  "transactionType": "TRANSFER",
  "description": null,
  "status": "CREATED",
  "statusDescription": "Ýþleminiz alýndý",
  "error": false,
  "errorDescription": null,
  "isMoneyBlocked": false,
  "userValidation": false,
  "localDateTime": "2026-05-16T19:27:14.418524427",
  "senderTransactionHistory": null,
  "receiverTransactionHistory": null,
  "tokenDetails": null
}
INFO  --- [money-service] :  (19:27) > KafkaListenerService | listenCreateUserTopic -> Metoda veri geldi. RawData: "3c551fd5-a8d0-465a-a55a-89801e4234dd"
INFO  --- [money-service] :  (19:27) > IdempotencyGuard | isDuplicateOrRegister -> EventUUID kaydedildi. EventUUID: 3c551fd5-a8d0-465a-a55a-89801e4234dd, EventType: USER_CREATE
INFO  --- [money-service] :  (19:27) > UserMoneyService | generateUser -> generateUser istegi alindi. UserId: 3c551fd5-a8d0-465a-a55a-89801e4234dd
INFO  --- [money-service] :  (19:27) > UserMoneyService | generateUser -> Kullanici UserMoney servisine kaydedildi. UserMoney(id=3ec953cb-9bc0-4a1c-a3af-da1de2f78c20, userId=3c551fd5-a8d0-465a-a55a-89801e4234dd, keycloakUserUUID=3c551fd5-a8d0-465a-a55a-89801e4234dd, userIban=TR6371358TXS77DKKIKDJIBKAD, money=0.00, blockedMoney=0.00)
INFO  --- [money-service] :  (19:27) > KafkaSender | sendCreateUserSuccess -> Kafkaya user success mesaji gonderilmek uzere alindi. Dto: 
{
  "eventUUID": "3c551fd5-a8d0-465a-a55a-89801e4234dd",
  "keycloakUserUUID": "3c551fd5-a8d0-465a-a55a-89801e4234dd",
  "senderName": null,
  "senderSurname": null,
  "senderEmail": null,
  "receiverEmail": null,
  "receiverName": null,
  "receiverSurname": null,
  "senderUserId": "3c551fd5-a8d0-465a-a55a-89801e4234dd",
  "senderIban": null,
  "receiverUserId": null,
  "receiverIban": null,
  "money": null,
  "transactionType": "TRANSFER",
  "description": null,
  "status": "CREATED",
  "statusDescription": "Ýþleminiz alýndý",
  "error": false,
  "errorDescription": null,
  "isMoneyBlocked": false,
  "userValidation": false,
  "localDateTime": "2026-05-16T19:27:14.603286847",
  "senderTransactionHistory": null,
  "receiverTransactionHistory": null,
  "tokenDetails": null
}
INFO  --- [money-service] :  (19:27) > KafkaSender | sendCreateUserSuccess -> Kafkaya user success mesaji gonderildi. Key: 3c551fd5-a8d0-465a-a55a-89801e4234dd, Dto: 
{
  "eventUUID": "3c551fd5-a8d0-465a-a55a-89801e4234dd",
  "keycloakUserUUID": "3c551fd5-a8d0-465a-a55a-89801e4234dd",
  "senderName": null,
  "senderSurname": null,
  "senderEmail": null,
  "receiverEmail": null,
  "receiverName": null,
  "receiverSurname": null,
  "senderUserId": "3c551fd5-a8d0-465a-a55a-89801e4234dd",
  "senderIban": null,
  "receiverUserId": null,
  "receiverIban": null,
  "money": null,
  "transactionType": "TRANSFER",
  "description": null,
  "status": "CREATED",
  "statusDescription": "Ýþleminiz alýndý",
  "error": false,
  "errorDescription": null,
  "isMoneyBlocked": false,
  "userValidation": false,
  "localDateTime": "2026-05-16T19:27:14.603286847",
  "senderTransactionHistory": null,
  "receiverTransactionHistory": null,
  "tokenDetails": null
}
INFO  --- [money-service] :  (19:28) > KafkaListenerService | listenCreateUserTopic -> Metoda veri geldi. RawData: "4111da0f-b973-414f-8495-ac3706110af1"
INFO  --- [money-service] :  (19:28) > IdempotencyGuard | isDuplicateOrRegister -> EventUUID kaydedildi. EventUUID: 4111da0f-b973-414f-8495-ac3706110af1, EventType: USER_CREATE
INFO  --- [money-service] :  (19:28) > UserMoneyService | generateUser -> generateUser istegi alindi. UserId: 4111da0f-b973-414f-8495-ac3706110af1
INFO  --- [money-service] :  (19:28) > UserMoneyService | generateUser -> Kullanici UserMoney servisine kaydedildi. UserMoney(id=afcdc2b6-7d22-441f-b3c7-4392c030794c, userId=4111da0f-b973-414f-8495-ac3706110af1, keycloakUserUUID=4111da0f-b973-414f-8495-ac3706110af1, userIban=TR8811342H9OUJDVYHJ9NES1B9, money=0.00, blockedMoney=0.00)
INFO  --- [money-service] :  (19:28) > KafkaSender | sendCreateUserSuccess -> Kafkaya user success mesaji gonderilmek uzere alindi. Dto: 
{
  "eventUUID": "4111da0f-b973-414f-8495-ac3706110af1",
  "keycloakUserUUID": "4111da0f-b973-414f-8495-ac3706110af1",
  "senderName": null,
  "senderSurname": null,
  "senderEmail": null,
  "receiverEmail": null,
  "receiverName": null,
  "receiverSurname": null,
  "senderUserId": "4111da0f-b973-414f-8495-ac3706110af1",
  "senderIban": null,
  "receiverUserId": null,
  "receiverIban": null,
  "money": null,
  "transactionType": "TRANSFER",
  "description": null,
  "status": "CREATED",
  "statusDescription": "Ýþleminiz alýndý",
  "error": false,
  "errorDescription": null,
  "isMoneyBlocked": false,
  "userValidation": false,
  "localDateTime": "2026-05-16T19:28:16.162350555",
  "senderTransactionHistory": null,
  "receiverTransactionHistory": null,
  "tokenDetails": null
}
INFO  --- [money-service] :  (19:28) > KafkaSender | sendCreateUserSuccess -> Kafkaya user success mesaji gonderildi. Key: 4111da0f-b973-414f-8495-ac3706110af1, Dto: 
{
  "eventUUID": "4111da0f-b973-414f-8495-ac3706110af1",
  "keycloakUserUUID": "4111da0f-b973-414f-8495-ac3706110af1",
  "senderName": null,
  "senderSurname": null,
  "senderEmail": null,
  "receiverEmail": null,
  "receiverName": null,
  "receiverSurname": null,
  "senderUserId": "4111da0f-b973-414f-8495-ac3706110af1",
  "senderIban": null,
  "receiverUserId": null,
  "receiverIban": null,
  "money": null,
  "transactionType": "TRANSFER",
  "description": null,
  "status": "CREATED",
  "statusDescription": "Ýþleminiz alýndý",
  "error": false,
  "errorDescription": null,
  "isMoneyBlocked": false,
  "userValidation": false,
  "localDateTime": "2026-05-16T19:28:16.162350555",
  "senderTransactionHistory": null,
  "receiverTransactionHistory": null,
  "tokenDetails": null
}
INFO  --- [money-service] :  (19:28) > MoneyController | userOlustur -> User Id Parametresi Headerdan geldi.
"3c551fd5-a8d0-465a-a55a-89801e4234dd"
INFO  --- [money-service] :  (19:28) > UserMoneyService | generateUser -> generateUser istegi alindi. UserId: 3c551fd5-a8d0-465a-a55a-89801e4234dd
INFO  --- [money-service] :  (19:28) > UserMoneyService | generateUser -> Kullanici icin money hesabi zaten var. UserId: 3c551fd5-a8d0-465a-a55a-89801e4234dd
INFO  --- [money-service] :  (19:28) > MoneyController | getBalanceAndIban -> Money Service MoneyController getBalanceAndIban Modulu Istegi aldi. id :
"3c551fd5-a8d0-465a-a55a-89801e4234dd"
INFO  --- [money-service] :  (19:28) > AccountQueryService | getAccountByUserId -> Metoda veri geldi. UserId: 3c551fd5-a8d0-465a-a55a-89801e4234dd
INFO  --- [money-service] :  (19:29) > MoneyController | withdrawByUserId -> Withdraw istegi. UserId:
"3c551fd5-a8d0-465a-a55a-89801e4234dd", Miktar:
200
INFO  --- [money-service] :  (19:29) > BalanceOperationService | withdrawMoneyByUserId -> Para cekme istegi. UserId: 3c551fd5-a8d0-465a-a55a-89801e4234dd, Miktar: 200
INFO  --- [money-service] :  (19:29) > BalanceOperationService | withdrawMoneyByUserId -> Para cekme basarili. UserId: 3c551fd5-a8d0-465a-a55a-89801e4234dd
INFO  --- [money-service] :  (19:30) > MoneyController | getBalanceAndIban -> Money Service MoneyController getBalanceAndIban Modulu Istegi aldi. id :
"9be57278-0a67-453d-86da-472faf6f68ad"
INFO  --- [money-service] :  (19:30) > AccountQueryService | getAccountByUserId -> Metoda veri geldi. UserId: 9be57278-0a67-453d-86da-472faf6f68ad
INFO  --- [money-service] :  (19:30) > MoneyController | getBalanceAndIban -> Money Service MoneyController getBalanceAndIban Modulu Istegi aldi. id :
"9be57278-0a67-453d-86da-472faf6f68ad"
INFO  --- [money-service] :  (19:30) > AccountQueryService | getAccountByUserId -> Metoda veri geldi. UserId: 9be57278-0a67-453d-86da-472faf6f68ad
INFO  --- [money-service] :  (19:30) > MoneyController | getBalanceAndIban -> Money Service MoneyController getBalanceAndIban Modulu Istegi aldi. id :
"9be57278-0a67-453d-86da-472faf6f68ad"
INFO  --- [money-service] :  (19:30) > AccountQueryService | getAccountByUserId -> Metoda veri geldi. UserId: 9be57278-0a67-453d-86da-472faf6f68ad
INFO  --- [money-service] :  (19:30) > MoneyController | getBalanceAndIban -> Money Service MoneyController getBalanceAndIban Modulu Istegi aldi. id :
"9be57278-0a67-453d-86da-472faf6f68ad"
INFO  --- [money-service] :  (19:30) > AccountQueryService | getAccountByUserId -> Metoda veri geldi. UserId: 9be57278-0a67-453d-86da-472faf6f68ad
INFO  --- [money-service] :  (19:30) > MoneyController | getBalanceAndIban -> Money Service MoneyController getBalanceAndIban Modulu Istegi aldi. id :
"3c551fd5-a8d0-465a-a55a-89801e4234dd"
INFO  --- [money-service] :  (19:30) > AccountQueryService | getAccountByUserId -> Metoda veri geldi. UserId: 3c551fd5-a8d0-465a-a55a-89801e4234dd
INFO  --- [money-service] :  (19:30) > MoneyController | getBalanceAndIban -> Money Service MoneyController getBalanceAndIban Modulu Istegi aldi. id :
"9be57278-0a67-453d-86da-472faf6f68ad"
INFO  --- [money-service] :  (19:30) > AccountQueryService | getAccountByUserId -> Metoda veri geldi. UserId: 9be57278-0a67-453d-86da-472faf6f68ad
INFO  --- [money-service] :  (19:30) > MoneyController | getBalanceAndIban -> Money Service MoneyController getBalanceAndIban Modulu Istegi aldi. id :
"3c551fd5-a8d0-465a-a55a-89801e4234dd"
INFO  --- [money-service] :  (19:30) > AccountQueryService | getAccountByUserId -> Metoda veri geldi. UserId: 3c551fd5-a8d0-465a-a55a-89801e4234dd
INFO  --- [money-service] :  (19:30) > MoneyController | getBalanceAndIban -> Money Service MoneyController getBalanceAndIban Modulu Istegi aldi. id :
"9be57278-0a67-453d-86da-472faf6f68ad"
INFO  --- [money-service] :  (19:30) > AccountQueryService | getAccountByUserId -> Metoda veri geldi. UserId: 9be57278-0a67-453d-86da-472faf6f68ad
INFO  --- [money-service] :  (19:30) > MoneyController | getBalanceAndIban -> Money Service MoneyController getBalanceAndIban Modulu Istegi aldi. id :
"3c551fd5-a8d0-465a-a55a-89801e4234dd"
INFO  --- [money-service] :  (19:30) > AccountQueryService | getAccountByUserId -> Metoda veri geldi. UserId: 3c551fd5-a8d0-465a-a55a-89801e4234dd
INFO  --- [money-service] :  (19:31) > MoneyController | getBalanceAndIban -> Money Service MoneyController getBalanceAndIban Modulu Istegi aldi. id :
"3c551fd5-a8d0-465a-a55a-89801e4234dd"
INFO  --- [money-service] :  (19:31) > AccountQueryService | getAccountByUserId -> Metoda veri geldi. UserId: 3c551fd5-a8d0-465a-a55a-89801e4234dd
INFO  --- [money-service] :  (19:31) > MoneyController | getBalanceAndIban -> Money Service MoneyController getBalanceAndIban Modulu Istegi aldi. id :
"9be57278-0a67-453d-86da-472faf6f68ad"
INFO  --- [money-service] :  (19:31) > AccountQueryService | getAccountByUserId -> Metoda veri geldi. UserId: 9be57278-0a67-453d-86da-472faf6f68ad
INFO  --- [money-service] :  (19:31) > MoneyController | getBalanceAndIban -> Money Service MoneyController getBalanceAndIban Modulu Istegi aldi. id :
"3c551fd5-a8d0-465a-a55a-89801e4234dd"
INFO  --- [money-service] :  (19:31) > AccountQueryService | getAccountByUserId -> Metoda veri geldi. UserId: 3c551fd5-a8d0-465a-a55a-89801e4234dd
INFO  --- [money-service] :  (19:31) > MoneyController | getBalanceAndIban -> Money Service MoneyController getBalanceAndIban Modulu Istegi aldi. id :
"3c551fd5-a8d0-465a-a55a-89801e4234dd"
INFO  --- [money-service] :  (19:31) > AccountQueryService | getAccountByUserId -> Metoda veri geldi. UserId: 3c551fd5-a8d0-465a-a55a-89801e4234dd
INFO  --- [money-service] :  (19:31) > MoneyController | getBalanceAndIban -> Money Service MoneyController getBalanceAndIban Modulu Istegi aldi. id :
"9be57278-0a67-453d-86da-472faf6f68ad"
INFO  --- [money-service] :  (19:31) > AccountQueryService | getAccountByUserId -> Metoda veri geldi. UserId: 9be57278-0a67-453d-86da-472faf6f68ad
INFO  --- [money-service] :  (19:31) > MoneyController | getBalanceAndIban -> Money Service MoneyController getBalanceAndIban Modulu Istegi aldi. id :
"3c551fd5-a8d0-465a-a55a-89801e4234dd"
INFO  --- [money-service] :  (19:31) > AccountQueryService | getAccountByUserId -> Metoda veri geldi. UserId: 3c551fd5-a8d0-465a-a55a-89801e4234dd
INFO  --- [money-service] :  (19:31) > MoneyController | getBalanceAndIban -> Money Service MoneyController getBalanceAndIban Modulu Istegi aldi. id :
"9be57278-0a67-453d-86da-472faf6f68ad"
INFO  --- [money-service] :  (19:31) > AccountQueryService | getAccountByUserId -> Metoda veri geldi. UserId: 9be57278-0a67-453d-86da-472faf6f68ad
INFO  --- [money-service] :  (19:31) > MoneyController | getBalanceAndIban -> Money Service MoneyController getBalanceAndIban Modulu Istegi aldi. id :
"3c551fd5-a8d0-465a-a55a-89801e4234dd"
INFO  --- [money-service] :  (19:31) > AccountQueryService | getAccountByUserId -> Metoda veri geldi. UserId: 3c551fd5-a8d0-465a-a55a-89801e4234dd
INFO  --- [money-service] :  (19:31) > MoneyController | getBalanceAndIban -> Money Service MoneyController getBalanceAndIban Modulu Istegi aldi. id :
"9be57278-0a67-453d-86da-472faf6f68ad"
INFO  --- [money-service] :  (19:31) > AccountQueryService | getAccountByUserId -> Metoda veri geldi. UserId: 9be57278-0a67-453d-86da-472faf6f68ad
INFO  --- [money-service] :  (19:31) > MoneyController | getBalanceAndIban -> Money Service MoneyController getBalanceAndIban Modulu Istegi aldi. id :
"9be57278-0a67-453d-86da-472faf6f68ad"
INFO  --- [money-service] :  (19:31) > AccountQueryService | getAccountByUserId -> Metoda veri geldi. UserId: 9be57278-0a67-453d-86da-472faf6f68ad
INFO  --- [money-service] :  (19:32) > MoneyController | getBalanceAndIban -> Money Service MoneyController getBalanceAndIban Modulu Istegi aldi. id :
"9be57278-0a67-453d-86da-472faf6f68ad"
INFO  --- [money-service] :  (19:32) > AccountQueryService | getAccountByUserId -> Metoda veri geldi. UserId: 9be57278-0a67-453d-86da-472faf6f68ad
INFO  --- [money-service] :  (19:32) > MoneyController | getBalanceAndIban -> Money Service MoneyController getBalanceAndIban Modulu Istegi aldi. id :
"3c551fd5-a8d0-465a-a55a-89801e4234dd"
INFO  --- [money-service] :  (19:32) > AccountQueryService | getAccountByUserId -> Metoda veri geldi. UserId: 3c551fd5-a8d0-465a-a55a-89801e4234dd
INFO  --- [money-service] :  (19:32) > MoneyController | getBalanceAndIban -> Money Service MoneyController getBalanceAndIban Modulu Istegi aldi. id :
"9be57278-0a67-453d-86da-472faf6f68ad"
INFO  --- [money-service] :  (19:32) > AccountQueryService | getAccountByUserId -> Metoda veri geldi. UserId: 9be57278-0a67-453d-86da-472faf6f68ad
INFO  --- [money-service] :  (19:32) > MoneyController | getBalanceAndIban -> Money Service MoneyController getBalanceAndIban Modulu Istegi aldi. id :
"3c551fd5-a8d0-465a-a55a-89801e4234dd"
INFO  --- [money-service] :  (19:32) > AccountQueryService | getAccountByUserId -> Metoda veri geldi. UserId: 3c551fd5-a8d0-465a-a55a-89801e4234dd
INFO  --- [money-service] :  (19:32) > MoneyController | getBalanceAndIban -> Money Service MoneyController getBalanceAndIban Modulu Istegi aldi. id :
"3c551fd5-a8d0-465a-a55a-89801e4234dd"
INFO  --- [money-service] :  (19:32) > AccountQueryService | getAccountByUserId -> Metoda veri geldi. UserId: 3c551fd5-a8d0-465a-a55a-89801e4234dd
INFO  --- [money-service] :  (19:32) > MoneyController | getBalanceAndIban -> Money Service MoneyController getBalanceAndIban Modulu Istegi aldi. id :
"9be57278-0a67-453d-86da-472faf6f68ad"
INFO  --- [money-service] :  (19:32) > AccountQueryService | getAccountByUserId -> Metoda veri geldi. UserId: 9be57278-0a67-453d-86da-472faf6f68ad
INFO  --- [money-service] :  (19:32) > MoneyController | getBalanceAndIban -> Money Service MoneyController getBalanceAndIban Modulu Istegi aldi. id :
"9be57278-0a67-453d-86da-472faf6f68ad"
INFO  --- [money-service] :  (19:32) > AccountQueryService | getAccountByUserId -> Metoda veri geldi. UserId: 9be57278-0a67-453d-86da-472faf6f68ad
