  "senderName": "E2EAlpha",
  "senderSurname": "Tester",
  "senderEmail": "e2e.alpha.20260516222643-wihrmy@springbank.test",
  "receiverEmail": null,
  "receiverName": null,
  "receiverSurname": null,
  "senderUserId": "9be57278-0a67-453d-86da-472faf6f68ad",
  "senderIban": "TR05178718IYJSIY49GSSPIXJS",
  "receiverUserId": null,
  "receiverIban": null,
  "money": 500,
  "transactionType": "WITHDRAW",
  "description": "E2E withdraw 20260516222643-wihrmy",
  "status": "COMPLETED",
  "statusDescription": "İşlem tamamlandı",
  "error": false,
  "errorDescription": null,
  "isMoneyBlocked": false,
  "userValidation": false,
  "localDateTime": "2026-05-16T19:30:19.035851442",
  "senderTransactionHistory": [
    {
      "id": "f5713d44-efcd-41d9-a584-362569057b22",
      "eventId": "75ba3788-5a9d-45f5-a536-2a4029dc690d",
      "receiverName": null,
      "senderName": "E2EAlpha",
      "senderSurname": "Tester",
      "senderEmail": "e2e.alpha.20260516222643-wihrmy@springbank.test",
      "receiverEmail": null,
      "receiverSurname": null,
      "senderUserId": "9be57278-0a67-453d-86da-472faf6f68ad",
      "receiverUserId": null,
      "senderIban": "TR05178718IYJSIY49GSSPIXJS",
      "receiverIban": null,
      "money": 500,
      "transactionType": "WITHDRAW",
      "description": "E2E withdraw 20260516222643-wihrmy",
      "localDateTime": "2026-05-16T19:30:19.131219334",
      "error": false,
      "errorDescription": null,
      "userValidation": false,
      "isMoneyBlocked": false,
      "status": "CREATED",
      "statusDescription": "İşleminiz alındı",
      "transferStatus": "CREATED",
      "tokenDetails": {
        "subject": "9be57278-0a67-453d-86da-472faf6f68ad",
        "preferredUsername": "e2e.alpha.20260516222643-wihrmy@springbank.test",
        "email": "e2e.alpha.20260516222643-wihrmy@springbank.test",
        "givenName": "E2EAlpha",
        "familyName": "Tester",
        "issuer": "http://keycloak:8080/realms/banking",
        "audienceJson": "\"account\"",
        "realmRoles": [
          "default-roles-banking",
          "offline_access",
          "uma_authorization",
          "USER"
        ],
        "headerJson": "{\"alg\":\"RS256\",\"typ\":\"JWT\",\"kid\":\"cXlYeegMcMa86uJVoCw83izxuVT_p7mjWVvIvYty2g0\"}",
        "claimsJson": "{\"exp\":1778959942,\"iat\":1778959642,\"jti\":\"ad97fd01-1f3f-4335-8e76-a27ae6177fd0\",\"iss\":\"http://keycloak:8080/realms/banking\",\"aud\":\"account\",\"sub\":\"9be57278-0a67-453d-86da-472faf6f68ad\",\"typ\":\"Bearer\",\"azp\":\"banking-app\",\"session_state\":\"18a51659-f24d-479f-bbe3-d3302faaf9ed\",\"acr\":\"1\",\"allowed-origins\":[\"*\"],\"realm_access\":{\"roles\":[\"default-roles-banking\",\"offline_access\",\"uma_authorization\",\"USER\"]},\"resource_access\":{\"account\":{\"roles\":[\"manage-account\",\"manage-account-links\",\"view-profile\"]}},\"scope\":\"email profile\",\"sid\":\"18a51659-f24d-479f-bbe3-d3302faaf9ed\",\"email_verified\":true,\"name\":\"E2EAlpha Tester\",\"preferred_username\":\"e2e.alpha.20260516222643-wihrmy@springbank.test\",\"given_name\":\"E2EAlpha\",\"family_name\":\"Tester\",\"email\":\"e2e.alpha.20260516222643-wihrmy@springbank.test\"}",
        "issuedAt": "1778959642",
        "expiresAt": "1778959942",
        "jwtId": "ad97fd01-1f3f-4335-8e76-a27ae6177fd0",
        "tokenType": "Bearer",
        "sessionState": "18a51659-f24d-479f-bbe3-d3302faaf9ed",
        "scope": "email profile"
      }
    }
  ],
  "receiverTransactionHistory": null,
  "tokenDetails": {
    "subject": "9be57278-0a67-453d-86da-472faf6f68ad",
    "preferredUsername": "e2e.alpha.20260516222643-wihrmy@springbank.test",
    "email": "e2e.alpha.20260516222643-wihrmy@springbank.test",
    "givenName": "E2EAlpha",
    "familyName": "Tester",
    "issuer": "http://keycloak:8080/realms/banking",
    "audienceJson": "\"account\"",
    "realmRoles": [
      "default-roles-banking",
      "offline_access",
      "uma_authorization",
      "USER"
    ],
    "headerJson": "{\"alg\":\"RS256\",\"typ\":\"JWT\",\"kid\":\"cXlYeegMcMa86uJVoCw83izxuVT_p7mjWVvIvYty2g0\"}",
    "claimsJson": "{\"exp\":1778959942,\"iat\":1778959642,\"jti\":\"ad97fd01-1f3f-4335-8e76-a27ae6177fd0\",\"iss\":\"http://keycloak:8080/realms/banking\",\"aud\":\"account\",\"sub\":\"9be57278-0a67-453d-86da-472faf6f68ad\",\"typ\":\"Bearer\",\"azp\":\"banking-app\",\"session_state\":\"18a51659-f24d-479f-bbe3-d3302faaf9ed\",\"acr\":\"1\",\"allowed-origins\":[\"*\"],\"realm_access\":{\"roles\":[\"default-roles-banking\",\"offline_access\",\"uma_authorization\",\"USER\"]},\"resource_access\":{\"account\":{\"roles\":[\"manage-account\",\"manage-account-links\",\"view-profile\"]}},\"scope\":\"email profile\",\"sid\":\"18a51659-f24d-479f-bbe3-d3302faaf9ed\",\"email_verified\":true,\"name\":\"E2EAlpha Tester\",\"preferred_username\":\"e2e.alpha.20260516222643-wihrmy@springbank.test\",\"given_name\":\"E2EAlpha\",\"family_name\":\"Tester\",\"email\":\"e2e.alpha.20260516222643-wihrmy@springbank.test\"}",
    "issuedAt": "1778959642",
    "expiresAt": "1778959942",
    "jwtId": "ad97fd01-1f3f-4335-8e76-a27ae6177fd0",
    "tokenType": "Bearer",
    "sessionState": "18a51659-f24d-479f-bbe3-d3302faaf9ed",
    "scope": "email profile"
  }
}
INFO  --- [transaction-service] :  (19:30) > KafkaListenerService | listenAllTransactionTopics -> Metoda veri geldi. RawData:
{"eventUUID":"1b2c95e8-70d6-49fa-a9bc-074537f28509","keycloakUserUUID":"9be57278-0a67-453d-86da-472faf6f68ad","senderName":"E2EAlpha","senderSurname":"Tester","senderEmail":"e2e.alpha.20260516222643-wihrmy@springbank.test","receiverEmail":null,"receiverName":"E2EBeta","receiverSurname":"Tester","senderUserId":"9be57278-0a67-453d-86da-472faf6f68ad","senderIban":"TR05178718IYJSIY49GSSPIXJS","receiverUserId":null,"receiverIban":"TR6371358TXS77DKKIKDJIBKAD","money":1000,"transactionType":"TRANSFER","description":"E2E transfer 20260516222643-wihrmy","status":"CREATED","statusDescription":"İşleminiz alındı","error":false,"errorDescription":null,"isMoneyBlocked":false,"userValidation":false,"localDateTime":"2026-05-16T19:30:20.027550463","senderTransactionHistory":null,"receiverTransactionHistory":[{"id":"15dbc8db-d56a-4f51-a6b6-197a23d51895","eventId":"1b2c95e8-70d6-49fa-a9bc-074537f28509","receiverName":"E2EBeta","senderName":"E2EAlpha","senderSurname":"Tester","senderEmail":"e2e.alpha.20260516222643-wihrmy@springbank.test","receiverEmail":null,"receiverSurname":"Tester","senderUserId":"9be57278-0a67-453d-86da-472faf6f68ad","receiverUserId":null,"senderIban":"TR05178718IYJSIY49GSSPIXJS","receiverIban":"TR6371358TXS77DKKIKDJIBKAD","money":1000,"transactionType":"TRANSFER","description":"E2E transfer 20260516222643-wihrmy","localDateTime":"2026-05-16T19:30:20.027859426","error":false,"errorDescription":null,"userValidation":false,"isMoneyBlocked":false,"status":"CREATED","statusDescription":"İşleminiz alındı","transferStatus":"CREATED","tokenDetails":{"subject":"9be57278-0a67-453d-86da-472faf6f68ad","preferredUsername":"e2e.alpha.20260516222643-wihrmy@springbank.test","email":"e2e.alpha.20260516222643-wihrmy@springbank.test","givenName":"E2EAlpha","familyName":"Tester","issuer":"http://keycloak:8080/realms/banking","audienceJson":"\"account\"","realmRoles":["default-roles-banking","offline_access","uma_authorization","USER"],"headerJson":"{\"alg\":\"RS256\",\"typ\":\"JWT\",\"kid\":\"cXlYeegMcMa86uJVoCw83izxuVT_p7mjWVvIvYty2g0\"}","claimsJson":"{\"exp\":1778959942,\"iat\":1778959642,\"jti\":\"ad97fd01-1f3f-4335-8e76-a27ae6177fd0\",\"iss\":\"http://keycloak:8080/realms/banking\",\"aud\":\"account\",\"sub\":\"9be57278-0a67-453d-86da-472faf6f68ad\",\"typ\":\"Bearer\",\"azp\":\"banking-app\",\"session_state\":\"18a51659-f24d-479f-bbe3-d3302faaf9ed\",\"acr\":\"1\",\"allowed-origins\":[\"*\"],\"realm_access\":{\"roles\":[\"default-roles-banking\",\"offline_access\",\"uma_authorization\",\"USER\"]},\"resource_access\":{\"account\":{\"roles\":[\"manage-account\",\"manage-account-links\",\"view-profile\"]}},\"scope\":\"email profile\",\"sid\":\"18a51659-f24d-479f-bbe3-d3302faaf9ed\",\"email_verified\":true,\"name\":\"E2EAlpha Tester\",\"preferred_username\":\"e2e.alpha.20260516222643-wihrmy@springbank.test\",\"given_name\":\"E2EAlpha\",\"family_name\":\"Tester\",\"email\":\"e2e.alpha.20260516222643-wihrmy@springbank.test\"}","issuedAt":"1778959642","expiresAt":"1778959942","jwtId":"ad97fd01-1f3f-4335-8e76-a27ae6177fd0","tokenType":"Bearer","sessionState":"18a51659-f24d-479f-bbe3-d3302faaf9ed","scope":"email profile"}}],"tokenDetails":{"subject":"9be57278-0a67-453d-86da-472faf6f68ad","preferredUsername":"e2e.alpha.20260516222643-wihrmy@springbank.test","email":"e2e.alpha.20260516222643-wihrmy@springbank.test","givenName":"E2EAlpha","familyName":"Tester","issuer":"http://keycloak:8080/realms/banking","audienceJson":"\"account\"","realmRoles":["default-roles-banking","offline_access","uma_authorization","USER"],"headerJson":"{\"alg\":\"RS256\",\"typ\":\"JWT\",\"kid\":\"cXlYeegMcMa86uJVoCw83izxuVT_p7mjWVvIvYty2g0\"}","claimsJson":"{\"exp\":1778959942,\"iat\":1778959642,\"jti\":\"ad97fd01-1f3f-4335-8e76-a27ae6177fd0\",\"iss\":\"http://keycloak:8080/realms/banking\",\"aud\":\"account\",\"sub\":\"9be57278-0a67-453d-86da-472faf6f68ad\",\"typ\":\"Bearer\",\"azp\":\"banking-app\",\"session_state\":\"18a51659-f24d-479f-bbe3-d3302faaf9ed\",\"acr\":\"1\",\"allowed-origins\":[\"*\"],\"realm_access\":{\"roles\":[\"default-roles-banking\",\"offline_access\",\"uma_authorization\",\"USER\"]},\"resource_access\":{\"account\":{\"roles\":[\"manage-account\",\"manage-account-links\",\"view-profile\"]}},\"scope\":\"email profile\",\"sid\":\"18a51659-f24d-479f-bbe3-d3302faaf9ed\",\"email_verified\":true,\"name\":\"E2EAlpha Tester\",\"preferred_username\":\"e2e.alpha.20260516222643-wihrmy@springbank.test\",\"given_name\":\"E2EAlpha\",\"family_name\":\"Tester\",\"email\":\"e2e.alpha.20260516222643-wihrmy@springbank.test\"}","issuedAt":"1778959642","expiresAt":"1778959942","jwtId":"ad97fd01-1f3f-4335-8e76-a27ae6177fd0","tokenType":"Bearer","sessionState":"18a51659-f24d-479f-bbe3-d3302faaf9ed","scope":"email profile"}}
INFO  --- [transaction-service] :  (19:30) > KafkaListenerService | listenAllTransactionTopics -> event: 1b2c95e8-70d6-49fa-a9bc-074537f28509 status: CREATED, Dto:
{
  "eventUUID": "1b2c95e8-70d6-49fa-a9bc-074537f28509",
  "keycloakUserUUID": "9be57278-0a67-453d-86da-472faf6f68ad",
  "senderName": "E2EAlpha",
  "senderSurname": "Tester",
  "senderEmail": "e2e.alpha.20260516222643-wihrmy@springbank.test",
  "receiverEmail": null,
  "receiverName": "E2EBeta",
  "receiverSurname": "Tester",
  "senderUserId": "9be57278-0a67-453d-86da-472faf6f68ad",
  "senderIban": "TR05178718IYJSIY49GSSPIXJS",
  "receiverUserId": null,
  "receiverIban": "TR6371358TXS77DKKIKDJIBKAD",
  "money": 1000,
  "transactionType": "TRANSFER",
  "description": "E2E transfer 20260516222643-wihrmy",
  "status": "CREATED",
  "statusDescription": "İşleminiz alındı",
  "error": false,
  "errorDescription": null,
  "isMoneyBlocked": false,
  "userValidation": false,
  "localDateTime": "2026-05-16T19:30:20.027550463",
  "senderTransactionHistory": null,
  "receiverTransactionHistory": [
    {
      "id": "15dbc8db-d56a-4f51-a6b6-197a23d51895",
      "eventId": "1b2c95e8-70d6-49fa-a9bc-074537f28509",
      "receiverName": "E2EBeta",
      "senderName": "E2EAlpha",
      "senderSurname": "Tester",
      "senderEmail": "e2e.alpha.20260516222643-wihrmy@springbank.test",
      "receiverEmail": null,
      "receiverSurname": "Tester",
      "senderUserId": "9be57278-0a67-453d-86da-472faf6f68ad",
      "receiverUserId": null,
      "senderIban": "TR05178718IYJSIY49GSSPIXJS",
      "receiverIban": "TR6371358TXS77DKKIKDJIBKAD",
      "money": 1000,
      "transactionType": "TRANSFER",
      "description": "E2E transfer 20260516222643-wihrmy",
      "localDateTime": "2026-05-16T19:30:20.027859426",
      "error": false,
      "errorDescription": null,
      "userValidation": false,
      "isMoneyBlocked": false,
      "status": "CREATED",
      "statusDescription": "İşleminiz alındı",
      "transferStatus": "CREATED",
      "tokenDetails": {
        "subject": "9be57278-0a67-453d-86da-472faf6f68ad",
        "preferredUsername": "e2e.alpha.20260516222643-wihrmy@springbank.test",
        "email": "e2e.alpha.20260516222643-wihrmy@springbank.test",
        "givenName": "E2EAlpha",
        "familyName": "Tester",
        "issuer": "http://keycloak:8080/realms/banking",
        "audienceJson": "\"account\"",
        "realmRoles": [
          "default-roles-banking",
          "offline_access",
          "uma_authorization",
          "USER"
        ],
        "headerJson": "{\"alg\":\"RS256\",\"typ\":\"JWT\",\"kid\":\"cXlYeegMcMa86uJVoCw83izxuVT_p7mjWVvIvYty2g0\"}",
        "claimsJson": "{\"exp\":1778959942,\"iat\":1778959642,\"jti\":\"ad97fd01-1f3f-4335-8e76-a27ae6177fd0\",\"iss\":\"http://keycloak:8080/realms/banking\",\"aud\":\"account\",\"sub\":\"9be57278-0a67-453d-86da-472faf6f68ad\",\"typ\":\"Bearer\",\"azp\":\"banking-app\",\"session_state\":\"18a51659-f24d-479f-bbe3-d3302faaf9ed\",\"acr\":\"1\",\"allowed-origins\":[\"*\"],\"realm_access\":{\"roles\":[\"default-roles-banking\",\"offline_access\",\"uma_authorization\",\"USER\"]},\"resource_access\":{\"account\":{\"roles\":[\"manage-account\",\"manage-account-links\",\"view-profile\"]}},\"scope\":\"email profile\",\"sid\":\"18a51659-f24d-479f-bbe3-d3302faaf9ed\",\"email_verified\":true,\"name\":\"E2EAlpha Tester\",\"preferred_username\":\"e2e.alpha.20260516222643-wihrmy@springbank.test\",\"given_name\":\"E2EAlpha\",\"family_name\":\"Tester\",\"email\":\"e2e.alpha.20260516222643-wihrmy@springbank.test\"}",
        "issuedAt": "1778959642",
        "expiresAt": "1778959942",
        "jwtId": "ad97fd01-1f3f-4335-8e76-a27ae6177fd0",
        "tokenType": "Bearer",
        "sessionState": "18a51659-f24d-479f-bbe3-d3302faaf9ed",
        "scope": "email profile"
      }
    }
  ],
  "tokenDetails": {
    "subject": "9be57278-0a67-453d-86da-472faf6f68ad",
    "preferredUsername": "e2e.alpha.20260516222643-wihrmy@springbank.test",
    "email": "e2e.alpha.20260516222643-wihrmy@springbank.test",
    "givenName": "E2EAlpha",
    "familyName": "Tester",
    "issuer": "http://keycloak:8080/realms/banking",
    "audienceJson": "\"account\"",
    "realmRoles": [
      "default-roles-banking",
      "offline_access",
      "uma_authorization",
      "USER"
    ],
    "headerJson": "{\"alg\":\"RS256\",\"typ\":\"JWT\",\"kid\":\"cXlYeegMcMa86uJVoCw83izxuVT_p7mjWVvIvYty2g0\"}",
    "claimsJson": "{\"exp\":1778959942,\"iat\":1778959642,\"jti\":\"ad97fd01-1f3f-4335-8e76-a27ae6177fd0\",\"iss\":\"http://keycloak:8080/realms/banking\",\"aud\":\"account\",\"sub\":\"9be57278-0a67-453d-86da-472faf6f68ad\",\"typ\":\"Bearer\",\"azp\":\"banking-app\",\"session_state\":\"18a51659-f24d-479f-bbe3-d3302faaf9ed\",\"acr\":\"1\",\"allowed-origins\":[\"*\"],\"realm_access\":{\"roles\":[\"default-roles-banking\",\"offline_access\",\"uma_authorization\",\"USER\"]},\"resource_access\":{\"account\":{\"roles\":[\"manage-account\",\"manage-account-links\",\"view-profile\"]}},\"scope\":\"email profile\",\"sid\":\"18a51659-f24d-479f-bbe3-d3302faaf9ed\",\"email_verified\":true,\"name\":\"E2EAlpha Tester\",\"preferred_username\":\"e2e.alpha.20260516222643-wihrmy@springbank.test\",\"given_name\":\"E2EAlpha\",\"family_name\":\"Tester\",\"email\":\"e2e.alpha.20260516222643-wihrmy@springbank.test\"}",
    "issuedAt": "1778959642",
    "expiresAt": "1778959942",
    "jwtId": "ad97fd01-1f3f-4335-8e76-a27ae6177fd0",
    "tokenType": "Bearer",
    "sessionState": "18a51659-f24d-479f-bbe3-d3302faaf9ed",
    "scope": "email profile"
  }
}
INFO  --- [transaction-service] :  (19:30) > KafkaListenerService | listenAllTransactionTopics -> Metoda veri geldi. RawData:
{"eventUUID":"1b2c95e8-70d6-49fa-a9bc-074537f28509","keycloakUserUUID":"9be57278-0a67-453d-86da-472faf6f68ad","senderName":"E2EAlpha","senderSurname":"Tester","senderEmail":"e2e.alpha.20260516222643-wihrmy@springbank.test","receiverEmail":null,"receiverName":"E2EBeta","receiverSurname":"Tester","senderUserId":"9be57278-0a67-453d-86da-472faf6f68ad","senderIban":"TR05178718IYJSIY49GSSPIXJS","receiverUserId":"3c551fd5-a8d0-465a-a55a-89801e4234dd","receiverIban":"TR6371358TXS77DKKIKDJIBKAD","money":1000,"transactionType":"TRANSFER","description":"E2E transfer 20260516222643-wihrmy","status":"BLOCK_MONEY","statusDescription":"Tutar rezerve edildi","error":false,"errorDescription":null,"isMoneyBlocked":true,"userValidation":false,"localDateTime":"2026-05-16T19:30:20.027550463","senderTransactionHistory":null,"receiverTransactionHistory":[{"id":"15dbc8db-d56a-4f51-a6b6-197a23d51895","eventId":"1b2c95e8-70d6-49fa-a9bc-074537f28509","receiverName":"E2EBeta","senderName":"E2EAlpha","senderSurname":"Tester","senderEmail":"e2e.alpha.20260516222643-wihrmy@springbank.test","receiverEmail":null,"receiverSurname":"Tester","senderUserId":"9be57278-0a67-453d-86da-472faf6f68ad","receiverUserId":null,"senderIban":"TR05178718IYJSIY49GSSPIXJS","receiverIban":"TR6371358TXS77DKKIKDJIBKAD","money":1000,"transactionType":"TRANSFER","description":"E2E transfer 20260516222643-wihrmy","localDateTime":"2026-05-16T19:30:20.027859426","error":false,"errorDescription":null,"userValidation":false,"status":"CREATED","tokenDetails":{"subject":"9be57278-0a67-453d-86da-472faf6f68ad","preferredUsername":"e2e.alpha.20260516222643-wihrmy@springbank.test","email":"e2e.alpha.20260516222643-wihrmy@springbank.test","givenName":"E2EAlpha","familyName":"Tester","issuer":"http://keycloak:8080/realms/banking","audienceJson":"\"account\"","realmRoles":["default-roles-banking","offline_access","uma_authorization","USER"],"headerJson":"{\"alg\":\"RS256\",\"typ\":\"JWT\",\"kid\":\"cXlYeegMcMa86uJVoCw83izxuVT_p7mjWVvIvYty2g0\"}","claimsJson":"{\"exp\":1778959942,\"iat\":1778959642,\"jti\":\"ad97fd01-1f3f-4335-8e76-a27ae6177fd0\",\"iss\":\"http://keycloak:8080/realms/banking\",\"aud\":\"account\",\"sub\":\"9be57278-0a67-453d-86da-472faf6f68ad\",\"typ\":\"Bearer\",\"azp\":\"banking-app\",\"session_state\":\"18a51659-f24d-479f-bbe3-d3302faaf9ed\",\"acr\":\"1\",\"allowed-origins\":[\"*\"],\"realm_access\":{\"roles\":[\"default-roles-banking\",\"offline_access\",\"uma_authorization\",\"USER\"]},\"resource_access\":{\"account\":{\"roles\":[\"manage-account\",\"manage-account-links\",\"view-profile\"]}},\"scope\":\"email profile\",\"sid\":\"18a51659-f24d-479f-bbe3-d3302faaf9ed\",\"email_verified\":true,\"name\":\"E2EAlpha Tester\",\"preferred_username\":\"e2e.alpha.20260516222643-wihrmy@springbank.test\",\"given_name\":\"E2EAlpha\",\"family_name\":\"Tester\",\"email\":\"e2e.alpha.20260516222643-wihrmy@springbank.test\"}","issuedAt":"1778959642","expiresAt":"1778959942","jwtId":"ad97fd01-1f3f-4335-8e76-a27ae6177fd0","tokenType":"Bearer","sessionState":"18a51659-f24d-479f-bbe3-d3302faaf9ed","scope":"email profile"}}],"tokenDetails":{"subject":"9be57278-0a67-453d-86da-472faf6f68ad","preferredUsername":"e2e.alpha.20260516222643-wihrmy@springbank.test","email":"e2e.alpha.20260516222643-wihrmy@springbank.test","givenName":"E2EAlpha","familyName":"Tester","issuer":"http://keycloak:8080/realms/banking","audienceJson":"\"account\"","realmRoles":["default-roles-banking","offline_access","uma_authorization","USER"],"headerJson":"{\"alg\":\"RS256\",\"typ\":\"JWT\",\"kid\":\"cXlYeegMcMa86uJVoCw83izxuVT_p7mjWVvIvYty2g0\"}","claimsJson":"{\"exp\":1778959942,\"iat\":1778959642,\"jti\":\"ad97fd01-1f3f-4335-8e76-a27ae6177fd0\",\"iss\":\"http://keycloak:8080/realms/banking\",\"aud\":\"account\",\"sub\":\"9be57278-0a67-453d-86da-472faf6f68ad\",\"typ\":\"Bearer\",\"azp\":\"banking-app\",\"session_state\":\"18a51659-f24d-479f-bbe3-d3302faaf9ed\",\"acr\":\"1\",\"allowed-origins\":[\"*\"],\"realm_access\":{\"roles\":[\"default-roles-banking\",\"offline_access\",\"uma_authorization\",\"USER\"]},\"resource_access\":{\"account\":{\"roles\":[\"manage-account\",\"manage-account-links\",\"view-profile\"]}},\"scope\":\"email profile\",\"sid\":\"18a51659-f24d-479f-bbe3-d3302faaf9ed\",\"email_verified\":true,\"name\":\"E2EAlpha Tester\",\"preferred_username\":\"e2e.alpha.20260516222643-wihrmy@springbank.test\",\"given_name\":\"E2EAlpha\",\"family_name\":\"Tester\",\"email\":\"e2e.alpha.20260516222643-wihrmy@springbank.test\"}","issuedAt":"1778959642","expiresAt":"1778959942","jwtId":"ad97fd01-1f3f-4335-8e76-a27ae6177fd0","tokenType":"Bearer","sessionState":"18a51659-f24d-479f-bbe3-d3302faaf9ed","scope":"email profile"}}
INFO  --- [transaction-service] :  (19:30) > KafkaListenerService | listenAllTransactionTopics -> event: 1b2c95e8-70d6-49fa-a9bc-074537f28509 status: BLOCK_MONEY, Dto:
{
  "eventUUID": "1b2c95e8-70d6-49fa-a9bc-074537f28509",
  "keycloakUserUUID": "9be57278-0a67-453d-86da-472faf6f68ad",
  "senderName": "E2EAlpha",
  "senderSurname": "Tester",
  "senderEmail": "e2e.alpha.20260516222643-wihrmy@springbank.test",
  "receiverEmail": null,
  "receiverName": "E2EBeta",
  "receiverSurname": "Tester",
  "senderUserId": "9be57278-0a67-453d-86da-472faf6f68ad",
  "senderIban": "TR05178718IYJSIY49GSSPIXJS",
  "receiverUserId": "3c551fd5-a8d0-465a-a55a-89801e4234dd",
  "receiverIban": "TR6371358TXS77DKKIKDJIBKAD",
  "money": 1000,
  "transactionType": "TRANSFER",
  "description": "E2E transfer 20260516222643-wihrmy",
  "status": "BLOCK_MONEY",
  "statusDescription": "Tutar rezerve edildi",
  "error": false,
  "errorDescription": null,
  "isMoneyBlocked": true,
  "userValidation": false,
  "localDateTime": "2026-05-16T19:30:20.027550463",
  "senderTransactionHistory": null,
  "receiverTransactionHistory": [
    {
      "id": "15dbc8db-d56a-4f51-a6b6-197a23d51895",
      "eventId": "1b2c95e8-70d6-49fa-a9bc-074537f28509",
      "receiverName": "E2EBeta",
      "senderName": "E2EAlpha",
      "senderSurname": "Tester",
      "senderEmail": "e2e.alpha.20260516222643-wihrmy@springbank.test",
      "receiverEmail": null,
      "receiverSurname": "Tester",
      "senderUserId": "9be57278-0a67-453d-86da-472faf6f68ad",
      "receiverUserId": null,
      "senderIban": "TR05178718IYJSIY49GSSPIXJS",
      "receiverIban": "TR6371358TXS77DKKIKDJIBKAD",
      "money": 1000,
      "transactionType": "TRANSFER",
      "description": "E2E transfer 20260516222643-wihrmy",
      "localDateTime": "2026-05-16T19:30:20.027859426",
      "error": false,
      "errorDescription": null,
      "userValidation": false,
      "isMoneyBlocked": false,
      "status": "CREATED",
      "statusDescription": "İşleminiz alındı",
      "transferStatus": "CREATED",
      "tokenDetails": {
        "subject": "9be57278-0a67-453d-86da-472faf6f68ad",
        "preferredUsername": "e2e.alpha.20260516222643-wihrmy@springbank.test",
        "email": "e2e.alpha.20260516222643-wihrmy@springbank.test",
        "givenName": "E2EAlpha",
        "familyName": "Tester",
        "issuer": "http://keycloak:8080/realms/banking",
        "audienceJson": "\"account\"",
        "realmRoles": [
          "default-roles-banking",
          "offline_access",
          "uma_authorization",
          "USER"
        ],
        "headerJson": "{\"alg\":\"RS256\",\"typ\":\"JWT\",\"kid\":\"cXlYeegMcMa86uJVoCw83izxuVT_p7mjWVvIvYty2g0\"}",
        "claimsJson": "{\"exp\":1778959942,\"iat\":1778959642,\"jti\":\"ad97fd01-1f3f-4335-8e76-a27ae6177fd0\",\"iss\":\"http://keycloak:8080/realms/banking\",\"aud\":\"account\",\"sub\":\"9be57278-0a67-453d-86da-472faf6f68ad\",\"typ\":\"Bearer\",\"azp\":\"banking-app\",\"session_state\":\"18a51659-f24d-479f-bbe3-d3302faaf9ed\",\"acr\":\"1\",\"allowed-origins\":[\"*\"],\"realm_access\":{\"roles\":[\"default-roles-banking\",\"offline_access\",\"uma_authorization\",\"USER\"]},\"resource_access\":{\"account\":{\"roles\":[\"manage-account\",\"manage-account-links\",\"view-profile\"]}},\"scope\":\"email profile\",\"sid\":\"18a51659-f24d-479f-bbe3-d3302faaf9ed\",\"email_verified\":true,\"name\":\"E2EAlpha Tester\",\"preferred_username\":\"e2e.alpha.20260516222643-wihrmy@springbank.test\",\"given_name\":\"E2EAlpha\",\"family_name\":\"Tester\",\"email\":\"e2e.alpha.20260516222643-wihrmy@springbank.test\"}",
        "issuedAt": "1778959642",
        "expiresAt": "1778959942",
        "jwtId": "ad97fd01-1f3f-4335-8e76-a27ae6177fd0",
        "tokenType": "Bearer",
        "sessionState": "18a51659-f24d-479f-bbe3-d3302faaf9ed",
        "scope": "email profile"
      }
    }
  ],
  "tokenDetails": {
    "subject": "9be57278-0a67-453d-86da-472faf6f68ad",
    "preferredUsername": "e2e.alpha.20260516222643-wihrmy@springbank.test",
    "email": "e2e.alpha.20260516222643-wihrmy@springbank.test",
    "givenName": "E2EAlpha",
    "familyName": "Tester",
    "issuer": "http://keycloak:8080/realms/banking",
    "audienceJson": "\"account\"",
    "realmRoles": [
      "default-roles-banking",
      "offline_access",
      "uma_authorization",
      "USER"
    ],
    "headerJson": "{\"alg\":\"RS256\",\"typ\":\"JWT\",\"kid\":\"cXlYeegMcMa86uJVoCw83izxuVT_p7mjWVvIvYty2g0\"}",
    "claimsJson": "{\"exp\":1778959942,\"iat\":1778959642,\"jti\":\"ad97fd01-1f3f-4335-8e76-a27ae6177fd0\",\"iss\":\"http://keycloak:8080/realms/banking\",\"aud\":\"account\",\"sub\":\"9be57278-0a67-453d-86da-472faf6f68ad\",\"typ\":\"Bearer\",\"azp\":\"banking-app\",\"session_state\":\"18a51659-f24d-479f-bbe3-d3302faaf9ed\",\"acr\":\"1\",\"allowed-origins\":[\"*\"],\"realm_access\":{\"roles\":[\"default-roles-banking\",\"offline_access\",\"uma_authorization\",\"USER\"]},\"resource_access\":{\"account\":{\"roles\":[\"manage-account\",\"manage-account-links\",\"view-profile\"]}},\"scope\":\"email profile\",\"sid\":\"18a51659-f24d-479f-bbe3-d3302faaf9ed\",\"email_verified\":true,\"name\":\"E2EAlpha Tester\",\"preferred_username\":\"e2e.alpha.20260516222643-wihrmy@springbank.test\",\"given_name\":\"E2EAlpha\",\"family_name\":\"Tester\",\"email\":\"e2e.alpha.20260516222643-wihrmy@springbank.test\"}",
    "issuedAt": "1778959642",
    "expiresAt": "1778959942",
    "jwtId": "ad97fd01-1f3f-4335-8e76-a27ae6177fd0",
    "tokenType": "Bearer",
    "sessionState": "18a51659-f24d-479f-bbe3-d3302faaf9ed",
    "scope": "email profile"
  }
}
INFO  --- [transaction-service] :  (19:30) > KafkaListenerService | listenAllTransactionTopics -> Metoda veri geldi. RawData:
{"eventUUID":"1b2c95e8-70d6-49fa-a9bc-074537f28509","keycloakUserUUID":"9be57278-0a67-453d-86da-472faf6f68ad","senderName":"E2EAlpha","senderSurname":"Tester","senderEmail":"e2e.alpha.20260516222643-wihrmy@springbank.test","receiverEmail":null,"receiverName":"E2EBeta","receiverSurname":"Tester","senderUserId":"9be57278-0a67-453d-86da-472faf6f68ad","senderIban":"TR05178718IYJSIY49GSSPIXJS","receiverUserId":"3c551fd5-a8d0-465a-a55a-89801e4234dd","receiverIban":"TR6371358TXS77DKKIKDJIBKAD","money":1000,"transactionType":"TRANSFER","description":"E2E transfer 20260516222643-wihrmy","status":"BLOCK_MONEY","statusDescription":"Tutar rezerve edildi","error":false,"errorDescription":null,"isMoneyBlocked":true,"userValidation":false,"localDateTime":"2026-05-16T19:30:20.027550463","senderTransactionHistory":null,"receiverTransactionHistory":[{"id":"15dbc8db-d56a-4f51-a6b6-197a23d51895","eventId":"1b2c95e8-70d6-49fa-a9bc-074537f28509","receiverName":"E2EBeta","senderName":"E2EAlpha","senderSurname":"Tester","senderEmail":"e2e.alpha.20260516222643-wihrmy@springbank.test","receiverEmail":null,"receiverSurname":"Tester","senderUserId":"9be57278-0a67-453d-86da-472faf6f68ad","receiverUserId":null,"senderIban":"TR05178718IYJSIY49GSSPIXJS","receiverIban":"TR6371358TXS77DKKIKDJIBKAD","money":1000,"transactionType":"TRANSFER","description":"E2E transfer 20260516222643-wihrmy","localDateTime":"2026-05-16T19:30:20.027859426","error":false,"errorDescription":null,"userValidation":false,"status":"CREATED","tokenDetails":{"subject":"9be57278-0a67-453d-86da-472faf6f68ad","preferredUsername":"e2e.alpha.20260516222643-wihrmy@springbank.test","email":"e2e.alpha.20260516222643-wihrmy@springbank.test","givenName":"E2EAlpha","familyName":"Tester","issuer":"http://keycloak:8080/realms/banking","audienceJson":"\"account\"","realmRoles":["default-roles-banking","offline_access","uma_authorization","USER"],"headerJson":"{\"alg\":\"RS256\",\"typ\":\"JWT\",\"kid\":\"cXlYeegMcMa86uJVoCw83izxuVT_p7mjWVvIvYty2g0\"}","claimsJson":"{\"exp\":1778959942,\"iat\":1778959642,\"jti\":\"ad97fd01-1f3f-4335-8e76-a27ae6177fd0\",\"iss\":\"http://keycloak:8080/realms/banking\",\"aud\":\"account\",\"sub\":\"9be57278-0a67-453d-86da-472faf6f68ad\",\"typ\":\"Bearer\",\"azp\":\"banking-app\",\"session_state\":\"18a51659-f24d-479f-bbe3-d3302faaf9ed\",\"acr\":\"1\",\"allowed-origins\":[\"*\"],\"realm_access\":{\"roles\":[\"default-roles-banking\",\"offline_access\",\"uma_authorization\",\"USER\"]},\"resource_access\":{\"account\":{\"roles\":[\"manage-account\",\"manage-account-links\",\"view-profile\"]}},\"scope\":\"email profile\",\"sid\":\"18a51659-f24d-479f-bbe3-d3302faaf9ed\",\"email_verified\":true,\"name\":\"E2EAlpha Tester\",\"preferred_username\":\"e2e.alpha.20260516222643-wihrmy@springbank.test\",\"given_name\":\"E2EAlpha\",\"family_name\":\"Tester\",\"email\":\"e2e.alpha.20260516222643-wihrmy@springbank.test\"}","issuedAt":"1778959642","expiresAt":"1778959942","jwtId":"ad97fd01-1f3f-4335-8e76-a27ae6177fd0","tokenType":"Bearer","sessionState":"18a51659-f24d-479f-bbe3-d3302faaf9ed","scope":"email profile"}}],"tokenDetails":{"subject":"9be57278-0a67-453d-86da-472faf6f68ad","preferredUsername":"e2e.alpha.20260516222643-wihrmy@springbank.test","email":"e2e.alpha.20260516222643-wihrmy@springbank.test","givenName":"E2EAlpha","familyName":"Tester","issuer":"http://keycloak:8080/realms/banking","audienceJson":"\"account\"","realmRoles":["default-roles-banking","offline_access","uma_authorization","USER"],"headerJson":"{\"alg\":\"RS256\",\"typ\":\"JWT\",\"kid\":\"cXlYeegMcMa86uJVoCw83izxuVT_p7mjWVvIvYty2g0\"}","claimsJson":"{\"exp\":1778959942,\"iat\":1778959642,\"jti\":\"ad97fd01-1f3f-4335-8e76-a27ae6177fd0\",\"iss\":\"http://keycloak:8080/realms/banking\",\"aud\":\"account\",\"sub\":\"9be57278-0a67-453d-86da-472faf6f68ad\",\"typ\":\"Bearer\",\"azp\":\"banking-app\",\"session_state\":\"18a51659-f24d-479f-bbe3-d3302faaf9ed\",\"acr\":\"1\",\"allowed-origins\":[\"*\"],\"realm_access\":{\"roles\":[\"default-roles-banking\",\"offline_access\",\"uma_authorization\",\"USER\"]},\"resource_access\":{\"account\":{\"roles\":[\"manage-account\",\"manage-account-links\",\"view-profile\"]}},\"scope\":\"email profile\",\"sid\":\"18a51659-f24d-479f-bbe3-d3302faaf9ed\",\"email_verified\":true,\"name\":\"E2EAlpha Tester\",\"preferred_username\":\"e2e.alpha.20260516222643-wihrmy@springbank.test\",\"given_name\":\"E2EAlpha\",\"family_name\":\"Tester\",\"email\":\"e2e.alpha.20260516222643-wihrmy@springbank.test\"}","issuedAt":"1778959642","expiresAt":"1778959942","jwtId":"ad97fd01-1f3f-4335-8e76-a27ae6177fd0","tokenType":"Bearer","sessionState":"18a51659-f24d-479f-bbe3-d3302faaf9ed","scope":"email profile"}}
INFO  --- [transaction-service] :  (19:30) > KafkaListenerService | listenAllTransactionTopics -> event: 1b2c95e8-70d6-49fa-a9bc-074537f28509 status: BLOCK_MONEY, Dto:
{
  "eventUUID": "1b2c95e8-70d6-49fa-a9bc-074537f28509",
  "keycloakUserUUID": "9be57278-0a67-453d-86da-472faf6f68ad",
  "senderName": "E2EAlpha",
  "senderSurname": "Tester",
  "senderEmail": "e2e.alpha.20260516222643-wihrmy@springbank.test",
  "receiverEmail": null,
  "receiverName": "E2EBeta",
  "receiverSurname": "Tester",
  "senderUserId": "9be57278-0a67-453d-86da-472faf6f68ad",
  "senderIban": "TR05178718IYJSIY49GSSPIXJS",
  "receiverUserId": "3c551fd5-a8d0-465a-a55a-89801e4234dd",
  "receiverIban": "TR6371358TXS77DKKIKDJIBKAD",
  "money": 1000,
  "transactionType": "TRANSFER",
  "description": "E2E transfer 20260516222643-wihrmy",
  "status": "BLOCK_MONEY",
  "statusDescription": "Tutar rezerve edildi",
  "error": false,
  "errorDescription": null,
  "isMoneyBlocked": true,
  "userValidation": false,
  "localDateTime": "2026-05-16T19:30:20.027550463",
  "senderTransactionHistory": null,
  "receiverTransactionHistory": [
    {
      "id": "15dbc8db-d56a-4f51-a6b6-197a23d51895",
      "eventId": "1b2c95e8-70d6-49fa-a9bc-074537f28509",
      "receiverName": "E2EBeta",
      "senderName": "E2EAlpha",
      "senderSurname": "Tester",
      "senderEmail": "e2e.alpha.20260516222643-wihrmy@springbank.test",
      "receiverEmail": null,
      "receiverSurname": "Tester",
      "senderUserId": "9be57278-0a67-453d-86da-472faf6f68ad",
      "receiverUserId": null,
      "senderIban": "TR05178718IYJSIY49GSSPIXJS",
      "receiverIban": "TR6371358TXS77DKKIKDJIBKAD",
      "money": 1000,
      "transactionType": "TRANSFER",
      "description": "E2E transfer 20260516222643-wihrmy",
      "localDateTime": "2026-05-16T19:30:20.027859426",
      "error": false,
      "errorDescription": null,
      "userValidation": false,
      "isMoneyBlocked": false,
      "status": "CREATED",
      "statusDescription": "İşleminiz alındı",
      "transferStatus": "CREATED",
      "tokenDetails": {
        "subject": "9be57278-0a67-453d-86da-472faf6f68ad",
        "preferredUsername": "e2e.alpha.20260516222643-wihrmy@springbank.test",
        "email": "e2e.alpha.20260516222643-wihrmy@springbank.test",
        "givenName": "E2EAlpha",
        "familyName": "Tester",
        "issuer": "http://keycloak:8080/realms/banking",
        "audienceJson": "\"account\"",
        "realmRoles": [
          "default-roles-banking",
          "offline_access",
          "uma_authorization",
          "USER"
        ],
        "headerJson": "{\"alg\":\"RS256\",\"typ\":\"JWT\",\"kid\":\"cXlYeegMcMa86uJVoCw83izxuVT_p7mjWVvIvYty2g0\"}",
        "claimsJson": "{\"exp\":1778959942,\"iat\":1778959642,\"jti\":\"ad97fd01-1f3f-4335-8e76-a27ae6177fd0\",\"iss\":\"http://keycloak:8080/realms/banking\",\"aud\":\"account\",\"sub\":\"9be57278-0a67-453d-86da-472faf6f68ad\",\"typ\":\"Bearer\",\"azp\":\"banking-app\",\"session_state\":\"18a51659-f24d-479f-bbe3-d3302faaf9ed\",\"acr\":\"1\",\"allowed-origins\":[\"*\"],\"realm_access\":{\"roles\":[\"default-roles-banking\",\"offline_access\",\"uma_authorization\",\"USER\"]},\"resource_access\":{\"account\":{\"roles\":[\"manage-account\",\"manage-account-links\",\"view-profile\"]}},\"scope\":\"email profile\",\"sid\":\"18a51659-f24d-479f-bbe3-d3302faaf9ed\",\"email_verified\":true,\"name\":\"E2EAlpha Tester\",\"preferred_username\":\"e2e.alpha.20260516222643-wihrmy@springbank.test\",\"given_name\":\"E2EAlpha\",\"family_name\":\"Tester\",\"email\":\"e2e.alpha.20260516222643-wihrmy@springbank.test\"}",
        "issuedAt": "1778959642",
        "expiresAt": "1778959942",
        "jwtId": "ad97fd01-1f3f-4335-8e76-a27ae6177fd0",
        "tokenType": "Bearer",
        "sessionState": "18a51659-f24d-479f-bbe3-d3302faaf9ed",
        "scope": "email profile"
      }
    }
  ],
  "tokenDetails": {
    "subject": "9be57278-0a67-453d-86da-472faf6f68ad",
    "preferredUsername": "e2e.alpha.20260516222643-wihrmy@springbank.test",
    "email": "e2e.alpha.20260516222643-wihrmy@springbank.test",
    "givenName": "E2EAlpha",
    "familyName": "Tester",
    "issuer": "http://keycloak:8080/realms/banking",
    "audienceJson": "\"account\"",
    "realmRoles": [
      "default-roles-banking",
      "offline_access",
      "uma_authorization",
      "USER"
    ],
    "headerJson": "{\"alg\":\"RS256\",\"typ\":\"JWT\",\"kid\":\"cXlYeegMcMa86uJVoCw83izxuVT_p7mjWVvIvYty2g0\"}",
    "claimsJson": "{\"exp\":1778959942,\"iat\":1778959642,\"jti\":\"ad97fd01-1f3f-4335-8e76-a27ae6177fd0\",\"iss\":\"http://keycloak:8080/realms/banking\",\"aud\":\"account\",\"sub\":\"9be57278-0a67-453d-86da-472faf6f68ad\",\"typ\":\"Bearer\",\"azp\":\"banking-app\",\"session_state\":\"18a51659-f24d-479f-bbe3-d3302faaf9ed\",\"acr\":\"1\",\"allowed-origins\":[\"*\"],\"realm_access\":{\"roles\":[\"default-roles-banking\",\"offline_access\",\"uma_authorization\",\"USER\"]},\"resource_access\":{\"account\":{\"roles\":[\"manage-account\",\"manage-account-links\",\"view-profile\"]}},\"scope\":\"email profile\",\"sid\":\"18a51659-f24d-479f-bbe3-d3302faaf9ed\",\"email_verified\":true,\"name\":\"E2EAlpha Tester\",\"preferred_username\":\"e2e.alpha.20260516222643-wihrmy@springbank.test\",\"given_name\":\"E2EAlpha\",\"family_name\":\"Tester\",\"email\":\"e2e.alpha.20260516222643-wihrmy@springbank.test\"}",
    "issuedAt": "1778959642",
    "expiresAt": "1778959942",
    "jwtId": "ad97fd01-1f3f-4335-8e76-a27ae6177fd0",
    "tokenType": "Bearer",
    "sessionState": "18a51659-f24d-479f-bbe3-d3302faaf9ed",
    "scope": "email profile"
  }
}
INFO  --- [transaction-service] :  (19:32) > TransactionController | getTransactionsByDateRange -> Istek alindi. StartDate : 2026-05-15T22:32:54, EndDate : 2026-05-17T22:32:54
INFO  --- [transaction-service] :  (19:32) > TransactionService | getTransactionsByDateRange -> methoduna istek geldi startDate 2026-05-15T22:32:54 endDate 2026-05-17T22:32:54
