  "receiverSurname": null,
  "senderUserId": "75cdda7c-9be6-4b07-8414-94c420545f02",
  "senderIban": null,
  "receiverUserId": null,
  "receiverIban": null,
  "money": null,
  "transactionType": "TRANSFER",
  "description": null,
  "status": "CREATED",
  "statusDescription": "Ýþleminiz alýndý",
  "error": false,
  "errorDescription": null,
  "isMoneyBlocked": false,
  "userValidation": false,
  "localDateTime": "2026-05-16T20:01:22.523450329",
  "senderTransactionHistory": null,
  "receiverTransactionHistory": null,
  "tokenDetails": null
}
INFO  --- [money-service] :  (20:01) > KafkaSender | sendCreateUserSuccess -> Kafkaya user success mesaji gonderildi. Key: 75cdda7c-9be6-4b07-8414-94c420545f02, Dto: 
{
  "eventUUID": "75cdda7c-9be6-4b07-8414-94c420545f02",
  "keycloakUserUUID": "75cdda7c-9be6-4b07-8414-94c420545f02",
  "senderName": null,
  "senderSurname": null,
  "senderEmail": null,
  "receiverEmail": null,
  "receiverName": null,
  "receiverSurname": null,
  "senderUserId": "75cdda7c-9be6-4b07-8414-94c420545f02",
  "senderIban": null,
  "receiverUserId": null,
  "receiverIban": null,
  "money": null,
  "transactionType": "TRANSFER",
  "description": null,
  "status": "CREATED",
  "statusDescription": "Ýþleminiz alýndý",
  "error": false,
  "errorDescription": null,
  "isMoneyBlocked": false,
  "userValidation": false,
  "localDateTime": "2026-05-16T20:01:22.523450329",
  "senderTransactionHistory": null,
  "receiverTransactionHistory": null,
  "tokenDetails": null
}
INFO  --- [money-service] :  (20:01) > KafkaListenerService | listenCreateUserTopic -> Metoda veri geldi. RawData: "54b9b93c-87f2-4c92-8c65-462c9005dcf3"
INFO  --- [money-service] :  (20:01) > IdempotencyGuard | isDuplicateOrRegister -> EventUUID kaydedildi. EventUUID: 54b9b93c-87f2-4c92-8c65-462c9005dcf3, EventType: USER_CREATE
INFO  --- [money-service] :  (20:01) > UserMoneyService | generateUser -> generateUser istegi alindi. UserId: 54b9b93c-87f2-4c92-8c65-462c9005dcf3
INFO  --- [money-service] :  (20:01) > UserMoneyService | generateUser -> Kullanici UserMoney servisine kaydedildi. UserMoney(id=4be4c109-0af8-4483-83d1-de8c01cd0f31, userId=54b9b93c-87f2-4c92-8c65-462c9005dcf3, keycloakUserUUID=54b9b93c-87f2-4c92-8c65-462c9005dcf3, userIban=TR2298160MYNKEYCF5Z2BDBE4G, money=0.00, blockedMoney=0.00)
INFO  --- [money-service] :  (20:01) > KafkaSender | sendCreateUserSuccess -> Kafkaya user success mesaji gonderilmek uzere alindi. Dto: 
{
  "eventUUID": "54b9b93c-87f2-4c92-8c65-462c9005dcf3",
  "keycloakUserUUID": "54b9b93c-87f2-4c92-8c65-462c9005dcf3",
  "senderName": null,
  "senderSurname": null,
  "senderEmail": null,
  "receiverEmail": null,
  "receiverName": null,
  "receiverSurname": null,
  "senderUserId": "54b9b93c-87f2-4c92-8c65-462c9005dcf3",
  "senderIban": null,
  "receiverUserId": null,
  "receiverIban": null,
  "money": null,
  "transactionType": "TRANSFER",
  "description": null,
  "status": "CREATED",
  "statusDescription": "Ýþleminiz alýndý",
  "error": false,
  "errorDescription": null,
  "isMoneyBlocked": false,
  "userValidation": false,
  "localDateTime": "2026-05-16T20:01:22.944719537",
  "senderTransactionHistory": null,
  "receiverTransactionHistory": null,
  "tokenDetails": null
}
INFO  --- [money-service] :  (20:01) > KafkaSender | sendCreateUserSuccess -> Kafkaya user success mesaji gonderildi. Key: 54b9b93c-87f2-4c92-8c65-462c9005dcf3, Dto: 
{
  "eventUUID": "54b9b93c-87f2-4c92-8c65-462c9005dcf3",
  "keycloakUserUUID": "54b9b93c-87f2-4c92-8c65-462c9005dcf3",
  "senderName": null,
  "senderSurname": null,
  "senderEmail": null,
  "receiverEmail": null,
  "receiverName": null,
  "receiverSurname": null,
  "senderUserId": "54b9b93c-87f2-4c92-8c65-462c9005dcf3",
  "senderIban": null,
  "receiverUserId": null,
  "receiverIban": null,
  "money": null,
  "transactionType": "TRANSFER",
  "description": null,
  "status": "CREATED",
  "statusDescription": "Ýþleminiz alýndý",
  "error": false,
  "errorDescription": null,
  "isMoneyBlocked": false,
  "userValidation": false,
  "localDateTime": "2026-05-16T20:01:22.944719537",
  "senderTransactionHistory": null,
  "receiverTransactionHistory": null,
  "tokenDetails": null
}
INFO  --- [money-service] :  (20:01) > KafkaListenerService | listenCreateUserTopic -> Metoda veri geldi. RawData: "ee151fc1-5118-4139-aec1-37189357b311"
INFO  --- [money-service] :  (20:01) > IdempotencyGuard | isDuplicateOrRegister -> EventUUID kaydedildi. EventUUID: ee151fc1-5118-4139-aec1-37189357b311, EventType: USER_CREATE
INFO  --- [money-service] :  (20:01) > UserMoneyService | generateUser -> generateUser istegi alindi. UserId: ee151fc1-5118-4139-aec1-37189357b311
INFO  --- [money-service] :  (20:01) > UserMoneyService | generateUser -> Kullanici UserMoney servisine kaydedildi. UserMoney(id=b55f3c26-5534-407a-9eaa-ecb83d21452f, userId=ee151fc1-5118-4139-aec1-37189357b311, keycloakUserUUID=ee151fc1-5118-4139-aec1-37189357b311, userIban=TR3494573L0R5NF0S4931N806F, money=0.00, blockedMoney=0.00)
INFO  --- [money-service] :  (20:01) > KafkaSender | sendCreateUserSuccess -> Kafkaya user success mesaji gonderilmek uzere alindi. Dto: 
{
  "eventUUID": "ee151fc1-5118-4139-aec1-37189357b311",
  "keycloakUserUUID": "ee151fc1-5118-4139-aec1-37189357b311",
  "senderName": null,
  "senderSurname": null,
  "senderEmail": null,
  "receiverEmail": null,
  "receiverName": null,
  "receiverSurname": null,
  "senderUserId": "ee151fc1-5118-4139-aec1-37189357b311",
  "senderIban": null,
  "receiverUserId": null,
  "receiverIban": null,
  "money": null,
  "transactionType": "TRANSFER",
  "description": null,
  "status": "CREATED",
  "statusDescription": "Ýþleminiz alýndý",
  "error": false,
  "errorDescription": null,
  "isMoneyBlocked": false,
  "userValidation": false,
  "localDateTime": "2026-05-16T20:01:57.262471668",
  "senderTransactionHistory": null,
  "receiverTransactionHistory": null,
  "tokenDetails": null
}
INFO  --- [money-service] :  (20:01) > KafkaSender | sendCreateUserSuccess -> Kafkaya user success mesaji gonderildi. Key: ee151fc1-5118-4139-aec1-37189357b311, Dto: 
{
  "eventUUID": "ee151fc1-5118-4139-aec1-37189357b311",
  "keycloakUserUUID": "ee151fc1-5118-4139-aec1-37189357b311",
  "senderName": null,
  "senderSurname": null,
  "senderEmail": null,
  "receiverEmail": null,
  "receiverName": null,
  "receiverSurname": null,
  "senderUserId": "ee151fc1-5118-4139-aec1-37189357b311",
  "senderIban": null,
  "receiverUserId": null,
  "receiverIban": null,
  "money": null,
  "transactionType": "TRANSFER",
  "description": null,
  "status": "CREATED",
  "statusDescription": "Ýþleminiz alýndý",
  "error": false,
  "errorDescription": null,
  "isMoneyBlocked": false,
  "userValidation": false,
  "localDateTime": "2026-05-16T20:01:57.262471668",
  "senderTransactionHistory": null,
  "receiverTransactionHistory": null,
  "tokenDetails": null
}
INFO  --- [money-service] :  (20:02) > MoneyController | userOlustur -> User Id Parametresi Headerdan geldi.
"75cdda7c-9be6-4b07-8414-94c420545f02"
INFO  --- [money-service] :  (20:02) > UserMoneyService | generateUser -> generateUser istegi alindi. UserId: 75cdda7c-9be6-4b07-8414-94c420545f02
INFO  --- [money-service] :  (20:02) > UserMoneyService | generateUser -> Kullanici icin money hesabi zaten var. UserId: 75cdda7c-9be6-4b07-8414-94c420545f02
INFO  --- [money-service] :  (20:02) > MoneyController | userOlustur -> User Id Parametresi Headerdan geldi.
"54b9b93c-87f2-4c92-8c65-462c9005dcf3"
INFO  --- [money-service] :  (20:02) > UserMoneyService | generateUser -> generateUser istegi alindi. UserId: 54b9b93c-87f2-4c92-8c65-462c9005dcf3
INFO  --- [money-service] :  (20:02) > UserMoneyService | generateUser -> Kullanici icin money hesabi zaten var. UserId: 54b9b93c-87f2-4c92-8c65-462c9005dcf3
INFO  --- [money-service] :  (20:02) > MoneyController | getBalanceAndIban -> Money Service MoneyController getBalanceAndIban Modulu Istegi aldi. id :
"54b9b93c-87f2-4c92-8c65-462c9005dcf3"
INFO  --- [money-service] :  (20:02) > AccountQueryService | getAccountByUserId -> Metoda veri geldi. UserId: 54b9b93c-87f2-4c92-8c65-462c9005dcf3
INFO  --- [money-service] :  (20:02) > MoneyController | getUserIbanWithUserId -> getUserIbanWithUserId istegi geldi. UserId:
"75cdda7c-9be6-4b07-8414-94c420545f02"
INFO  --- [money-service] :  (20:02) > AccountQueryService | getAccountByUserId -> Metoda veri geldi. UserId: 75cdda7c-9be6-4b07-8414-94c420545f02
INFO  --- [money-service] :  (20:03) > MoneyController | getBalanceAndIban -> Money Service MoneyController getBalanceAndIban Modulu Istegi aldi. id :
"75cdda7c-9be6-4b07-8414-94c420545f02"
INFO  --- [money-service] :  (20:03) > AccountQueryService | getAccountByUserId -> Metoda veri geldi. UserId: 75cdda7c-9be6-4b07-8414-94c420545f02
INFO  --- [money-service] :  (20:03) > KafkaListenerService | listenFraudCheckedTopic -> Metoda veri geldi. RawData: {"eventUUID":"b6f77671-af27-4cd2-b511-5fa631a53109","keycloakUserUUID":"75cdda7c-9be6-4b07-8414-94c420545f02","senderName":"E2EAlpha","senderSurname":"Tester","senderEmail":"e2e.alpha.20260516225945-ptcmv1@springbank.test","receiverEmail":"e2e.beta.20260516222010-lo96ej@springbank.test","receiverName":"E2EBeta","receiverSurname":"Tester","senderUserId":"75cdda7c-9be6-4b07-8414-94c420545f02","senderIban":"TR08614424XFUP320W7JZWFY5G","receiverUserId":"a0cdcc62-8a77-440b-8bdb-86fadb2c18f0","receiverIban":"TR2298160MYNKEYCF5Z2BDBE4G","money":1000,"transactionType":"TRANSFER","description":"E2E transfer 20260516225945-ptcmv1","status":"FRAUD_REVIEW","statusDescription":"Ýþleminiz inceleniyor","error":false,"errorDescription":null,"isMoneyBlocked":true,"userValidation":true,"localDateTime":"2026-05-16T20:03:05.417270206","senderTransactionHistory":null,"receiverTransactionHistory":[{"id":"623fa155-9b8f-47c9-8cd7-e5376c326072","eventId":"b6f77671-af27-4cd2-b511-5fa631a53109","receiverName":"E2EBeta","senderName":"E2EAlpha","senderSurname":"Tester","senderEmail":"e2e.alpha.20260516225945-ptcmv1@springbank.test","receiverEmail":null,"receiverSurname":"Tester","senderUserId":"75cdda7c-9be6-4b07-8414-94c420545f02","receiverUserId":null,"senderIban":"TR08614424XFUP320W7JZWFY5G","receiverIban":"TR2298160MYNKEYCF5Z2BDBE4G","money":1000,"transactionType":"TRANSFER","description":"E2E transfer 20260516225945-ptcmv1","localDateTime":"2026-05-16T20:03:05.417610200","error":false,"errorDescription":null,"userValidation":false,"status":"CREATED","tokenDetails":{"subject":"75cdda7c-9be6-4b07-8414-94c420545f02","preferredUsername":"e2e.alpha.20260516225945-ptcmv1@springbank.test","email":"e2e.alpha.20260516225945-ptcmv1@springbank.test","givenName":"E2EAlpha","familyName":"Tester","issuer":"http://keycloak:8080/realms/banking","audienceJson":"\"account\"","realmRoles":["default-roles-banking","offline_access","uma_authorization","USER"],"headerJson":"{\"alg\":\"RS256\",\"typ\":\"JWT\",\"kid\":\"cXlYeegMcMa86uJVoCw83izxuVT_p7mjWVvIvYty2g0\"}","claimsJson":"{\"exp\":1778961991,\"iat\":1778961691,\"jti\":\"38711f9c-1216-4277-b071-893428c3b95d\",\"iss\":\"http://keycloak:8080/realms/banking\",\"aud\":\"account\",\"sub\":\"75cdda7c-9be6-4b07-8414-94c420545f02\",\"typ\":\"Bearer\",\"azp\":\"banking-app\",\"session_state\":\"268cf0ac-e208-4503-8759-a3ad6d9f8248\",\"acr\":\"1\",\"allowed-origins\":[\"*\"],\"realm_access\":{\"roles\":[\"default-roles-banking\",\"offline_access\",\"uma_authorization\",\"USER\"]},\"resource_access\":{\"account\":{\"roles\":[\"manage-account\",\"manage-account-links\",\"view-profile\"]}},\"scope\":\"email profile\",\"sid\":\"268cf0ac-e208-4503-8759-a3ad6d9f8248\",\"email_verified\":true,\"name\":\"E2EAlpha Tester\",\"preferred_username\":\"e2e.alpha.20260516225945-ptcmv1@springbank.test\",\"given_name\":\"E2EAlpha\",\"family_name\":\"Tester\",\"email\":\"e2e.alpha.20260516225945-ptcmv1@springbank.test\"}","issuedAt":"1778961691","expiresAt":"1778961991","jwtId":"38711f9c-1216-4277-b071-893428c3b95d","tokenType":"Bearer","sessionState":"268cf0ac-e208-4503-8759-a3ad6d9f8248","scope":"email profile"}}],"tokenDetails":{"subject":"75cdda7c-9be6-4b07-8414-94c420545f02","preferredUsername":"e2e.alpha.20260516225945-ptcmv1@springbank.test","email":"e2e.alpha.20260516225945-ptcmv1@springbank.test","givenName":"E2EAlpha","familyName":"Tester","issuer":"http://keycloak:8080/realms/banking","audienceJson":"\"account\"","realmRoles":["default-roles-banking","offline_access","uma_authorization","USER"],"headerJson":"{\"alg\":\"RS256\",\"typ\":\"JWT\",\"kid\":\"cXlYeegMcMa86uJVoCw83izxuVT_p7mjWVvIvYty2g0\"}","claimsJson":"{\"exp\":1778961991,\"iat\":1778961691,\"jti\":\"38711f9c-1216-4277-b071-893428c3b95d\",\"iss\":\"http://keycloak:8080/realms/banking\",\"aud\":\"account\",\"sub\":\"75cdda7c-9be6-4b07-8414-94c420545f02\",\"typ\":\"Bearer\",\"azp\":\"banking-app\",\"session_state\":\"268cf0ac-e208-4503-8759-a3ad6d9f8248\",\"acr\":\"1\",\"allowed-origins\":[\"*\"],\"realm_access\":{\"roles\":[\"default-roles-banking\",\"offline_access\",\"uma_authorization\",\"USER\"]},\"resource_access\":{\"account\":{\"roles\":[\"manage-account\",\"manage-account-links\",\"view-profile\"]}},\"scope\":\"email profile\",\"sid\":\"268cf0ac-e208-4503-8759-a3ad6d9f8248\",\"email_verified\":true,\"name\":\"E2EAlpha Tester\",\"preferred_username\":\"e2e.alpha.20260516225945-ptcmv1@springbank.test\",\"given_name\":\"E2EAlpha\",\"family_name\":\"Tester\",\"email\":\"e2e.alpha.20260516225945-ptcmv1@springbank.test\"}","issuedAt":"1778961691","expiresAt":"1778961991","jwtId":"38711f9c-1216-4277-b071-893428c3b95d","tokenType":"Bearer","sessionState":"268cf0ac-e208-4503-8759-a3ad6d9f8248","scope":"email profile"}}
INFO  --- [money-service] :  (20:03) > IdempotencyGuard | isDuplicateOrRegister -> EventUUID kaydedildi. EventUUID: b6f77671-af27-4cd2-b511-5fa631a53109, EventType: FRAUD_CHECKED_EFT
INFO  --- [money-service] :  (20:03) > KafkaListenerService | listenFraudCheckedTopic -> TRANSFER execute baslatiliyor. EventUUID: b6f77671-af27-4cd2-b511-5fa631a53109
INFO  --- [money-service] :  (20:03) > TransactionService | createTransaction -> Metoda veri geldi. Sender Iban: TR08614424XFUP320W7JZWFY5G, Receiver IBAN: TR2298160MYNKEYCF5Z2BDBE4G, Amount: 1000
INFO  --- [money-service] :  (20:03) > BalanceOperationService | withdrawBlockedMoneyByIban -> Blokeli bakiyeden para cekme istegi. IBAN: TR08614424XFUP320W7JZWFY5G, Miktar: 1000
INFO  --- [money-service] :  (20:03) > BalanceOperationService | withdrawBlockedMoneyByIban -> Blokeli bakiyeden para cekme basarili. IBAN: TR08614424XFUP320W7JZWFY5G
INFO  --- [money-service] :  (20:03) > BalanceOperationService | depositMoneyByIban -> Para yatirma istegi. IBAN: TR2298160MYNKEYCF5Z2BDBE4G, Miktar: 1000
INFO  --- [money-service] :  (20:03) > BalanceOperationService | depositMoneyByIban -> Para yatirma basarili. IBAN: TR2298160MYNKEYCF5Z2BDBE4G
INFO  --- [money-service] :  (20:03) > MoneyTransferExecutor | execute -> Transfer basariyla gerceklesti. Sender: TR08614424XFUP320W7JZWFY5G, Receiver: TR2298160MYNKEYCF5Z2BDBE4G, Amount: 1000
INFO  --- [money-service] :  (20:03) > MoneyTransferExecutor | execute -> Transfer complete RESULT topic'e gonderiliyor. EventUUID: b6f77671-af27-4cd2-b511-5fa631a53109
INFO  --- [money-service] :  (20:03) > KafkaSender | sendResult -> Transaction result gonderilmek uzere alindi. Type: TRANSFER, Dto: 
{
  "eventUUID": "b6f77671-af27-4cd2-b511-5fa631a53109",
  "keycloakUserUUID": "75cdda7c-9be6-4b07-8414-94c420545f02",
  "senderName": "E2EAlpha",
  "senderSurname": "Tester",
  "senderEmail": "e2e.alpha.20260516225945-ptcmv1@springbank.test",
  "receiverEmail": "e2e.beta.20260516222010-lo96ej@springbank.test",
  "receiverName": "E2EBeta",
  "receiverSurname": "Tester",
  "senderUserId": "75cdda7c-9be6-4b07-8414-94c420545f02",
  "senderIban": "TR08614424XFUP320W7JZWFY5G",
  "receiverUserId": "a0cdcc62-8a77-440b-8bdb-86fadb2c18f0",
  "receiverIban": "TR2298160MYNKEYCF5Z2BDBE4G",
  "money": 1000,
  "transactionType": "TRANSFER",
  "description": "E2E transfer 20260516225945-ptcmv1",
  "status": "COMPLETED",
  "statusDescription": "Ýþlem tamamlandý",
  "error": false,
  "errorDescription": null,
  "isMoneyBlocked": true,
  "userValidation": true,
  "localDateTime": "2026-05-16T20:03:05.417270206",
  "senderTransactionHistory": null,
  "receiverTransactionHistory": [
    {
      "id": "623fa155-9b8f-47c9-8cd7-e5376c326072",
      "eventId": "b6f77671-af27-4cd2-b511-5fa631a53109",
      "receiverName": "E2EBeta",
      "senderName": "E2EAlpha",
      "senderSurname": "Tester",
      "senderEmail": "e2e.alpha.20260516225945-ptcmv1@springbank.test",
      "receiverEmail": null,
      "receiverSurname": "Tester",
      "senderUserId": "75cdda7c-9be6-4b07-8414-94c420545f02",
      "receiverUserId": null,
      "senderIban": "TR08614424XFUP320W7JZWFY5G",
      "receiverIban": "TR2298160MYNKEYCF5Z2BDBE4G",
      "money": 1000,
      "transactionType": "TRANSFER",
      "description": "E2E transfer 20260516225945-ptcmv1",
      "localDateTime": "2026-05-16T20:03:05.417610200",
      "error": false,
      "errorDescription": null,
      "userValidation": false,
      "status": "CREATED",
      "tokenDetails": {
        "subject": "75cdda7c-9be6-4b07-8414-94c420545f02",
        "preferredUsername": "e2e.alpha.20260516225945-ptcmv1@springbank.test",
        "email": "e2e.alpha.20260516225945-ptcmv1@springbank.test",
        "givenName": "E2EAlpha",
        "familyName": "Tester",
        "issuer": "http://keycloak:8080/realms/banking",
        "audienceJson": "\"account\"",
        "realmRoles": [
          "default-roles-banking",
          "offline_access",
          "uma_authorization",
          "USER"
        ],
        "headerJson": "{\"alg\":\"RS256\",\"typ\":\"JWT\",\"kid\":\"cXlYeegMcMa86uJVoCw83izxuVT_p7mjWVvIvYty2g0\"}",
        "claimsJson": "{\"exp\":1778961991,\"iat\":1778961691,\"jti\":\"38711f9c-1216-4277-b071-893428c3b95d\",\"iss\":\"http://keycloak:8080/realms/banking\",\"aud\":\"account\",\"sub\":\"75cdda7c-9be6-4b07-8414-94c420545f02\",\"typ\":\"Bearer\",\"azp\":\"banking-app\",\"session_state\":\"268cf0ac-e208-4503-8759-a3ad6d9f8248\",\"acr\":\"1\",\"allowed-origins\":[\"*\"],\"realm_access\":{\"roles\":[\"default-roles-banking\",\"offline_access\",\"uma_authorization\",\"USER\"]},\"resource_access\":{\"account\":{\"roles\":[\"manage-account\",\"manage-account-links\",\"view-profile\"]}},\"scope\":\"email profile\",\"sid\":\"268cf0ac-e208-4503-8759-a3ad6d9f8248\",\"email_verified\":true,\"name\":\"E2EAlpha Tester\",\"preferred_username\":\"e2e.alpha.20260516225945-ptcmv1@springbank.test\",\"given_name\":\"E2EAlpha\",\"family_name\":\"Tester\",\"email\":\"e2e.alpha.20260516225945-ptcmv1@springbank.test\"}",
        "issuedAt": "1778961691",
        "expiresAt": "1778961991",
        "jwtId": "38711f9c-1216-4277-b071-893428c3b95d",
        "tokenType": "Bearer",
        "sessionState": "268cf0ac-e208-4503-8759-a3ad6d9f8248",
        "scope": "email profile"
      }
    }
  ],
  "tokenDetails": {
    "subject": "75cdda7c-9be6-4b07-8414-94c420545f02",
    "preferredUsername": "e2e.alpha.20260516225945-ptcmv1@springbank.test",
    "email": "e2e.alpha.20260516225945-ptcmv1@springbank.test",
    "givenName": "E2EAlpha",
    "familyName": "Tester",
    "issuer": "http://keycloak:8080/realms/banking",
    "audienceJson": "\"account\"",
    "realmRoles": [
      "default-roles-banking",
      "offline_access",
      "uma_authorization",
      "USER"
    ],
    "headerJson": "{\"alg\":\"RS256\",\"typ\":\"JWT\",\"kid\":\"cXlYeegMcMa86uJVoCw83izxuVT_p7mjWVvIvYty2g0\"}",
    "claimsJson": "{\"exp\":1778961991,\"iat\":1778961691,\"jti\":\"38711f9c-1216-4277-b071-893428c3b95d\",\"iss\":\"http://keycloak:8080/realms/banking\",\"aud\":\"account\",\"sub\":\"75cdda7c-9be6-4b07-8414-94c420545f02\",\"typ\":\"Bearer\",\"azp\":\"banking-app\",\"session_state\":\"268cf0ac-e208-4503-8759-a3ad6d9f8248\",\"acr\":\"1\",\"allowed-origins\":[\"*\"],\"realm_access\":{\"roles\":[\"default-roles-banking\",\"offline_access\",\"uma_authorization\",\"USER\"]},\"resource_access\":{\"account\":{\"roles\":[\"manage-account\",\"manage-account-links\",\"view-profile\"]}},\"scope\":\"email profile\",\"sid\":\"268cf0ac-e208-4503-8759-a3ad6d9f8248\",\"email_verified\":true,\"name\":\"E2EAlpha Tester\",\"preferred_username\":\"e2e.alpha.20260516225945-ptcmv1@springbank.test\",\"given_name\":\"E2EAlpha\",\"family_name\":\"Tester\",\"email\":\"e2e.alpha.20260516225945-ptcmv1@springbank.test\"}",
    "issuedAt": "1778961691",
    "expiresAt": "1778961991",
    "jwtId": "38711f9c-1216-4277-b071-893428c3b95d",
    "tokenType": "Bearer",
    "sessionState": "268cf0ac-e208-4503-8759-a3ad6d9f8248",
    "scope": "email profile"
  }
}
INFO  --- [money-service] :  (20:03) > KafkaSender | sendResult -> Transaction result gonderildi. Key: b6f77671-af27-4cd2-b511-5fa631a53109, Dto: 
{
  "eventUUID": "b6f77671-af27-4cd2-b511-5fa631a53109",
  "keycloakUserUUID": "75cdda7c-9be6-4b07-8414-94c420545f02",
  "senderName": "E2EAlpha",
  "senderSurname": "Tester",
  "senderEmail": "e2e.alpha.20260516225945-ptcmv1@springbank.test",
  "receiverEmail": "e2e.beta.20260516222010-lo96ej@springbank.test",
  "receiverName": "E2EBeta",
  "receiverSurname": "Tester",
  "senderUserId": "75cdda7c-9be6-4b07-8414-94c420545f02",
  "senderIban": "TR08614424XFUP320W7JZWFY5G",
  "receiverUserId": "a0cdcc62-8a77-440b-8bdb-86fadb2c18f0",
  "receiverIban": "TR2298160MYNKEYCF5Z2BDBE4G",
  "money": 1000,
  "transactionType": "TRANSFER",
  "description": "E2E transfer 20260516225945-ptcmv1",
  "status": "COMPLETED",
  "statusDescription": "Ýþlem tamamlandý",
  "error": false,
  "errorDescription": null,
  "isMoneyBlocked": true,
  "userValidation": true,
  "localDateTime": "2026-05-16T20:03:05.417270206",
  "senderTransactionHistory": null,
  "receiverTransactionHistory": [
    {
      "id": "623fa155-9b8f-47c9-8cd7-e5376c326072",
      "eventId": "b6f77671-af27-4cd2-b511-5fa631a53109",
      "receiverName": "E2EBeta",
      "senderName": "E2EAlpha",
      "senderSurname": "Tester",
      "senderEmail": "e2e.alpha.20260516225945-ptcmv1@springbank.test",
      "receiverEmail": null,
      "receiverSurname": "Tester",
      "senderUserId": "75cdda7c-9be6-4b07-8414-94c420545f02",
      "receiverUserId": null,
      "senderIban": "TR08614424XFUP320W7JZWFY5G",
      "receiverIban": "TR2298160MYNKEYCF5Z2BDBE4G",
      "money": 1000,
      "transactionType": "TRANSFER",
      "description": "E2E transfer 20260516225945-ptcmv1",
      "localDateTime": "2026-05-16T20:03:05.417610200",
      "error": false,
      "errorDescription": null,
      "userValidation": false,
      "status": "CREATED",
      "tokenDetails": {
        "subject": "75cdda7c-9be6-4b07-8414-94c420545f02",
        "preferredUsername": "e2e.alpha.20260516225945-ptcmv1@springbank.test",
        "email": "e2e.alpha.20260516225945-ptcmv1@springbank.test",
        "givenName": "E2EAlpha",
        "familyName": "Tester",
        "issuer": "http://keycloak:8080/realms/banking",
        "audienceJson": "\"account\"",
        "realmRoles": [
          "default-roles-banking",
          "offline_access",
          "uma_authorization",
          "USER"
        ],
        "headerJson": "{\"alg\":\"RS256\",\"typ\":\"JWT\",\"kid\":\"cXlYeegMcMa86uJVoCw83izxuVT_p7mjWVvIvYty2g0\"}",
        "claimsJson": "{\"exp\":1778961991,\"iat\":1778961691,\"jti\":\"38711f9c-1216-4277-b071-893428c3b95d\",\"iss\":\"http://keycloak:8080/realms/banking\",\"aud\":\"account\",\"sub\":\"75cdda7c-9be6-4b07-8414-94c420545f02\",\"typ\":\"Bearer\",\"azp\":\"banking-app\",\"session_state\":\"268cf0ac-e208-4503-8759-a3ad6d9f8248\",\"acr\":\"1\",\"allowed-origins\":[\"*\"],\"realm_access\":{\"roles\":[\"default-roles-banking\",\"offline_access\",\"uma_authorization\",\"USER\"]},\"resource_access\":{\"account\":{\"roles\":[\"manage-account\",\"manage-account-links\",\"view-profile\"]}},\"scope\":\"email profile\",\"sid\":\"268cf0ac-e208-4503-8759-a3ad6d9f8248\",\"email_verified\":true,\"name\":\"E2EAlpha Tester\",\"preferred_username\":\"e2e.alpha.20260516225945-ptcmv1@springbank.test\",\"given_name\":\"E2EAlpha\",\"family_name\":\"Tester\",\"email\":\"e2e.alpha.20260516225945-ptcmv1@springbank.test\"}",
        "issuedAt": "1778961691",
        "expiresAt": "1778961991",
        "jwtId": "38711f9c-1216-4277-b071-893428c3b95d",
        "tokenType": "Bearer",
        "sessionState": "268cf0ac-e208-4503-8759-a3ad6d9f8248",
        "scope": "email profile"
      }
    }
  ],
  "tokenDetails": {
    "subject": "75cdda7c-9be6-4b07-8414-94c420545f02",
    "preferredUsername": "e2e.alpha.20260516225945-ptcmv1@springbank.test",
    "email": "e2e.alpha.20260516225945-ptcmv1@springbank.test",
    "givenName": "E2EAlpha",
    "familyName": "Tester",
    "issuer": "http://keycloak:8080/realms/banking",
    "audienceJson": "\"account\"",
    "realmRoles": [
      "default-roles-banking",
      "offline_access",
      "uma_authorization",
      "USER"
    ],
    "headerJson": "{\"alg\":\"RS256\",\"typ\":\"JWT\",\"kid\":\"cXlYeegMcMa86uJVoCw83izxuVT_p7mjWVvIvYty2g0\"}",
    "claimsJson": "{\"exp\":1778961991,\"iat\":1778961691,\"jti\":\"38711f9c-1216-4277-b071-893428c3b95d\",\"iss\":\"http://keycloak:8080/realms/banking\",\"aud\":\"account\",\"sub\":\"75cdda7c-9be6-4b07-8414-94c420545f02\",\"typ\":\"Bearer\",\"azp\":\"banking-app\",\"session_state\":\"268cf0ac-e208-4503-8759-a3ad6d9f8248\",\"acr\":\"1\",\"allowed-origins\":[\"*\"],\"realm_access\":{\"roles\":[\"default-roles-banking\",\"offline_access\",\"uma_authorization\",\"USER\"]},\"resource_access\":{\"account\":{\"roles\":[\"manage-account\",\"manage-account-links\",\"view-profile\"]}},\"scope\":\"email profile\",\"sid\":\"268cf0ac-e208-4503-8759-a3ad6d9f8248\",\"email_verified\":true,\"name\":\"E2EAlpha Tester\",\"preferred_username\":\"e2e.alpha.20260516225945-ptcmv1@springbank.test\",\"given_name\":\"E2EAlpha\",\"family_name\":\"Tester\",\"email\":\"e2e.alpha.20260516225945-ptcmv1@springbank.test\"}",
    "issuedAt": "1778961691",
    "expiresAt": "1778961991",
    "jwtId": "38711f9c-1216-4277-b071-893428c3b95d",
    "tokenType": "Bearer",
    "sessionState": "268cf0ac-e208-4503-8759-a3ad6d9f8248",
    "scope": "email profile"
  }
}
INFO  --- [money-service] :  (20:03) > KafkaListenerService | listenFraudCheckedTopic -> TRANSFER COMPLETED. EventUUID: b6f77671-af27-4cd2-b511-5fa631a53109
INFO  --- [money-service] :  (20:03) > MoneyController | getBalanceAndIban -> Money Service MoneyController getBalanceAndIban Modulu Istegi aldi. id :
"54b9b93c-87f2-4c92-8c65-462c9005dcf3"
INFO  --- [money-service] :  (20:03) > AccountQueryService | getAccountByUserId -> Metoda veri geldi. UserId: 54b9b93c-87f2-4c92-8c65-462c9005dcf3
INFO  --- [money-service] :  (20:04) > MoneyAdminController | getSummary -> Istek alindi.
INFO  --- [money-service] :  (20:04) > MoneyAdminController | getSummary -> Tamamlandi. TotalAccounts: 16, TotalBalance: 12500.00
INFO  --- [money-service] :  (20:04) > MoneyAdminController | getCount -> Istek alindi.
INFO  --- [money-service] :  (20:04) > MoneyAdminController | getCount -> Toplam hesap: 16
INFO  --- [money-service] :  (20:04) > MoneyAdminController | getAllAccounts -> Istek alindi. Page: 0, Size: 5
INFO  --- [money-service] :  (20:04) > MoneyAdminController | getAllAccounts -> Donduruldu: 5
INFO  --- [money-service] :  (20:04) > MoneyAdminController | getTopAccounts -> Istek alindi. Limit: 5
INFO  --- [money-service] :  (20:04) > MoneyAdminController | getTopAccounts -> Donduruldu: 5
INFO  --- [money-service] :  (20:04) > MoneyAdminController | getBalanceDistribution -> Istek alindi.
INFO  --- [money-service] :  (20:04) > MoneyAdminController | getBalanceDistribution -> Tamamlandi.
