
  .   ____          _            __ _ _
 /\\ / ___'_ __ _ _(_)_ __  __ _ \ \ \ \
( ( )\___ | '_ | '_| | '_ \/ _` | \ \ \ \
 \\/  ___)| |_)| | | | | || (_| |  ) ) ) )
  '  |____| .__|_| |_|_| |_\__, | / / / /
 =========|_|==============|___/=/_/_/_/

 :: Spring Boot ::                (v4.0.1)

INFO  --- [transaction-service] : Starting TransactionServiceApplication v0.0.1-SNAPSHOT using Java 21.0.11 with PID 1 (/app/app.jar started by root in /app)
INFO  --- [transaction-service] : No active profile set, falling back to 1 default profile: "default"
INFO  --- [transaction-service] : Bootstrapping Spring Data JPA repositories in DEFAULT mode.
INFO  --- [transaction-service] : Finished Spring Data repository scanning in 615 ms. Found 2 JPA repository interfaces.
INFO  --- [transaction-service] : BeanFactory id=e3e2d431-e7dc-3c1b-b20d-6ffa30b932bc
INFO  --- [transaction-service] : Tomcat initialized with port 8083 (http)
INFO  --- [transaction-service] : Starting service [Tomcat]
INFO  --- [transaction-service] : Starting Servlet engine: [Apache Tomcat/11.0.15]
INFO  --- [transaction-service] : Root WebApplicationContext: initialization completed in 9928 ms
INFO  --- [transaction-service] : HHH008540: Processing PersistenceUnitInfo [name: default]
INFO  --- [transaction-service] : HHH000001: Hibernate ORM core version 7.2.0.Final
INFO  --- [transaction-service] : No LoadTimeWeaver setup: ignoring JPA class transformer
WARN  --- [transaction-service] : HikariPool-1 - idleTimeout is close to or more than maxLifetime, disabling it.
INFO  --- [transaction-service] : HikariPool-1 - Starting...
INFO  --- [transaction-service] : HikariPool-1 - Added connection org.postgresql.jdbc.PgConnection@15651402
INFO  --- [transaction-service] : HikariPool-1 - Start completed.
WARN  --- [transaction-service] : HHH90000025: PostgreSQLDialect does not need to be specified explicitly using 'hibernate.dialect' (remove the property setting and it will be selected by default)
INFO  --- [transaction-service] : HHH10001005: Database info:
	Database JDBC URL [jdbc:postgresql://postgres:5432/banking_transactions]
	Database driver: PostgreSQL JDBC Driver
	Database dialect: PostgreSQLDialect
	Database version: 15.15
	Default catalog/schema: banking_transactions/public
	Autocommit mode: undefined/unknown
	Isolation level: READ_COMMITTED [default READ_COMMITTED]
	JDBC fetch size: none
	Pool: DataSourceConnectionProvider
	Minimum pool size: undefined/unknown
	Maximum pool size: undefined/unknown
INFO  --- [transaction-service] : HHH000489: No JTA platform available (set 'hibernate.transaction.jta.platform' to enable JTA platform integration)
INFO  --- [transaction-service] : Initialized JPA EntityManagerFactory for persistence unit 'default'
INFO  --- [transaction-service] : Hibernate is in classpath; If applicable, HQL parser will be used.
INFO  --- [transaction-service] : Detected grpc-netty-shaded: Creating ShadedNettyChannelFactory + InProcessChannelFactory
WARN  --- [transaction-service] : spring.jpa.open-in-view is enabled by default. Therefore, database queries may be performed during view rendering. Explicitly configure spring.jpa.open-in-view to disable this warning
WARN  --- [transaction-service] : Spring Cloud LoadBalancer is currently working with the default cache. While this cache implementation is useful for development and tests, it's recommended to use Caffeine cache in production.You can switch to using Caffeine cache, by adding it and org.springframework.cache.caffeine.CaffeineCacheManager to the classpath.
INFO  --- [transaction-service] : Exposing 2 endpoints beneath base path '/api/transaction-service/actuator'
INFO  --- [transaction-service] : Tomcat started on port 8083 (http) with context path '/'
INFO  --- [transaction-service] : Started TransactionServiceApplication in 35.292 seconds (process running for 38.515)
INFO  --- [transaction-service] :  (20:03) > KafkaListenerService | listenTransactionResultTopic -> Metoda veri geldi. RawData:
{"eventUUID":"644e785a-d9a5-45d6-8b31-f725aee69248","keycloakUserUUID":"75cdda7c-9be6-4b07-8414-94c420545f02","senderName":"E2EAlpha","senderSurname":"Tester","senderEmail":"e2e.alpha.20260516225945-ptcmv1@springbank.test","receiverEmail":null,"receiverName":null,"receiverSurname":null,"senderUserId":"75cdda7c-9be6-4b07-8414-94c420545f02","senderIban":null,"receiverUserId":null,"receiverIban":null,"money":5000,"transactionType":"DEPOSIT","description":"E2E deposit 20260516225945-ptcmv1","status":"COMPLETED","statusDescription":"Ýþlem tamamlandý","error":false,"errorDescription":null,"isMoneyBlocked":false,"userValidation":false,"localDateTime":"2026-05-16T20:03:02.222755393","senderTransactionHistory":null,"receiverTransactionHistory":null,"tokenDetails":{"subject":"75cdda7c-9be6-4b07-8414-94c420545f02","preferredUsername":"e2e.alpha.20260516225945-ptcmv1@springbank.test","email":"e2e.alpha.20260516225945-ptcmv1@springbank.test","givenName":"E2EAlpha","familyName":"Tester","issuer":"http://keycloak:8080/realms/banking","audienceJson":"\"account\"","realmRoles":["default-roles-banking","offline_access","uma_authorization","USER"],"headerJson":"{\"alg\":\"RS256\",\"typ\":\"JWT\",\"kid\":\"cXlYeegMcMa86uJVoCw83izxuVT_p7mjWVvIvYty2g0\"}","claimsJson":"{\"exp\":1778961991,\"iat\":1778961691,\"jti\":\"38711f9c-1216-4277-b071-893428c3b95d\",\"iss\":\"http://keycloak:8080/realms/banking\",\"aud\":\"account\",\"sub\":\"75cdda7c-9be6-4b07-8414-94c420545f02\",\"typ\":\"Bearer\",\"azp\":\"banking-app\",\"session_state\":\"268cf0ac-e208-4503-8759-a3ad6d9f8248\",\"acr\":\"1\",\"allowed-origins\":[\"*\"],\"realm_access\":{\"roles\":[\"default-roles-banking\",\"offline_access\",\"uma_authorization\",\"USER\"]},\"resource_access\":{\"account\":{\"roles\":[\"manage-account\",\"manage-account-links\",\"view-profile\"]}},\"scope\":\"email profile\",\"sid\":\"268cf0ac-e208-4503-8759-a3ad6d9f8248\",\"email_verified\":true,\"name\":\"E2EAlpha Tester\",\"preferred_username\":\"e2e.alpha.20260516225945-ptcmv1@springbank.test\",\"given_name\":\"E2EAlpha\",\"family_name\":\"Tester\",\"email\":\"e2e.alpha.20260516225945-ptcmv1@springbank.test\"}","issuedAt":"1778961691","expiresAt":"1778961991","jwtId":"38711f9c-1216-4277-b071-893428c3b95d","tokenType":"Bearer","sessionState":"268cf0ac-e208-4503-8759-a3ad6d9f8248","scope":"email profile"}}
INFO  --- [transaction-service] :  (20:03) > KafkaListenerService | listenUserValidationSuccessTopic -> Metoda veri geldi. RawData:
{"eventUUID":"b6f77671-af27-4cd2-b511-5fa631a53109","keycloakUserUUID":"75cdda7c-9be6-4b07-8414-94c420545f02","senderName":"E2EAlpha","senderSurname":"Tester","senderEmail":"e2e.alpha.20260516225945-ptcmv1@springbank.test","receiverEmail":"e2e.beta.20260516222010-lo96ej@springbank.test","receiverName":"E2EBeta","receiverSurname":"Tester","senderUserId":"75cdda7c-9be6-4b07-8414-94c420545f02","senderIban":"TR08614424XFUP320W7JZWFY5G","receiverUserId":"a0cdcc62-8a77-440b-8bdb-86fadb2c18f0","receiverIban":"TR2298160MYNKEYCF5Z2BDBE4G","money":1000,"transactionType":"TRANSFER","description":"E2E transfer 20260516225945-ptcmv1","status":"VALIDATION_PENDING","statusDescription":"Gönderici ve alýcý IBAN bilgileri ile hesap varlýðý doðrulanýyor","error":false,"errorDescription":null,"isMoneyBlocked":true,"userValidation":true,"localDateTime":"2026-05-16T20:03:05.417270206","senderTransactionHistory":null,"receiverTransactionHistory":[{"id":"623fa155-9b8f-47c9-8cd7-e5376c326072","eventId":"b6f77671-af27-4cd2-b511-5fa631a53109","receiverName":"E2EBeta","senderName":"E2EAlpha","senderSurname":"Tester","senderEmail":"e2e.alpha.20260516225945-ptcmv1@springbank.test","receiverEmail":null,"receiverSurname":"Tester","senderUserId":"75cdda7c-9be6-4b07-8414-94c420545f02","receiverUserId":null,"senderIban":"TR08614424XFUP320W7JZWFY5G","receiverIban":"TR2298160MYNKEYCF5Z2BDBE4G","money":1000,"transactionType":"TRANSFER","description":"E2E transfer 20260516225945-ptcmv1","localDateTime":"2026-05-16T20:03:05.417610200","error":false,"errorDescription":null,"userValidation":false,"isMoneyBlocked":false,"status":"CREATED","tokenDetails":{"subject":"75cdda7c-9be6-4b07-8414-94c420545f02","preferredUsername":"e2e.alpha.20260516225945-ptcmv1@springbank.test","email":"e2e.alpha.20260516225945-ptcmv1@springbank.test","givenName":"E2EAlpha","familyName":"Tester","issuer":"http://keycloak:8080/realms/banking","audienceJson":"\"account\"","realmRoles":["default-roles-banking","offline_access","uma_authorization","USER"],"headerJson":"{\"alg\":\"RS256\",\"typ\":\"JWT\",\"kid\":\"cXlYeegMcMa86uJVoCw83izxuVT_p7mjWVvIvYty2g0\"}","claimsJson":"{\"exp\":1778961991,\"iat\":1778961691,\"jti\":\"38711f9c-1216-4277-b071-893428c3b95d\",\"iss\":\"http://keycloak:8080/realms/banking\",\"aud\":\"account\",\"sub\":\"75cdda7c-9be6-4b07-8414-94c420545f02\",\"typ\":\"Bearer\",\"azp\":\"banking-app\",\"session_state\":\"268cf0ac-e208-4503-8759-a3ad6d9f8248\",\"acr\":\"1\",\"allowed-origins\":[\"*\"],\"realm_access\":{\"roles\":[\"default-roles-banking\",\"offline_access\",\"uma_authorization\",\"USER\"]},\"resource_access\":{\"account\":{\"roles\":[\"manage-account\",\"manage-account-links\",\"view-profile\"]}},\"scope\":\"email profile\",\"sid\":\"268cf0ac-e208-4503-8759-a3ad6d9f8248\",\"email_verified\":true,\"name\":\"E2EAlpha Tester\",\"preferred_username\":\"e2e.alpha.20260516225945-ptcmv1@springbank.test\",\"given_name\":\"E2EAlpha\",\"family_name\":\"Tester\",\"email\":\"e2e.alpha.20260516225945-ptcmv1@springbank.test\"}","issuedAt":"1778961691","expiresAt":"1778961991","jwtId":"38711f9c-1216-4277-b071-893428c3b95d","tokenType":"Bearer","sessionState":"268cf0ac-e208-4503-8759-a3ad6d9f8248","scope":"email profile"}}],"tokenDetails":{"subject":"75cdda7c-9be6-4b07-8414-94c420545f02","preferredUsername":"e2e.alpha.20260516225945-ptcmv1@springbank.test","email":"e2e.alpha.20260516225945-ptcmv1@springbank.test","givenName":"E2EAlpha","familyName":"Tester","issuer":"http://keycloak:8080/realms/banking","audienceJson":"\"account\"","realmRoles":["default-roles-banking","offline_access","uma_authorization","USER"],"headerJson":"{\"alg\":\"RS256\",\"typ\":\"JWT\",\"kid\":\"cXlYeegMcMa86uJVoCw83izxuVT_p7mjWVvIvYty2g0\"}","claimsJson":"{\"exp\":1778961991,\"iat\":1778961691,\"jti\":\"38711f9c-1216-4277-b071-893428c3b95d\",\"iss\":\"http://keycloak:8080/realms/banking\",\"aud\":\"account\",\"sub\":\"75cdda7c-9be6-4b07-8414-94c420545f02\",\"typ\":\"Bearer\",\"azp\":\"banking-app\",\"session_state\":\"268cf0ac-e208-4503-8759-a3ad6d9f8248\",\"acr\":\"1\",\"allowed-origins\":[\"*\"],\"realm_access\":{\"roles\":[\"default-roles-banking\",\"offline_access\",\"uma_authorization\",\"USER\"]},\"resource_access\":{\"account\":{\"roles\":[\"manage-account\",\"manage-account-links\",\"view-profile\"]}},\"scope\":\"email profile\",\"sid\":\"268cf0ac-e208-4503-8759-a3ad6d9f8248\",\"email_verified\":true,\"name\":\"E2EAlpha Tester\",\"preferred_username\":\"e2e.alpha.20260516225945-ptcmv1@springbank.test\",\"given_name\":\"E2EAlpha\",\"family_name\":\"Tester\",\"email\":\"e2e.alpha.20260516225945-ptcmv1@springbank.test\"}","issuedAt":"1778961691","expiresAt":"1778961991","jwtId":"38711f9c-1216-4277-b071-893428c3b95d","tokenType":"Bearer","sessionState":"268cf0ac-e208-4503-8759-a3ad6d9f8248","scope":"email profile"}}
INFO  --- [transaction-service] :  (20:03) > KafkaListenerService | listenTransactionResultTopic -> Status guncelleniyor: 644e785a-d9a5-45d6-8b31-f725aee69248 -> COMPLETED
INFO  --- [transaction-service] :  (20:03) > KafkaListenerService | listenUserValidationSuccessTopic -> Data islenmek uzere alindi. Dto:
{
  "eventUUID": "b6f77671-af27-4cd2-b511-5fa631a53109",
  "keycloakUserUUID": "75cdda7c-9be6-4b07-8414-94c420545f02",
  "senderName": "E2EAlpha",
  "senderSurname": "Tester",
  "senderEmail": "e2e.alpha.20260516225945-ptcmv1@springbank.test",
  "receiverEmail": "e2e.beta.20260516222010-lo96ej@springbank.test",
  "receiverName": "E2EBeta",
  "receiverSurname": "Tester",
  "senderUserId": "75cdda7c-9be6-4b07-8414-94c420545f02",
  "senderIban": "TR08614424XFUP320W7JZWFY5G",
  "receiverUserId": "a0cdcc62-8a77-440b-8bdb-86fadb2c18f0",
  "receiverIban": "TR2298160MYNKEYCF5Z2BDBE4G",
  "money": 1000,
  "transactionType": "TRANSFER",
  "description": "E2E transfer 20260516225945-ptcmv1",
  "status": "VALIDATION_PENDING",
  "statusDescription": "Gönderici ve alýcý IBAN bilgileri ile hesap varlýðý doðrulanýyor",
  "error": false,
  "errorDescription": null,
  "isMoneyBlocked": true,
  "userValidation": true,
  "localDateTime": "2026-05-16T20:03:05.417270206",
  "senderTransactionHistory": null,
  "receiverTransactionHistory": [
    {
      "id": "623fa155-9b8f-47c9-8cd7-e5376c326072",
      "eventId": "b6f77671-af27-4cd2-b511-5fa631a53109",
      "receiverName": "E2EBeta",
      "senderName": "E2EAlpha",
      "senderSurname": "Tester",
      "senderEmail": "e2e.alpha.20260516225945-ptcmv1@springbank.test",
      "receiverEmail": null,
      "receiverSurname": "Tester",
      "senderUserId": "75cdda7c-9be6-4b07-8414-94c420545f02",
      "receiverUserId": null,
      "senderIban": "TR08614424XFUP320W7JZWFY5G",
      "receiverIban": "TR2298160MYNKEYCF5Z2BDBE4G",
      "money": 1000,
      "transactionType": "TRANSFER",
      "description": "E2E transfer 20260516225945-ptcmv1",
      "localDateTime": "2026-05-16T20:03:05.417610200",
      "error": false,
      "errorDescription": null,
      "userValidation": false,
      "isMoneyBlocked": false,
      "status": "CREATED",
      "statusDescription": "Ýþleminiz alýndý",
      "transferStatus": "CREATED",
      "tokenDetails": {
        "subject": "75cdda7c-9be6-4b07-8414-94c420545f02",
        "preferredUsername": "e2e.alpha.20260516225945-ptcmv1@springbank.test",
        "email": "e2e.alpha.20260516225945-ptcmv1@springbank.test",
        "givenName": "E2EAlpha",
        "familyName": "Tester",
        "issuer": "http://keycloak:8080/realms/banking",
        "audienceJson": "\"account\"",
        "realmRoles": [
          "default-roles-banking",
          "offline_access",
          "uma_authorization",
          "USER"
        ],
        "headerJson": "{\"alg\":\"RS256\",\"typ\":\"JWT\",\"kid\":\"cXlYeegMcMa86uJVoCw83izxuVT_p7mjWVvIvYty2g0\"}",
        "claimsJson": "{\"exp\":1778961991,\"iat\":1778961691,\"jti\":\"38711f9c-1216-4277-b071-893428c3b95d\",\"iss\":\"http://keycloak:8080/realms/banking\",\"aud\":\"account\",\"sub\":\"75cdda7c-9be6-4b07-8414-94c420545f02\",\"typ\":\"Bearer\",\"azp\":\"banking-app\",\"session_state\":\"268cf0ac-e208-4503-8759-a3ad6d9f8248\",\"acr\":\"1\",\"allowed-origins\":[\"*\"],\"realm_access\":{\"roles\":[\"default-roles-banking\",\"offline_access\",\"uma_authorization\",\"USER\"]},\"resource_access\":{\"account\":{\"roles\":[\"manage-account\",\"manage-account-links\",\"view-profile\"]}},\"scope\":\"email profile\",\"sid\":\"268cf0ac-e208-4503-8759-a3ad6d9f8248\",\"email_verified\":true,\"name\":\"E2EAlpha Tester\",\"preferred_username\":\"e2e.alpha.20260516225945-ptcmv1@springbank.test\",\"given_name\":\"E2EAlpha\",\"family_name\":\"Tester\",\"email\":\"e2e.alpha.20260516225945-ptcmv1@springbank.test\"}",
        "issuedAt": "1778961691",
        "expiresAt": "1778961991",
        "jwtId": "38711f9c-1216-4277-b071-893428c3b95d",
        "tokenType": "Bearer",
        "sessionState": "268cf0ac-e208-4503-8759-a3ad6d9f8248",
        "scope": "email profile"
      }
    }
  ],
  "tokenDetails": {
    "subject": "75cdda7c-9be6-4b07-8414-94c420545f02",
    "preferredUsername": "e2e.alpha.20260516225945-ptcmv1@springbank.test",
    "email": "e2e.alpha.20260516225945-ptcmv1@springbank.test",
    "givenName": "E2EAlpha",
    "familyName": "Tester",
    "issuer": "http://keycloak:8080/realms/banking",
    "audienceJson": "\"account\"",
    "realmRoles": [
      "default-roles-banking",
      "offline_access",
      "uma_authorization",
      "USER"
    ],
    "headerJson": "{\"alg\":\"RS256\",\"typ\":\"JWT\",\"kid\":\"cXlYeegMcMa86uJVoCw83izxuVT_p7mjWVvIvYty2g0\"}",
    "claimsJson": "{\"exp\":1778961991,\"iat\":1778961691,\"jti\":\"38711f9c-1216-4277-b071-893428c3b95d\",\"iss\":\"http://keycloak:8080/realms/banking\",\"aud\":\"account\",\"sub\":\"75cdda7c-9be6-4b07-8414-94c420545f02\",\"typ\":\"Bearer\",\"azp\":\"banking-app\",\"session_state\":\"268cf0ac-e208-4503-8759-a3ad6d9f8248\",\"acr\":\"1\",\"allowed-origins\":[\"*\"],\"realm_access\":{\"roles\":[\"default-roles-banking\",\"offline_access\",\"uma_authorization\",\"USER\"]},\"resource_access\":{\"account\":{\"roles\":[\"manage-account\",\"manage-account-links\",\"view-profile\"]}},\"scope\":\"email profile\",\"sid\":\"268cf0ac-e208-4503-8759-a3ad6d9f8248\",\"email_verified\":true,\"name\":\"E2EAlpha Tester\",\"preferred_username\":\"e2e.alpha.20260516225945-ptcmv1@springbank.test\",\"given_name\":\"E2EAlpha\",\"family_name\":\"Tester\",\"email\":\"e2e.alpha.20260516225945-ptcmv1@springbank.test\"}",
    "issuedAt": "1778961691",
    "expiresAt": "1778961991",
    "jwtId": "38711f9c-1216-4277-b071-893428c3b95d",
    "tokenType": "Bearer",
    "sessionState": "268cf0ac-e208-4503-8759-a3ad6d9f8248",
    "scope": "email profile"
  }
}
INFO  --- [transaction-service] :  (20:03) > TransactionService | updateTransactionStatus -> Onceki status: CREATED -> Yeni status: COMPLETED EventUUID: 644e785a-d9a5-45d6-8b31-f725aee69248
INFO  --- [transaction-service] :  (20:03) > TransactionService | updateTransactionStatus -> Onceki status: BLOCK_MONEY -> Yeni status: VALIDATION_PENDING EventUUID: b6f77671-af27-4cd2-b511-5fa631a53109
INFO  --- [transaction-service] :  (20:03) > TransactionService | updateTransactionStatus -> Transaction status GUNCELLENDI: 644e785a-d9a5-45d6-8b31-f725aee69248 -> COMPLETED
INFO  --- [transaction-service] :  (20:03) > TransactionService | updateTransactionStatus -> Transaction status GUNCELLENDI: b6f77671-af27-4cd2-b511-5fa631a53109 -> VALIDATION_PENDING
INFO  --- [transaction-service] :  (20:03) > KafkaListenerService | listenTransactionResultTopic -> Transaction result status GUNCELLENDI: 644e785a-d9a5-45d6-8b31-f725aee69248 -> COMPLETED
INFO  --- [transaction-service] :  (20:03) > KafkaListenerService | listenUserValidationSuccessTopic -> Validation status guncellendi: b6f77671-af27-4cd2-b511-5fa631a53109 -> VALIDATION_PENDING
INFO  --- [transaction-service] :  (20:03) > KafkaListenerService | listenTransactionResultTopic -> Metoda veri geldi. RawData:
{"eventUUID":"f6cb5aa4-a060-4276-87c9-ef2d9729b0c9","keycloakUserUUID":"75cdda7c-9be6-4b07-8414-94c420545f02","senderName":"E2EAlpha","senderSurname":"Tester","senderEmail":"e2e.alpha.20260516225945-ptcmv1@springbank.test","receiverEmail":null,"receiverName":null,"receiverSurname":null,"senderUserId":"75cdda7c-9be6-4b07-8414-94c420545f02","senderIban":"TR08614424XFUP320W7JZWFY5G","receiverUserId":null,"receiverIban":null,"money":500,"transactionType":"WITHDRAW","description":"E2E withdraw 20260516225945-ptcmv1","status":"COMPLETED","statusDescription":"Ýþlem tamamlandý","error":false,"errorDescription":null,"isMoneyBlocked":false,"userValidation":false,"localDateTime":"2026-05-16T20:03:04.692829741","senderTransactionHistory":[{"id":"1e90d633-73cd-4bac-9ecf-512b0f22c871","eventId":"f6cb5aa4-a060-4276-87c9-ef2d9729b0c9","receiverName":null,"senderName":"E2EAlpha","senderSurname":"Tester","senderEmail":"e2e.alpha.20260516225945-ptcmv1@springbank.test","receiverEmail":null,"receiverSurname":null,"senderUserId":"75cdda7c-9be6-4b07-8414-94c420545f02","receiverUserId":null,"senderIban":"TR08614424XFUP320W7JZWFY5G","receiverIban":null,"money":500,"transactionType":"WITHDRAW","description":"E2E withdraw 20260516225945-ptcmv1","localDateTime":"2026-05-16T20:03:04.693129546","error":false,"errorDescription":null,"userValidation":false,"status":"CREATED","tokenDetails":{"subject":"75cdda7c-9be6-4b07-8414-94c420545f02","preferredUsername":"e2e.alpha.20260516225945-ptcmv1@springbank.test","email":"e2e.alpha.20260516225945-ptcmv1@springbank.test","givenName":"E2EAlpha","familyName":"Tester","issuer":"http://keycloak:8080/realms/banking","audienceJson":"\"account\"","realmRoles":["default-roles-banking","offline_access","uma_authorization","USER"],"headerJson":"{\"alg\":\"RS256\",\"typ\":\"JWT\",\"kid\":\"cXlYeegMcMa86uJVoCw83izxuVT_p7mjWVvIvYty2g0\"}","claimsJson":"{\"exp\":1778961991,\"iat\":1778961691,\"jti\":\"38711f9c-1216-4277-b071-893428c3b95d\",\"iss\":\"http://keycloak:8080/realms/banking\",\"aud\":\"account\",\"sub\":\"75cdda7c-9be6-4b07-8414-94c420545f02\",\"typ\":\"Bearer\",\"azp\":\"banking-app\",\"session_state\":\"268cf0ac-e208-4503-8759-a3ad6d9f8248\",\"acr\":\"1\",\"allowed-origins\":[\"*\"],\"realm_access\":{\"roles\":[\"default-roles-banking\",\"offline_access\",\"uma_authorization\",\"USER\"]},\"resource_access\":{\"account\":{\"roles\":[\"manage-account\",\"manage-account-links\",\"view-profile\"]}},\"scope\":\"email profile\",\"sid\":\"268cf0ac-e208-4503-8759-a3ad6d9f8248\",\"email_verified\":true,\"name\":\"E2EAlpha Tester\",\"preferred_username\":\"e2e.alpha.20260516225945-ptcmv1@springbank.test\",\"given_name\":\"E2EAlpha\",\"family_name\":\"Tester\",\"email\":\"e2e.alpha.20260516225945-ptcmv1@springbank.test\"}","issuedAt":"1778961691","expiresAt":"1778961991","jwtId":"38711f9c-1216-4277-b071-893428c3b95d","tokenType":"Bearer","sessionState":"268cf0ac-e208-4503-8759-a3ad6d9f8248","scope":"email profile"}}],"receiverTransactionHistory":null,"tokenDetails":{"subject":"75cdda7c-9be6-4b07-8414-94c420545f02","preferredUsername":"e2e.alpha.20260516225945-ptcmv1@springbank.test","email":"e2e.alpha.20260516225945-ptcmv1@springbank.test","givenName":"E2EAlpha","familyName":"Tester","issuer":"http://keycloak:8080/realms/banking","audienceJson":"\"account\"","realmRoles":["default-roles-banking","offline_access","uma_authorization","USER"],"headerJson":"{\"alg\":\"RS256\",\"typ\":\"JWT\",\"kid\":\"cXlYeegMcMa86uJVoCw83izxuVT_p7mjWVvIvYty2g0\"}","claimsJson":"{\"exp\":1778961991,\"iat\":1778961691,\"jti\":\"38711f9c-1216-4277-b071-893428c3b95d\",\"iss\":\"http://keycloak:8080/realms/banking\",\"aud\":\"account\",\"sub\":\"75cdda7c-9be6-4b07-8414-94c420545f02\",\"typ\":\"Bearer\",\"azp\":\"banking-app\",\"session_state\":\"268cf0ac-e208-4503-8759-a3ad6d9f8248\",\"acr\":\"1\",\"allowed-origins\":[\"*\"],\"realm_access\":{\"roles\":[\"default-roles-banking\",\"offline_access\",\"uma_authorization\",\"USER\"]},\"resource_access\":{\"account\":{\"roles\":[\"manage-account\",\"manage-account-links\",\"view-profile\"]}},\"scope\":\"email profile\",\"sid\":\"268cf0ac-e208-4503-8759-a3ad6d9f8248\",\"email_verified\":true,\"name\":\"E2EAlpha Tester\",\"preferred_username\":\"e2e.alpha.20260516225945-ptcmv1@springbank.test\",\"given_name\":\"E2EAlpha\",\"family_name\":\"Tester\",\"email\":\"e2e.alpha.20260516225945-ptcmv1@springbank.test\"}","issuedAt":"1778961691","expiresAt":"1778961991","jwtId":"38711f9c-1216-4277-b071-893428c3b95d","tokenType":"Bearer","sessionState":"268cf0ac-e208-4503-8759-a3ad6d9f8248","scope":"email profile"}}
INFO  --- [transaction-service] :  (20:03) > KafkaListenerService | listenTransactionResultTopic -> Status guncelleniyor: f6cb5aa4-a060-4276-87c9-ef2d9729b0c9 -> COMPLETED
INFO  --- [transaction-service] :  (20:03) > TransactionService | updateTransactionStatus -> Onceki status: CREATED -> Yeni status: COMPLETED EventUUID: f6cb5aa4-a060-4276-87c9-ef2d9729b0c9
INFO  --- [transaction-service] :  (20:03) > TransactionService | updateTransactionStatus -> Transaction status GUNCELLENDI: f6cb5aa4-a060-4276-87c9-ef2d9729b0c9 -> COMPLETED
INFO  --- [transaction-service] :  (20:03) > KafkaListenerService | listenTransactionResultTopic -> Transaction result status GUNCELLENDI: f6cb5aa4-a060-4276-87c9-ef2d9729b0c9 -> COMPLETED
INFO  --- [transaction-service] :  (20:03) > KafkaListenerService | listenTransactionResultTopic -> Metoda veri geldi. RawData:
{"eventUUID":"b6f77671-af27-4cd2-b511-5fa631a53109","keycloakUserUUID":"75cdda7c-9be6-4b07-8414-94c420545f02","senderName":"E2EAlpha","senderSurname":"Tester","senderEmail":"e2e.alpha.20260516225945-ptcmv1@springbank.test","receiverEmail":"e2e.beta.20260516222010-lo96ej@springbank.test","receiverName":"E2EBeta","receiverSurname":"Tester","senderUserId":"75cdda7c-9be6-4b07-8414-94c420545f02","senderIban":"TR08614424XFUP320W7JZWFY5G","receiverUserId":"a0cdcc62-8a77-440b-8bdb-86fadb2c18f0","receiverIban":"TR2298160MYNKEYCF5Z2BDBE4G","money":1000,"transactionType":"TRANSFER","description":"E2E transfer 20260516225945-ptcmv1","status":"COMPLETED","statusDescription":"Ýþlem tamamlandý","error":false,"errorDescription":null,"isMoneyBlocked":true,"userValidation":true,"localDateTime":"2026-05-16T20:03:05.417270206","senderTransactionHistory":null,"receiverTransactionHistory":[{"id":"623fa155-9b8f-47c9-8cd7-e5376c326072","eventId":"b6f77671-af27-4cd2-b511-5fa631a53109","receiverName":"E2EBeta","senderName":"E2EAlpha","senderSurname":"Tester","senderEmail":"e2e.alpha.20260516225945-ptcmv1@springbank.test","receiverEmail":null,"receiverSurname":"Tester","senderUserId":"75cdda7c-9be6-4b07-8414-94c420545f02","receiverUserId":null,"senderIban":"TR08614424XFUP320W7JZWFY5G","receiverIban":"TR2298160MYNKEYCF5Z2BDBE4G","money":1000,"transactionType":"TRANSFER","description":"E2E transfer 20260516225945-ptcmv1","localDateTime":"2026-05-16T20:03:05.417610200","error":false,"errorDescription":null,"userValidation":false,"status":"CREATED","tokenDetails":{"subject":"75cdda7c-9be6-4b07-8414-94c420545f02","preferredUsername":"e2e.alpha.20260516225945-ptcmv1@springbank.test","email":"e2e.alpha.20260516225945-ptcmv1@springbank.test","givenName":"E2EAlpha","familyName":"Tester","issuer":"http://keycloak:8080/realms/banking","audienceJson":"\"account\"","realmRoles":["default-roles-banking","offline_access","uma_authorization","USER"],"headerJson":"{\"alg\":\"RS256\",\"typ\":\"JWT\",\"kid\":\"cXlYeegMcMa86uJVoCw83izxuVT_p7mjWVvIvYty2g0\"}","claimsJson":"{\"exp\":1778961991,\"iat\":1778961691,\"jti\":\"38711f9c-1216-4277-b071-893428c3b95d\",\"iss\":\"http://keycloak:8080/realms/banking\",\"aud\":\"account\",\"sub\":\"75cdda7c-9be6-4b07-8414-94c420545f02\",\"typ\":\"Bearer\",\"azp\":\"banking-app\",\"session_state\":\"268cf0ac-e208-4503-8759-a3ad6d9f8248\",\"acr\":\"1\",\"allowed-origins\":[\"*\"],\"realm_access\":{\"roles\":[\"default-roles-banking\",\"offline_access\",\"uma_authorization\",\"USER\"]},\"resource_access\":{\"account\":{\"roles\":[\"manage-account\",\"manage-account-links\",\"view-profile\"]}},\"scope\":\"email profile\",\"sid\":\"268cf0ac-e208-4503-8759-a3ad6d9f8248\",\"email_verified\":true,\"name\":\"E2EAlpha Tester\",\"preferred_username\":\"e2e.alpha.20260516225945-ptcmv1@springbank.test\",\"given_name\":\"E2EAlpha\",\"family_name\":\"Tester\",\"email\":\"e2e.alpha.20260516225945-ptcmv1@springbank.test\"}","issuedAt":"1778961691","expiresAt":"1778961991","jwtId":"38711f9c-1216-4277-b071-893428c3b95d","tokenType":"Bearer","sessionState":"268cf0ac-e208-4503-8759-a3ad6d9f8248","scope":"email profile"}}],"tokenDetails":{"subject":"75cdda7c-9be6-4b07-8414-94c420545f02","preferredUsername":"e2e.alpha.20260516225945-ptcmv1@springbank.test","email":"e2e.alpha.20260516225945-ptcmv1@springbank.test","givenName":"E2EAlpha","familyName":"Tester","issuer":"http://keycloak:8080/realms/banking","audienceJson":"\"account\"","realmRoles":["default-roles-banking","offline_access","uma_authorization","USER"],"headerJson":"{\"alg\":\"RS256\",\"typ\":\"JWT\",\"kid\":\"cXlYeegMcMa86uJVoCw83izxuVT_p7mjWVvIvYty2g0\"}","claimsJson":"{\"exp\":1778961991,\"iat\":1778961691,\"jti\":\"38711f9c-1216-4277-b071-893428c3b95d\",\"iss\":\"http://keycloak:8080/realms/banking\",\"aud\":\"account\",\"sub\":\"75cdda7c-9be6-4b07-8414-94c420545f02\",\"typ\":\"Bearer\",\"azp\":\"banking-app\",\"session_state\":\"268cf0ac-e208-4503-8759-a3ad6d9f8248\",\"acr\":\"1\",\"allowed-origins\":[\"*\"],\"realm_access\":{\"roles\":[\"default-roles-banking\",\"offline_access\",\"uma_authorization\",\"USER\"]},\"resource_access\":{\"account\":{\"roles\":[\"manage-account\",\"manage-account-links\",\"view-profile\"]}},\"scope\":\"email profile\",\"sid\":\"268cf0ac-e208-4503-8759-a3ad6d9f8248\",\"email_verified\":true,\"name\":\"E2EAlpha Tester\",\"preferred_username\":\"e2e.alpha.20260516225945-ptcmv1@springbank.test\",\"given_name\":\"E2EAlpha\",\"family_name\":\"Tester\",\"email\":\"e2e.alpha.20260516225945-ptcmv1@springbank.test\"}","issuedAt":"1778961691","expiresAt":"1778961991","jwtId":"38711f9c-1216-4277-b071-893428c3b95d","tokenType":"Bearer","sessionState":"268cf0ac-e208-4503-8759-a3ad6d9f8248","scope":"email profile"}}
INFO  --- [transaction-service] :  (20:03) > KafkaListenerService | listenTransactionResultTopic -> Status guncelleniyor: b6f77671-af27-4cd2-b511-5fa631a53109 -> COMPLETED
INFO  --- [transaction-service] :  (20:03) > TransactionService | updateTransactionStatus -> Onceki status: VALIDATION_PENDING -> Yeni status: COMPLETED EventUUID: b6f77671-af27-4cd2-b511-5fa631a53109
INFO  --- [transaction-service] :  (20:03) > TransactionService | updateTransactionStatus -> Transaction status GUNCELLENDI: b6f77671-af27-4cd2-b511-5fa631a53109 -> COMPLETED
INFO  --- [transaction-service] :  (20:03) > KafkaListenerService | listenTransactionResultTopic -> Transaction result status GUNCELLENDI: b6f77671-af27-4cd2-b511-5fa631a53109 -> COMPLETED
INFO  --- [transaction-service] : Initializing Spring DispatcherServlet 'dispatcherServlet'
INFO  --- [transaction-service] : Initializing Servlet 'dispatcherServlet'
INFO  --- [transaction-service] : Completed initialization in 5 ms
INFO  --- [transaction-service] :  (20:03) > TransactionController | getTransactionHistoryWithId -> Istek alindi. Id : 75cdda7c-9be6-4b07-8414-94c420545f02
INFO  --- [transaction-service] :  (20:03) > TransactionService | getTransactionHistory -> methoduna istek geldi 75cdda7c-9be6-4b07-8414-94c420545f02
INFO  --- [transaction-service] :  (20:03) > TransactionController | getTransactionHistoryWithId -> Istek alindi. Id : 54b9b93c-87f2-4c92-8c65-462c9005dcf3
INFO  --- [transaction-service] :  (20:03) > TransactionService | getTransactionHistory -> methoduna istek geldi 54b9b93c-87f2-4c92-8c65-462c9005dcf3
INFO  --- [transaction-service] :  (20:03) > TransactionController | getTransactionsByDateRange -> Istek alindi. StartDate : 2026-05-15T23:03:13, EndDate : 2026-05-17T23:03:13
INFO  --- [transaction-service] :  (20:03) > TransactionService | getTransactionsByDateRange -> methoduna istek geldi startDate 2026-05-15T23:03:13 endDate 2026-05-17T23:03:13
INFO  --- [transaction-service] :  (20:03) > TransactionController | getTransactionById -> Istek alindi. Id : 623fa155-9b8f-47c9-8cd7-e5376c326072
INFO  --- [transaction-service] :  (20:03) > TransactionService | getTransactionById -> methoduna istek geldi 623fa155-9b8f-47c9-8cd7-e5376c326072
INFO  --- [transaction-service] :  (20:04) > TransactionAdminController | getCount -> Istek alindi.
INFO  --- [transaction-service] :  (20:04) > TransactionAdminController | getCount -> Total: 10, Errors: 1
INFO  --- [transaction-service] :  (20:04) > TransactionAdminController | getTopByVolume -> Istek alindi. Limit: 5
INFO  --- [transaction-service] :  (20:04) > TransactionAdminController | getTopByVolume -> Donduruldu: 5
INFO  --- [transaction-service] :  (20:04) > SagaAdminController | sagaExists -> Istek alindi. EventUUID: b6f77671-af27-4cd2-b511-5fa631a53109
INFO  --- [transaction-service] :  (20:04) > TransactionService | sagaExistsByKafkaEventUUID -> KafkaEventUUID: b6f77671-af27-4cd2-b511-5fa631a53109
INFO  --- [transaction-service] :  (20:04) > SagaAdminController | sagaExists -> EventUUID: b6f77671-af27-4cd2-b511-5fa631a53109, Exists: false
INFO  --- [transaction-service] :  (20:04) > SagaAdminController | sagaExists -> Istek alindi. EventUUID: b6f77671-af27-4cd2-b511-5fa631a53109
INFO  --- [transaction-service] :  (20:04) > TransactionService | sagaExistsByKafkaEventUUID -> KafkaEventUUID: b6f77671-af27-4cd2-b511-5fa631a53109
INFO  --- [transaction-service] :  (20:04) > SagaAdminController | sagaExists -> EventUUID: b6f77671-af27-4cd2-b511-5fa631a53109, Exists: false
INFO  --- [transaction-service] :  (20:04) > SagaAdminController | getSagaStatusByTransactionEventUUID -> Istek alindi. EventUUID: b6f77671-af27-4cd2-b511-5fa631a53109
INFO  --- [transaction-service] :  (20:04) > TransactionService | getSagaEventByKafkaEventUUID -> Metoda veri geldi. KafkaEventUUID: b6f77671-af27-4cd2-b511-5fa631a53109
WARN  --- [transaction-service] :  (20:04) > TransactionService | getSagaEventByKafkaEventUUID -> Saga event bulunamadi! KafkaEventUUID: b6f77671-af27-4cd2-b511-5fa631a53109
WARN  --- [transaction-service] : SagaEventNotFoundException. Error Saga event not found with kafkaEventUUID: b6f77671-af27-4cd2-b511-5fa631a53109 Path uri=/api/transaction-service/v1/saga/status/by-transaction;client=192.168.65.3
INFO  --- [transaction-service] :  (20:04) > TransactionAdminController | sagaController -> Istek alindi. EventUUID: 
WARN  --- [transaction-service] :  (20:04) > TransactionAdminController | sagaController -> EventUUID null veya bos!
INFO  --- [transaction-service] :  (20:07) > TransactionController | getErrorLogs -> Istek alindi.
INFO  --- [transaction-service] :  (20:07) > TransactionService | getErrorLogs -> methoduna istek geldi
