  "transactionType": "TRANSFER",
  "description": "E2E transfer 20260516224855-9zejpt",
  "status": "VALIDATION_PENDING",
  "statusDescription": "Gönderici ve alýcý IBAN bilgileri ile hesap varlýðý doðrulanýyor",
  "error": false,
  "errorDescription": null,
  "isMoneyBlocked": true,
  "userValidation": true,
  "localDateTime": "2026-05-16T19:51:03.109542658",
  "senderTransactionHistory": null,
  "receiverTransactionHistory": [
    {
      "id": "32a11579-7d75-427e-8314-a9cd64807d2b",
      "eventId": "be47819c-26c0-4e2f-b042-8de7ddc34bdf",
      "receiverName": "E2EBeta",
      "senderName": "E2EAlpha",
      "senderSurname": "Tester",
      "senderEmail": "e2e.alpha.20260516224855-9zejpt@springbank.test",
      "receiverEmail": null,
      "receiverSurname": "Tester",
      "senderUserId": "9b8c8f96-99eb-4bf4-9792-38eac77cd575",
      "receiverUserId": null,
      "senderIban": "TR4531613EKO6V3HV1RBHS4UJ2",
      "receiverIban": "TR8746948BSRJX152UW5A6JTFU",
      "money": 1000,
      "transactionType": "TRANSFER",
      "description": "E2E transfer 20260516224855-9zejpt",
      "localDateTime": "2026-05-16T19:51:03.110323696",
      "error": false,
      "errorDescription": null,
      "userValidation": false,
      "isMoneyBlocked": false,
      "status": "CREATED",
      "tokenDetails": {
        "subject": "9b8c8f96-99eb-4bf4-9792-38eac77cd575",
        "preferredUsername": "e2e.alpha.20260516224855-9zejpt@springbank.test",
        "email": "e2e.alpha.20260516224855-9zejpt@springbank.test",
        "givenName": "E2EAlpha",
        "familyName": "Tester",
        "issuer": "http://keycloak:8080/realms/banking",
        "audienceJson": "\"account\"",
        "realmRoles": [
          "default-roles-banking",
          "offline_access",
          "uma_authorization",
          "USER"
        ],
        "headerJson": "{\"alg\":\"RS256\",\"typ\":\"JWT\",\"kid\":\"cXlYeegMcMa86uJVoCw83izxuVT_p7mjWVvIvYty2g0\"}",
        "claimsJson": "{\"exp\":1778961281,\"iat\":1778960981,\"jti\":\"5d8b2efa-716e-42e8-a0a7-bcaec41b20c2\",\"iss\":\"http://keycloak:8080/realms/banking\",\"aud\":\"account\",\"sub\":\"9b8c8f96-99eb-4bf4-9792-38eac77cd575\",\"typ\":\"Bearer\",\"azp\":\"banking-app\",\"session_state\":\"639f8201-f64b-4736-b241-3644bf68c129\",\"acr\":\"1\",\"allowed-origins\":[\"*\"],\"realm_access\":{\"roles\":[\"default-roles-banking\",\"offline_access\",\"uma_authorization\",\"USER\"]},\"resource_access\":{\"account\":{\"roles\":[\"manage-account\",\"manage-account-links\",\"view-profile\"]}},\"scope\":\"email profile\",\"sid\":\"639f8201-f64b-4736-b241-3644bf68c129\",\"email_verified\":true,\"name\":\"E2EAlpha Tester\",\"preferred_username\":\"e2e.alpha.20260516224855-9zejpt@springbank.test\",\"given_name\":\"E2EAlpha\",\"family_name\":\"Tester\",\"email\":\"e2e.alpha.20260516224855-9zejpt@springbank.test\"}",
        "issuedAt": "1778960981",
        "expiresAt": "1778961281",
        "jwtId": "5d8b2efa-716e-42e8-a0a7-bcaec41b20c2",
        "tokenType": "Bearer",
        "sessionState": "639f8201-f64b-4736-b241-3644bf68c129",
        "scope": "email profile"
      }
    }
  ],
  "tokenDetails": {
    "subject": "9b8c8f96-99eb-4bf4-9792-38eac77cd575",
    "preferredUsername": "e2e.alpha.20260516224855-9zejpt@springbank.test",
    "email": "e2e.alpha.20260516224855-9zejpt@springbank.test",
    "givenName": "E2EAlpha",
    "familyName": "Tester",
    "issuer": "http://keycloak:8080/realms/banking",
    "audienceJson": "\"account\"",
    "realmRoles": [
      "default-roles-banking",
      "offline_access",
      "uma_authorization",
      "USER"
    ],
    "headerJson": "{\"alg\":\"RS256\",\"typ\":\"JWT\",\"kid\":\"cXlYeegMcMa86uJVoCw83izxuVT_p7mjWVvIvYty2g0\"}",
    "claimsJson": "{\"exp\":1778961281,\"iat\":1778960981,\"jti\":\"5d8b2efa-716e-42e8-a0a7-bcaec41b20c2\",\"iss\":\"http://keycloak:8080/realms/banking\",\"aud\":\"account\",\"sub\":\"9b8c8f96-99eb-4bf4-9792-38eac77cd575\",\"typ\":\"Bearer\",\"azp\":\"banking-app\",\"session_state\":\"639f8201-f64b-4736-b241-3644bf68c129\",\"acr\":\"1\",\"allowed-origins\":[\"*\"],\"realm_access\":{\"roles\":[\"default-roles-banking\",\"offline_access\",\"uma_authorization\",\"USER\"]},\"resource_access\":{\"account\":{\"roles\":[\"manage-account\",\"manage-account-links\",\"view-profile\"]}},\"scope\":\"email profile\",\"sid\":\"639f8201-f64b-4736-b241-3644bf68c129\",\"email_verified\":true,\"name\":\"E2EAlpha Tester\",\"preferred_username\":\"e2e.alpha.20260516224855-9zejpt@springbank.test\",\"given_name\":\"E2EAlpha\",\"family_name\":\"Tester\",\"email\":\"e2e.alpha.20260516224855-9zejpt@springbank.test\"}",
    "issuedAt": "1778960981",
    "expiresAt": "1778961281",
    "jwtId": "5d8b2efa-716e-42e8-a0a7-bcaec41b20c2",
    "tokenType": "Bearer",
    "sessionState": "639f8201-f64b-4736-b241-3644bf68c129",
    "scope": "email profile"
  }
}
INFO  --- [user-service] :  (19:51) > KafkaSender | sendTransactionUserValidationSuccess -> Transaction success kafkaya mesaj gonderildi. Key: be47819c-26c0-4e2f-b042-8de7ddc34bdf, Dto:
{
  "eventUUID": "be47819c-26c0-4e2f-b042-8de7ddc34bdf",
  "keycloakUserUUID": "9b8c8f96-99eb-4bf4-9792-38eac77cd575",
  "senderName": "E2EAlpha",
  "senderSurname": "Tester",
  "senderEmail": "e2e.alpha.20260516224855-9zejpt@springbank.test",
  "receiverEmail": "e2e.beta.20260516222010-lo96ej@springbank.test",
  "receiverName": "E2EBeta",
  "receiverSurname": "Tester",
  "senderUserId": "9b8c8f96-99eb-4bf4-9792-38eac77cd575",
  "senderIban": "TR4531613EKO6V3HV1RBHS4UJ2",
  "receiverUserId": "a0cdcc62-8a77-440b-8bdb-86fadb2c18f0",
  "receiverIban": "TR8746948BSRJX152UW5A6JTFU",
  "money": 1000,
  "transactionType": "TRANSFER",
  "description": "E2E transfer 20260516224855-9zejpt",
  "status": "VALIDATION_PENDING",
  "statusDescription": "Gönderici ve alýcý IBAN bilgileri ile hesap varlýðý doðrulanýyor",
  "error": false,
  "errorDescription": null,
  "isMoneyBlocked": true,
  "userValidation": true,
  "localDateTime": "2026-05-16T19:51:03.109542658",
  "senderTransactionHistory": null,
  "receiverTransactionHistory": [
    {
      "id": "32a11579-7d75-427e-8314-a9cd64807d2b",
      "eventId": "be47819c-26c0-4e2f-b042-8de7ddc34bdf",
      "receiverName": "E2EBeta",
      "senderName": "E2EAlpha",
      "senderSurname": "Tester",
      "senderEmail": "e2e.alpha.20260516224855-9zejpt@springbank.test",
      "receiverEmail": null,
      "receiverSurname": "Tester",
      "senderUserId": "9b8c8f96-99eb-4bf4-9792-38eac77cd575",
      "receiverUserId": null,
      "senderIban": "TR4531613EKO6V3HV1RBHS4UJ2",
      "receiverIban": "TR8746948BSRJX152UW5A6JTFU",
      "money": 1000,
      "transactionType": "TRANSFER",
      "description": "E2E transfer 20260516224855-9zejpt",
      "localDateTime": "2026-05-16T19:51:03.110323696",
      "error": false,
      "errorDescription": null,
      "userValidation": false,
      "isMoneyBlocked": false,
      "status": "CREATED",
      "tokenDetails": {
        "subject": "9b8c8f96-99eb-4bf4-9792-38eac77cd575",
        "preferredUsername": "e2e.alpha.20260516224855-9zejpt@springbank.test",
        "email": "e2e.alpha.20260516224855-9zejpt@springbank.test",
        "givenName": "E2EAlpha",
        "familyName": "Tester",
        "issuer": "http://keycloak:8080/realms/banking",
        "audienceJson": "\"account\"",
        "realmRoles": [
          "default-roles-banking",
          "offline_access",
          "uma_authorization",
          "USER"
        ],
        "headerJson": "{\"alg\":\"RS256\",\"typ\":\"JWT\",\"kid\":\"cXlYeegMcMa86uJVoCw83izxuVT_p7mjWVvIvYty2g0\"}",
        "claimsJson": "{\"exp\":1778961281,\"iat\":1778960981,\"jti\":\"5d8b2efa-716e-42e8-a0a7-bcaec41b20c2\",\"iss\":\"http://keycloak:8080/realms/banking\",\"aud\":\"account\",\"sub\":\"9b8c8f96-99eb-4bf4-9792-38eac77cd575\",\"typ\":\"Bearer\",\"azp\":\"banking-app\",\"session_state\":\"639f8201-f64b-4736-b241-3644bf68c129\",\"acr\":\"1\",\"allowed-origins\":[\"*\"],\"realm_access\":{\"roles\":[\"default-roles-banking\",\"offline_access\",\"uma_authorization\",\"USER\"]},\"resource_access\":{\"account\":{\"roles\":[\"manage-account\",\"manage-account-links\",\"view-profile\"]}},\"scope\":\"email profile\",\"sid\":\"639f8201-f64b-4736-b241-3644bf68c129\",\"email_verified\":true,\"name\":\"E2EAlpha Tester\",\"preferred_username\":\"e2e.alpha.20260516224855-9zejpt@springbank.test\",\"given_name\":\"E2EAlpha\",\"family_name\":\"Tester\",\"email\":\"e2e.alpha.20260516224855-9zejpt@springbank.test\"}",
        "issuedAt": "1778960981",
        "expiresAt": "1778961281",
        "jwtId": "5d8b2efa-716e-42e8-a0a7-bcaec41b20c2",
        "tokenType": "Bearer",
        "sessionState": "639f8201-f64b-4736-b241-3644bf68c129",
        "scope": "email profile"
      }
    }
  ],
  "tokenDetails": {
    "subject": "9b8c8f96-99eb-4bf4-9792-38eac77cd575",
    "preferredUsername": "e2e.alpha.20260516224855-9zejpt@springbank.test",
    "email": "e2e.alpha.20260516224855-9zejpt@springbank.test",
    "givenName": "E2EAlpha",
    "familyName": "Tester",
    "issuer": "http://keycloak:8080/realms/banking",
    "audienceJson": "\"account\"",
    "realmRoles": [
      "default-roles-banking",
      "offline_access",
      "uma_authorization",
      "USER"
    ],
    "headerJson": "{\"alg\":\"RS256\",\"typ\":\"JWT\",\"kid\":\"cXlYeegMcMa86uJVoCw83izxuVT_p7mjWVvIvYty2g0\"}",
    "claimsJson": "{\"exp\":1778961281,\"iat\":1778960981,\"jti\":\"5d8b2efa-716e-42e8-a0a7-bcaec41b20c2\",\"iss\":\"http://keycloak:8080/realms/banking\",\"aud\":\"account\",\"sub\":\"9b8c8f96-99eb-4bf4-9792-38eac77cd575\",\"typ\":\"Bearer\",\"azp\":\"banking-app\",\"session_state\":\"639f8201-f64b-4736-b241-3644bf68c129\",\"acr\":\"1\",\"allowed-origins\":[\"*\"],\"realm_access\":{\"roles\":[\"default-roles-banking\",\"offline_access\",\"uma_authorization\",\"USER\"]},\"resource_access\":{\"account\":{\"roles\":[\"manage-account\",\"manage-account-links\",\"view-profile\"]}},\"scope\":\"email profile\",\"sid\":\"639f8201-f64b-4736-b241-3644bf68c129\",\"email_verified\":true,\"name\":\"E2EAlpha Tester\",\"preferred_username\":\"e2e.alpha.20260516224855-9zejpt@springbank.test\",\"given_name\":\"E2EAlpha\",\"family_name\":\"Tester\",\"email\":\"e2e.alpha.20260516224855-9zejpt@springbank.test\"}",
    "issuedAt": "1778960981",
    "expiresAt": "1778961281",
    "jwtId": "5d8b2efa-716e-42e8-a0a7-bcaec41b20c2",
    "tokenType": "Bearer",
    "sessionState": "639f8201-f64b-4736-b241-3644bf68c129",
    "scope": "email profile"
  }
}
INFO  --- [user-service] :  (19:52) > AuthController | login -> {
  "email": "admin@springbank.local",
  "password": "SpringBankAdmin123!"
}
INFO  --- [user-service] :  (19:52) > KeycloakUserService | login -> Request:
{
  "email": "admin@springbank.local",
  "password": "SpringBankAdmin123!"
}
INFO  --- [user-service] :  (20:03) > KafkaSender | sendTransactionUserValidationSuccess -> Kafkaya mesaj gonderilmek uzere alindi. Dto:
{
  "eventUUID": "b6f77671-af27-4cd2-b511-5fa631a53109",
  "keycloakUserUUID": "75cdda7c-9be6-4b07-8414-94c420545f02",
  "senderName": "E2EAlpha",
  "senderSurname": "Tester",
  "senderEmail": "e2e.alpha.20260516225945-ptcmv1@springbank.test",
  "receiverEmail": "e2e.beta.20260516222010-lo96ej@springbank.test",
  "receiverName": "E2EBeta",
  "receiverSurname": "Tester",
  "senderUserId": "75cdda7c-9be6-4b07-8414-94c420545f02",
  "senderIban": "TR08614424XFUP320W7JZWFY5G",
  "receiverUserId": "a0cdcc62-8a77-440b-8bdb-86fadb2c18f0",
  "receiverIban": "TR2298160MYNKEYCF5Z2BDBE4G",
  "money": 1000,
  "transactionType": "TRANSFER",
  "description": "E2E transfer 20260516225945-ptcmv1",
  "status": "VALIDATION_PENDING",
  "statusDescription": "Gönderici ve alýcý IBAN bilgileri ile hesap varlýðý doðrulanýyor",
  "error": false,
  "errorDescription": null,
  "isMoneyBlocked": true,
  "userValidation": true,
  "localDateTime": "2026-05-16T20:03:05.417270206",
  "senderTransactionHistory": null,
  "receiverTransactionHistory": [
    {
      "id": "623fa155-9b8f-47c9-8cd7-e5376c326072",
      "eventId": "b6f77671-af27-4cd2-b511-5fa631a53109",
      "receiverName": "E2EBeta",
      "senderName": "E2EAlpha",
      "senderSurname": "Tester",
      "senderEmail": "e2e.alpha.20260516225945-ptcmv1@springbank.test",
      "receiverEmail": null,
      "receiverSurname": "Tester",
      "senderUserId": "75cdda7c-9be6-4b07-8414-94c420545f02",
      "receiverUserId": null,
      "senderIban": "TR08614424XFUP320W7JZWFY5G",
      "receiverIban": "TR2298160MYNKEYCF5Z2BDBE4G",
      "money": 1000,
      "transactionType": "TRANSFER",
      "description": "E2E transfer 20260516225945-ptcmv1",
      "localDateTime": "2026-05-16T20:03:05.417610200",
      "error": false,
      "errorDescription": null,
      "userValidation": false,
      "isMoneyBlocked": false,
      "status": "CREATED",
      "tokenDetails": {
        "subject": "75cdda7c-9be6-4b07-8414-94c420545f02",
        "preferredUsername": "e2e.alpha.20260516225945-ptcmv1@springbank.test",
        "email": "e2e.alpha.20260516225945-ptcmv1@springbank.test",
        "givenName": "E2EAlpha",
        "familyName": "Tester",
        "issuer": "http://keycloak:8080/realms/banking",
        "audienceJson": "\"account\"",
        "realmRoles": [
          "default-roles-banking",
          "offline_access",
          "uma_authorization",
          "USER"
        ],
        "headerJson": "{\"alg\":\"RS256\",\"typ\":\"JWT\",\"kid\":\"cXlYeegMcMa86uJVoCw83izxuVT_p7mjWVvIvYty2g0\"}",
        "claimsJson": "{\"exp\":1778961991,\"iat\":1778961691,\"jti\":\"38711f9c-1216-4277-b071-893428c3b95d\",\"iss\":\"http://keycloak:8080/realms/banking\",\"aud\":\"account\",\"sub\":\"75cdda7c-9be6-4b07-8414-94c420545f02\",\"typ\":\"Bearer\",\"azp\":\"banking-app\",\"session_state\":\"268cf0ac-e208-4503-8759-a3ad6d9f8248\",\"acr\":\"1\",\"allowed-origins\":[\"*\"],\"realm_access\":{\"roles\":[\"default-roles-banking\",\"offline_access\",\"uma_authorization\",\"USER\"]},\"resource_access\":{\"account\":{\"roles\":[\"manage-account\",\"manage-account-links\",\"view-profile\"]}},\"scope\":\"email profile\",\"sid\":\"268cf0ac-e208-4503-8759-a3ad6d9f8248\",\"email_verified\":true,\"name\":\"E2EAlpha Tester\",\"preferred_username\":\"e2e.alpha.20260516225945-ptcmv1@springbank.test\",\"given_name\":\"E2EAlpha\",\"family_name\":\"Tester\",\"email\":\"e2e.alpha.20260516225945-ptcmv1@springbank.test\"}",
        "issuedAt": "1778961691",
        "expiresAt": "1778961991",
        "jwtId": "38711f9c-1216-4277-b071-893428c3b95d",
        "tokenType": "Bearer",
        "sessionState": "268cf0ac-e208-4503-8759-a3ad6d9f8248",
        "scope": "email profile"
      }
    }
  ],
  "tokenDetails": {
    "subject": "75cdda7c-9be6-4b07-8414-94c420545f02",
    "preferredUsername": "e2e.alpha.20260516225945-ptcmv1@springbank.test",
    "email": "e2e.alpha.20260516225945-ptcmv1@springbank.test",
    "givenName": "E2EAlpha",
    "familyName": "Tester",
    "issuer": "http://keycloak:8080/realms/banking",
    "audienceJson": "\"account\"",
    "realmRoles": [
      "default-roles-banking",
      "offline_access",
      "uma_authorization",
      "USER"
    ],
    "headerJson": "{\"alg\":\"RS256\",\"typ\":\"JWT\",\"kid\":\"cXlYeegMcMa86uJVoCw83izxuVT_p7mjWVvIvYty2g0\"}",
    "claimsJson": "{\"exp\":1778961991,\"iat\":1778961691,\"jti\":\"38711f9c-1216-4277-b071-893428c3b95d\",\"iss\":\"http://keycloak:8080/realms/banking\",\"aud\":\"account\",\"sub\":\"75cdda7c-9be6-4b07-8414-94c420545f02\",\"typ\":\"Bearer\",\"azp\":\"banking-app\",\"session_state\":\"268cf0ac-e208-4503-8759-a3ad6d9f8248\",\"acr\":\"1\",\"allowed-origins\":[\"*\"],\"realm_access\":{\"roles\":[\"default-roles-banking\",\"offline_access\",\"uma_authorization\",\"USER\"]},\"resource_access\":{\"account\":{\"roles\":[\"manage-account\",\"manage-account-links\",\"view-profile\"]}},\"scope\":\"email profile\",\"sid\":\"268cf0ac-e208-4503-8759-a3ad6d9f8248\",\"email_verified\":true,\"name\":\"E2EAlpha Tester\",\"preferred_username\":\"e2e.alpha.20260516225945-ptcmv1@springbank.test\",\"given_name\":\"E2EAlpha\",\"family_name\":\"Tester\",\"email\":\"e2e.alpha.20260516225945-ptcmv1@springbank.test\"}",
    "issuedAt": "1778961691",
    "expiresAt": "1778961991",
    "jwtId": "38711f9c-1216-4277-b071-893428c3b95d",
    "tokenType": "Bearer",
    "sessionState": "268cf0ac-e208-4503-8759-a3ad6d9f8248",
    "scope": "email profile"
  }
}
INFO  --- [user-service] :  (20:03) > KafkaSender | sendTransactionUserValidationSuccess -> Transaction success kafkaya mesaj gonderildi. Key: b6f77671-af27-4cd2-b511-5fa631a53109, Dto:
{
  "eventUUID": "b6f77671-af27-4cd2-b511-5fa631a53109",
  "keycloakUserUUID": "75cdda7c-9be6-4b07-8414-94c420545f02",
  "senderName": "E2EAlpha",
  "senderSurname": "Tester",
  "senderEmail": "e2e.alpha.20260516225945-ptcmv1@springbank.test",
  "receiverEmail": "e2e.beta.20260516222010-lo96ej@springbank.test",
  "receiverName": "E2EBeta",
  "receiverSurname": "Tester",
  "senderUserId": "75cdda7c-9be6-4b07-8414-94c420545f02",
  "senderIban": "TR08614424XFUP320W7JZWFY5G",
  "receiverUserId": "a0cdcc62-8a77-440b-8bdb-86fadb2c18f0",
  "receiverIban": "TR2298160MYNKEYCF5Z2BDBE4G",
  "money": 1000,
  "transactionType": "TRANSFER",
  "description": "E2E transfer 20260516225945-ptcmv1",
  "status": "VALIDATION_PENDING",
  "statusDescription": "Gönderici ve alýcý IBAN bilgileri ile hesap varlýðý doðrulanýyor",
  "error": false,
  "errorDescription": null,
  "isMoneyBlocked": true,
  "userValidation": true,
  "localDateTime": "2026-05-16T20:03:05.417270206",
  "senderTransactionHistory": null,
  "receiverTransactionHistory": [
    {
      "id": "623fa155-9b8f-47c9-8cd7-e5376c326072",
      "eventId": "b6f77671-af27-4cd2-b511-5fa631a53109",
      "receiverName": "E2EBeta",
      "senderName": "E2EAlpha",
      "senderSurname": "Tester",
      "senderEmail": "e2e.alpha.20260516225945-ptcmv1@springbank.test",
      "receiverEmail": null,
      "receiverSurname": "Tester",
      "senderUserId": "75cdda7c-9be6-4b07-8414-94c420545f02",
      "receiverUserId": null,
      "senderIban": "TR08614424XFUP320W7JZWFY5G",
      "receiverIban": "TR2298160MYNKEYCF5Z2BDBE4G",
      "money": 1000,
      "transactionType": "TRANSFER",
      "description": "E2E transfer 20260516225945-ptcmv1",
      "localDateTime": "2026-05-16T20:03:05.417610200",
      "error": false,
      "errorDescription": null,
      "userValidation": false,
      "isMoneyBlocked": false,
      "status": "CREATED",
      "tokenDetails": {
        "subject": "75cdda7c-9be6-4b07-8414-94c420545f02",
        "preferredUsername": "e2e.alpha.20260516225945-ptcmv1@springbank.test",
        "email": "e2e.alpha.20260516225945-ptcmv1@springbank.test",
        "givenName": "E2EAlpha",
        "familyName": "Tester",
        "issuer": "http://keycloak:8080/realms/banking",
        "audienceJson": "\"account\"",
        "realmRoles": [
          "default-roles-banking",
          "offline_access",
          "uma_authorization",
          "USER"
        ],
        "headerJson": "{\"alg\":\"RS256\",\"typ\":\"JWT\",\"kid\":\"cXlYeegMcMa86uJVoCw83izxuVT_p7mjWVvIvYty2g0\"}",
        "claimsJson": "{\"exp\":1778961991,\"iat\":1778961691,\"jti\":\"38711f9c-1216-4277-b071-893428c3b95d\",\"iss\":\"http://keycloak:8080/realms/banking\",\"aud\":\"account\",\"sub\":\"75cdda7c-9be6-4b07-8414-94c420545f02\",\"typ\":\"Bearer\",\"azp\":\"banking-app\",\"session_state\":\"268cf0ac-e208-4503-8759-a3ad6d9f8248\",\"acr\":\"1\",\"allowed-origins\":[\"*\"],\"realm_access\":{\"roles\":[\"default-roles-banking\",\"offline_access\",\"uma_authorization\",\"USER\"]},\"resource_access\":{\"account\":{\"roles\":[\"manage-account\",\"manage-account-links\",\"view-profile\"]}},\"scope\":\"email profile\",\"sid\":\"268cf0ac-e208-4503-8759-a3ad6d9f8248\",\"email_verified\":true,\"name\":\"E2EAlpha Tester\",\"preferred_username\":\"e2e.alpha.20260516225945-ptcmv1@springbank.test\",\"given_name\":\"E2EAlpha\",\"family_name\":\"Tester\",\"email\":\"e2e.alpha.20260516225945-ptcmv1@springbank.test\"}",
        "issuedAt": "1778961691",
        "expiresAt": "1778961991",
        "jwtId": "38711f9c-1216-4277-b071-893428c3b95d",
        "tokenType": "Bearer",
        "sessionState": "268cf0ac-e208-4503-8759-a3ad6d9f8248",
        "scope": "email profile"
      }
    }
  ],
  "tokenDetails": {
    "subject": "75cdda7c-9be6-4b07-8414-94c420545f02",
    "preferredUsername": "e2e.alpha.20260516225945-ptcmv1@springbank.test",
    "email": "e2e.alpha.20260516225945-ptcmv1@springbank.test",
    "givenName": "E2EAlpha",
    "familyName": "Tester",
    "issuer": "http://keycloak:8080/realms/banking",
    "audienceJson": "\"account\"",
    "realmRoles": [
      "default-roles-banking",
      "offline_access",
      "uma_authorization",
      "USER"
    ],
    "headerJson": "{\"alg\":\"RS256\",\"typ\":\"JWT\",\"kid\":\"cXlYeegMcMa86uJVoCw83izxuVT_p7mjWVvIvYty2g0\"}",
    "claimsJson": "{\"exp\":1778961991,\"iat\":1778961691,\"jti\":\"38711f9c-1216-4277-b071-893428c3b95d\",\"iss\":\"http://keycloak:8080/realms/banking\",\"aud\":\"account\",\"sub\":\"75cdda7c-9be6-4b07-8414-94c420545f02\",\"typ\":\"Bearer\",\"azp\":\"banking-app\",\"session_state\":\"268cf0ac-e208-4503-8759-a3ad6d9f8248\",\"acr\":\"1\",\"allowed-origins\":[\"*\"],\"realm_access\":{\"roles\":[\"default-roles-banking\",\"offline_access\",\"uma_authorization\",\"USER\"]},\"resource_access\":{\"account\":{\"roles\":[\"manage-account\",\"manage-account-links\",\"view-profile\"]}},\"scope\":\"email profile\",\"sid\":\"268cf0ac-e208-4503-8759-a3ad6d9f8248\",\"email_verified\":true,\"name\":\"E2EAlpha Tester\",\"preferred_username\":\"e2e.alpha.20260516225945-ptcmv1@springbank.test\",\"given_name\":\"E2EAlpha\",\"family_name\":\"Tester\",\"email\":\"e2e.alpha.20260516225945-ptcmv1@springbank.test\"}",
    "issuedAt": "1778961691",
    "expiresAt": "1778961991",
    "jwtId": "38711f9c-1216-4277-b071-893428c3b95d",
    "tokenType": "Bearer",
    "sessionState": "268cf0ac-e208-4503-8759-a3ad6d9f8248",
    "scope": "email profile"
  }
}
INFO  --- [user-service] :  (20:04) > AuthController | login -> {
  "email": "admin@springbank.local",
  "password": "SpringBankAdmin123!"
}
INFO  --- [user-service] :  (20:04) > KeycloakUserService | login -> Request:
{
  "email": "admin@springbank.local",
  "password": "SpringBankAdmin123!"
}
INFO  --- [user-service] :  (20:07) > AuthController | login -> {
  "email": "e2e.alpha.20260516225945-ptcmv1@springbank.test",
  "password": "Test1234!"
}
INFO  --- [user-service] :  (20:07) > KeycloakUserService | login -> Request:
{
  "email": "e2e.alpha.20260516225945-ptcmv1@springbank.test",
  "password": "Test1234!"
}
