**********************
Windows PowerShell transcript start
Start time: 20260517004408
Username: monte\alper
RunAs User: monte\alper
Configuration Name: 
Machine: MONTE (Microsoft Windows NT 10.0.26200.0)
Host Application: powershell.exe -NoProfile -ExecutionPolicy Bypass -Command $p=$env:SELF; $c=Get-Content -Raw -LiteralPath $p; $m='# POWERSHELL_PAYLOAD'; $i=$c.LastIndexOf($m); if($i -lt 0){throw 'PowerShell payload not found'}; $s=$c.Substring($i + $m.Length); Invoke-Expression $s
Process ID: 15176
PSVersion: 5.1.26100.7462
PSEdition: Desktop
PSCompatibleVersions: 1.0, 2.0, 3.0, 4.0, 5.0, 5.1.26100.7462
BuildVersion: 10.0.26100.7462
CLRVersion: 4.0.30319.42000
WSManStackVersion: 3.0
PSRemotingProtocolVersion: 2.3
SerializationVersion: 1.1.0.1
**********************
[INFO] RunId=20260517004407-3evdny
[INFO] Test modu=dev (dev=monolit gibi hizli dogrulama, full=tum Kafka/DB/pod/regression)
[INFO] Timeoutlar: HTTP=30 sn, step=120 sn, wait-cap=120 sn
[INFO] Tum loglar: C:\Users\alper\Music\SpringBank-with-Microservices - Kopya (2)\SpringBank-with-Microservices\.scriptsandhelpers\logs\full-e2e-20260517004407-3evdny

==== Kubernetes ve servis on kontrolleri ====
[OK]   kubectl context: docker-desktop
[OK]   Kubernetes API cevap veriyor
[OK]   namespace var: banking-microservices
[OK]   tum deployment'lar available condition beklemesi tamam
[OK]   deployment ready: postgres (1)
[OK]   deployment ready: kafka (1)
[OK]   deployment ready: keycloak (1)
[OK]   deployment ready: user-service (2)
[OK]   deployment ready: money-service (2)
[OK]   deployment ready: transaction-service (2)
[OK]   deployment ready: gateway (2)
[OK]   service var: postgres
[OK]   service var: kafka
[OK]   service var: keycloak
[OK]   service var: user-service
[OK]   service var: money-service
[OK]   service var: transaction-service
[OK]   service var: gateway

==== Gateway erisimi ====
[OK]   gateway static login.html HTTP 200
[OK]   static /login.html HTTP 200
[OK]   static /register.html HTTP 200
[OK]   static /dashboard.html HTTP 200
[OK]   static /transactions.html HTTP 200
[OK]   static /admin.html HTTP 200

==== Public health endpointleri ====
[OK]   money-service health unauthenticated/security HTTP 401
[OK]   user-service liveness HTTP 200
[OK]   user-service liveness HTTP 200 satisfied
[OK]   money-service liveness HTTP 200
[FAIL] transaction-service liveness HTTP 500 expected 200 body={"timestamp":"2026-05-16T21:44:21.159+00:00","path":"/api/transaction-service/actuator/health/liveness","status":500,"error":"Internal Server Error","requestId":"90a9a142-134"} curl= 500
[OK]   fraud-service liveness HTTP 200
[INFO] DEV-MONOLITH hizli mod: CQRS command/query internal health kontrolleri atlandi. Full kapsam icin: .scriptsandhelpers\test-everything.bat full
True

==== Kafka topic ve altyapi kontrolleri ====
[INFO] DEV-MONOLITH hizli mod: Kafka topic listeleme ve offset snapshot atlandi. Full kapsam icin: .scriptsandhelpers\test-everything.bat full
True

==== Register, login, token decode ====
[OK]   register user1 HTTP 200
[OK]   register user2 HTTP 200
[OK]   user1 login HTTP 200
[OK]   user1 access_token alindi
[OK]   user2 login HTTP 200
[OK]   user2 access_token alindi
[OK]   admin login HTTP 200
[OK]   admin access_token alindi
[OK]   user1 JWT sub: be21a915-bf03-41fa-b584-899e66037270
[OK]   user2 JWT sub: 5b273b40-8eb3-4976-b9db-94f51a339e67
[OK]   admin JWT ADMIN role iceriyor
[OK]   refresh token user1 HTTP 200
[INFO] DEV-MONOLITH hizli mod: register sonrasi Kafka user.created detay kontrolu atlandi. Full kapsam icin: .scriptsandhelpers\test-everything.bat full
True

==== Keycloak DB dogrulamasi ====
[OK]   Keycloak DB user1 kaydi var
[OK]   Keycloak DB user2 kaydi var

==== User admin endpointleri ====
[OK]   user admin total HTTP 200
[OK]   user admin roles HTTP 200
[OK]   user admin active HTTP 200
[OK]   user admin findbyemail user1 HTTP 200
[OK]   user1 DB id bulundu: be21a915-bf03-41fa-b584-899e66037270
[OK]   user get self by id HTTP 200
[OK]   user admin findbykeycloakuuid user1 HTTP 200
[OK]   user admin search name HTTP 200
[OK]   user admin allusers HTTP 200
[INFO] DEV-MONOLITH hizli mod: admin kullanici mutate/deactivate/reset/delete regression akisi atlandi. Full kapsam icin: .scriptsandhelpers\test-everything.bat full
True

==== Money account create ve DB dogrulamasi ====
[OK]   money create user1 HTTP 200
[OK]   money create user2 HTTP 200
[OK]   user1 balance-info HTTP 200
[OK]   user2 balance-info HTTP 200
PS>TerminatingError(Add-Content): "The running command stopped because the preference variable "ErrorActionPreference" or common parameter is set to Stop: İşlem, başka bir işlem tarafından kullanıldığından 'C:\Users\alper\Music\SpringBank-with-Microservices - Kopya (2)\SpringBank-with-Microservices\.scriptsandhelpers\logs\full-e2e-20260517004407-3evdny\http.txt' dosyasına erişemiyor."
[OK]   user1 IBAN var: TR8468881MD8GG1K3JNFZSWUTX
[OK]   user2 IBAN var: TR45446226D8DNFIQ1MAE7ZE05
[OK]   getUserIbanWithUserId user1 HTTP 200
[OK]   Postgres banking_money user1 money kaydi var
[OK]   Postgres banking_money user2 money kaydi var
[INFO] DEV-MONOLITH hizli mod: money account Kafka detay kontrolu atlandi. Full kapsam icin: .scriptsandhelpers\test-everything.bat full
True

==== Money direct deposit/withdraw endpointleri ====
[OK]   money direct depositByUserId user2 HTTP 200
[OK]   user2 after direct deposit balance-info HTTP 200
[OK]   user2 direct deposit balance 200 satisfied
[OK]   money direct withdrawByUserId user2 HTTP 200
[OK]   user2 after direct withdraw balance-info HTTP 200
[OK]   user2 direct withdraw balance 0 satisfied

==== Deposit, withdraw, transfer E2E ====
[INFO] DEV-MONOLITH hizli mod: transaction Kafka offset snapshot atlandi. Full kapsam icin: .scriptsandhelpers\test-everything.bat full
True
[FAIL] transaction deposit user1 HTTP 500 expected 201 body={"timestamp":"2026-05-16T21:44:54.435+00:00","path":"/api/transaction-service/v1/transactions/create","status":500,"error":"Internal Server Error","requestId":"13da3c87-146"} curl= 500
[OK]   user1 after deposit balance-info HTTP 200
[OK]   user1 after deposit balance-info HTTP 200
[OK]   user1 after deposit balance-info HTTP 200
[OK]   user1 after deposit balance-info HTTP 200
[OK]   user1 after deposit balance-info HTTP 200
[OK]   user1 after deposit balance-info HTTP 200
[OK]   user1 after deposit balance-info HTTP 200
[OK]   user1 after deposit balance-info HTTP 200
[OK]   user1 after deposit balance-info HTTP 200
[OK]   user1 after deposit balance-info HTTP 200
[OK]   user1 after deposit balance-info HTTP 200
[OK]   user1 after deposit balance-info HTTP 200
[OK]   user1 after deposit balance-info HTTP 200
[OK]   user1 after deposit balance-info HTTP 200
[OK]   user1 after deposit balance-info HTTP 200
[OK]   user1 after deposit balance-info HTTP 200
[OK]   user1 after deposit balance-info HTTP 200
[FAIL] user1 balance >= 5000 after deposit timed out. Last=False
[OK]   transaction withdraw user1 HTTP 201
[OK]   user1 after withdraw balance-info HTTP 200
[OK]   user1 after withdraw balance-info HTTP 200
[OK]   user1 after withdraw balance-info HTTP 200
[OK]   user1 after withdraw balance-info HTTP 200
[OK]   user1 after withdraw balance-info HTTP 200
[OK]   user1 after withdraw balance-info HTTP 200
[OK]   user1 after withdraw balance-info HTTP 200
[OK]   user1 after withdraw balance-info HTTP 200
[OK]   user1 after withdraw balance-info HTTP 200
[OK]   user1 after withdraw balance-info HTTP 200
[OK]   user1 after withdraw balance-info HTTP 200
[OK]   user1 after withdraw balance-info HTTP 200
[OK]   user1 after withdraw balance-info HTTP 200
[OK]   user1 after withdraw balance-info HTTP 200
[OK]   user1 after withdraw balance-info HTTP 200
[OK]   user1 after withdraw balance-info HTTP 200
[OK]   user1 after withdraw balance-info HTTP 200
[FAIL] user1 balance 4500 after withdraw timed out. Last=False
[OK]   transaction transfer user1 to user2 HTTP 201
[OK]   user1 after transfer balance-info HTTP 200
[OK]   user2 after transfer balance-info HTTP 200
[OK]   user1 after transfer balance-info HTTP 200
[OK]   user2 after transfer balance-info HTTP 200
[OK]   user1 after transfer balance-info HTTP 200
[OK]   user2 after transfer balance-info HTTP 200
[OK]   user1 after transfer balance-info HTTP 200
[OK]   user2 after transfer balance-info HTTP 200
[OK]   user1 after transfer balance-info HTTP 200
[OK]   user2 after transfer balance-info HTTP 200
[OK]   user1 after transfer balance-info HTTP 200
[OK]   user2 after transfer balance-info HTTP 200
[OK]   user1 after transfer balance-info HTTP 200
[OK]   user2 after transfer balance-info HTTP 200
[OK]   user1 after transfer balance-info HTTP 200
[OK]   user2 after transfer balance-info HTTP 200
[OK]   user1 after transfer balance-info HTTP 200
[OK]   user2 after transfer balance-info HTTP 200
[OK]   user1 after transfer balance-info HTTP 200
[OK]   user2 after transfer balance-info HTTP 200
[OK]   user1 after transfer balance-info HTTP 200
[OK]   user2 after transfer balance-info HTTP 200
[OK]   user1 after transfer balance-info HTTP 200
[OK]   user2 after transfer balance-info HTTP 200
[OK]   user1 after transfer balance-info HTTP 200
[OK]   user2 after transfer balance-info HTTP 200
[OK]   user1 after transfer balance-info HTTP 200
[OK]   user2 after transfer balance-info HTTP 200
[OK]   user1 after transfer balance-info HTTP 200
[OK]   user2 after transfer balance-info HTTP 200
[OK]   user1 after transfer balance-info HTTP 200
PS>TerminatingError(Add-Content): "The running command stopped because the preference variable "ErrorActionPreference" or common parameter is set to Stop: Akış okunabilir değildi."
PS>TerminatingError(Add-Content): "The running command stopped because the preference variable "ErrorActionPreference" or common parameter is set to Stop: Akış okunabilir değildi."
PS>TerminatingError(Add-Content): "The running command stopped because the preference variable "ErrorActionPreference" or common parameter is set to Stop: Akış okunabilir değildi."
PS>TerminatingError(Add-Content): "The running command stopped because the preference variable "ErrorActionPreference" or common parameter is set to Stop: Akış okunabilir değildi."
PS>TerminatingError(Add-Content): "The running command stopped because the preference variable "ErrorActionPreference" or common parameter is set to Stop: Akış okunabilir değildi."
PS>TerminatingError(Add-Content): "The running command stopped because the preference variable "ErrorActionPreference" or common parameter is set to Stop: Akış okunabilir değildi."
PS>TerminatingError(Add-Content): "The running command stopped because the preference variable "ErrorActionPreference" or common parameter is set to Stop: Akış okunabilir değildi."
PS>TerminatingError(Add-Content): "The running command stopped because the preference variable "ErrorActionPreference" or common parameter is set to Stop: Akış okunabilir değildi."
PS>TerminatingError(Add-Content): "The running command stopped because the preference variable "ErrorActionPreference" or common parameter is set to Stop: Akış okunabilir değildi."
PS>TerminatingError(Add-Content): "The running command stopped because the preference variable "ErrorActionPreference" or common parameter is set to Stop: Akış okunabilir değildi."
[WARN] log yazilamadi path=C:\Users\alper\Music\SpringBank-with-Microservices - Kopya (2)\SpringBank-with-Microservices\.scriptsandhelpers\logs\full-e2e-20260517004407-3evdny\all-logs.txt error=Akış okunabilir değildi.
PS>TerminatingError(Add-Content): "The running command stopped because the preference variable "ErrorActionPreference" or common parameter is set to Stop: Akış okunabilir değildi."
PS>TerminatingError(Add-Content): "The running command stopped because the preference variable "ErrorActionPreference" or common parameter is set to Stop: Akış okunabilir değildi."
PS>TerminatingError(Add-Content): "The running command stopped because the preference variable "ErrorActionPreference" or common parameter is set to Stop: Akış okunabilir değildi."
PS>TerminatingError(Add-Content): "The running command stopped because the preference variable "ErrorActionPreference" or common parameter is set to Stop: Akış okunabilir değildi."
PS>TerminatingError(Add-Content): "The running command stopped because the preference variable "ErrorActionPreference" or common parameter is set to Stop: Akış okunabilir değildi."
PS>TerminatingError(Add-Content): "The running command stopped because the preference variable "ErrorActionPreference" or common parameter is set to Stop: Akış okunabilir değildi."
PS>TerminatingError(Add-Content): "The running command stopped because the preference variable "ErrorActionPreference" or common parameter is set to Stop: Akış okunabilir değildi."
PS>TerminatingError(Add-Content): "The running command stopped because the preference variable "ErrorActionPreference" or common parameter is set to Stop: Akış okunabilir değildi."
PS>TerminatingError(Add-Content): "The running command stopped because the preference variable "ErrorActionPreference" or common parameter is set to Stop: Akış okunabilir değildi."
PS>TerminatingError(Add-Content): "The running command stopped because the preference variable "ErrorActionPreference" or common parameter is set to Stop: Akış okunabilir değildi."
[WARN] log yazilamadi path=C:\Users\alper\Music\SpringBank-with-Microservices - Kopya (2)\SpringBank-with-Microservices\.scriptsandhelpers\logs\full-e2e-20260517004407-3evdny\all-logs.txt error=Akış okunabilir değildi.
PS>TerminatingError(Add-Content): "The running command stopped because the preference variable "ErrorActionPreference" or common parameter is set to Stop: Akış okunabilir değildi."
PS>TerminatingError(Add-Content): "The running command stopped because the preference variable "ErrorActionPreference" or common parameter is set to Stop: Akış okunabilir değildi."
PS>TerminatingError(Add-Content): "The running command stopped because the preference variable "ErrorActionPreference" or common parameter is set to Stop: Akış okunabilir değildi."
PS>TerminatingError(Add-Content): "The running command stopped because the preference variable "ErrorActionPreference" or common parameter is set to Stop: Akış okunabilir değildi."
PS>TerminatingError(Add-Content): "The running command stopped because the preference variable "ErrorActionPreference" or common parameter is set to Stop: Akış okunabilir değildi."
PS>TerminatingError(Add-Content): "The running command stopped because the preference variable "ErrorActionPreference" or common parameter is set to Stop: Akış okunabilir değildi."
PS>TerminatingError(Add-Content): "The running command stopped because the preference variable "ErrorActionPreference" or common parameter is set to Stop: Akış okunabilir değildi."
PS>TerminatingError(Add-Content): "The running command stopped because the preference variable "ErrorActionPreference" or common parameter is set to Stop: Akış okunabilir değildi."
PS>TerminatingError(Add-Content): "The running command stopped because the preference variable "ErrorActionPreference" or common parameter is set to Stop: Akış okunabilir değildi."
PS>TerminatingError(Add-Content): "The running command stopped because the preference variable "ErrorActionPreference" or common parameter is set to Stop: Akış okunabilir değildi."
[WARN] log yazilamadi path=C:\Users\alper\Music\SpringBank-with-Microservices - Kopya (2)\SpringBank-with-Microservices\.scriptsandhelpers\logs\full-e2e-20260517004407-3evdny\all-logs.txt error=Akış okunabilir değildi.
[OK]   user2 after transfer balance-info HTTP 200
[OK]   user1 after transfer balance-info HTTP 200
[OK]   user2 after transfer balance-info HTTP 200
[OK]   user1 after transfer balance-info HTTP 200
[FAIL] user2 after transfer balance-info HTTP 0 expected 200 body= curl=
[OK]   user1 after transfer balance-info HTTP 200
[OK]   user2 after transfer balance-info HTTP 200
[FAIL] transfer balances user1=3500 user2=1000 timed out. Last=False
[OK]   user1 final balance-info HTTP 200
[OK]   user2 final balance-info HTTP 200
[FAIL] Final user1 money 3500
[FAIL] Final user2 money 1000
[OK]   Final user1 blockedmoney 0
[OK]   Final user2 blockedmoney 0
[FAIL] DB user1 money/blocked dogru: 0.00|0.00
[FAIL] DB user2 money/blocked dogru: 0.00|0.00
[FAIL] Step 2 dakikayi asti: Deposit, withdraw, transfer E2E duration=326733ms / 326.733s / 5.446m

==== Transaction endpointleri ve DB dogrulamasi ====
[OK]   transaction history user1 HTTP 200
[OK]   transaction history user2 HTTP 200
[FAIL] user1 transaction history >= 3
[OK]   user2 transaction history >= 1
[OK]   transaction errors endpoint HTTP 200
[OK]   transaction daterange HTTP 200
[OK]   DB transfer event_uuid var: cdc3e71a-472c-4760-9637-354b14cd8f3e
[FAIL] DB transfer status COMPLETED
[OK]   transaction byid HTTP 200
[INFO] DEV-MONOLITH hizli mod: transaction Kafka topic icerik kontrolleri atlandi. Full kapsam icin: .scriptsandhelpers\test-everything.bat full
True

==== Dev monolith admin ve frontend smoke ====
[OK]   admin refresh before dev smoke login HTTP 200
[OK]   admin refresh before dev smoke access_token alindi
[OK]   dev money admin summary HTTP 200
[OK]   dev transaction admin summary HTTP 200
[OK]   dev gateway test logs runs HTTP 200
[OK]   dev admin panel html HTTP 200
PS>TerminatingError(Add-Content): "The running command stopped because the preference variable "ErrorActionPreference" or common parameter is set to Stop: İşlem, başka bir işlem tarafından kullanıldığından 'C:\Users\alper\Music\SpringBank-with-Microservices - Kopya (2)\SpringBank-with-Microservices\.scriptsandhelpers\logs\full-e2e-20260517004407-3evdny\all-logs.txt' dosyasına erişemiyor."
[OK]   dev transactions html HTTP 200

==== Dev kullanici islem geri cek smoke ====
[OK]   dev cancel smoke deposit HTTP 201
[OK]   user1 before cancel smoke balance-info HTTP 200
[OK]   user1 before cancel smoke balance-info HTTP 200
[OK]   user1 before cancel smoke balance-info HTTP 200
[OK]   user1 before cancel smoke balance-info HTTP 200
[OK]   user1 before cancel smoke balance-info HTTP 200
[OK]   user1 before cancel smoke balance-info HTTP 200
[OK]   user1 before cancel smoke balance-info HTTP 200
[OK]   user1 before cancel smoke balance-info HTTP 200
[OK]   user1 before cancel smoke balance-info HTTP 200
[OK]   user1 before cancel smoke balance-info HTTP 200
[OK]   user1 before cancel smoke balance-info HTTP 200
[OK]   user1 before cancel smoke balance-info HTTP 200
[OK]   user1 before cancel smoke balance-info HTTP 200
[OK]   user1 before cancel smoke balance-info HTTP 200
[OK]   user1 before cancel smoke balance-info HTTP 200
[OK]   user1 before cancel smoke balance-info HTTP 200
[OK]   user1 before cancel smoke balance-info HTTP 200
[OK]   user1 before cancel smoke balance-info HTTP 200
[OK]   user1 before cancel smoke balance-info HTTP 200
[FAIL] dev cancel smoke deposit applied timed out. Last=False
[OK]   dev cancel smoke event bulundu: 24a9b647-9285-4a88-b9ce-6062f1684783
[OK]   dev user transaction cancel HTTP 200
[OK]   dev cancel status dogru: REVERSED

==== Logout ====
[OK]   logout user2 refresh token HTTP 200

==== Son ozet ====

DEV MONOLITH TESTLERINDE HATA VAR. Pass=182 Fail=14 RunId=20260517004407-3evdny Duration=454718ms / 454.718s / 7.579m
 - transaction-service liveness HTTP 500 expected 200 body={"timestamp":"2026-05-16T21:44:21.159+00:00","path":"/api/transaction-service/actuator/health/liveness","status":500,"error":"Internal Server Error","requestId":"90a9a142-134"} curl= 500
 - transaction deposit user1 HTTP 500 expected 201 body={"timestamp":"2026-05-16T21:44:54.435+00:00","path":"/api/transaction-service/v1/transactions/create","status":500,"error":"Internal Server Error","requestId":"13da3c87-146"} curl= 500
 - user1 balance >= 5000 after deposit timed out. Last=False
 - user1 balance 4500 after withdraw timed out. Last=False
 - user2 after transfer balance-info HTTP 0 expected 200 body= curl=
 - transfer balances user1=3500 user2=1000 timed out. Last=False
 - Final user1 money 3500
 - Final user2 money 1000
 - DB user1 money/blocked dogru: 0.00|0.00
 - DB user2 money/blocked dogru: 0.00|0.00
 - Step 2 dakikayi asti: Deposit, withdraw, transfer E2E duration=326733ms / 326.733s / 5.446m
 - user1 transaction history >= 3
 - DB transfer status COMPLETED
 - dev cancel smoke deposit applied timed out. Last=False
**********************
Windows PowerShell transcript end
End time: 20260517005142
**********************
