**********************
Windows PowerShell transcript start
Start time: 20260517002401
Username: monte\alper
RunAs User: monte\alper
Configuration Name: 
Machine: MONTE (Microsoft Windows NT 10.0.26200.0)
Host Application: powershell.exe -NoProfile -ExecutionPolicy Bypass -Command $p=$env:SELF; $c=Get-Content -Raw -LiteralPath $p; $m='# POWERSHELL_PAYLOAD'; $i=$c.LastIndexOf($m); if($i -lt 0){throw 'PowerShell payload not found'}; $s=$c.Substring($i + $m.Length); Invoke-Expression $s
Process ID: 21604
PSVersion: 5.1.26100.7462
PSEdition: Desktop
PSCompatibleVersions: 1.0, 2.0, 3.0, 4.0, 5.0, 5.1.26100.7462
BuildVersion: 10.0.26100.7462
CLRVersion: 4.0.30319.42000
WSManStackVersion: 3.0
PSRemotingProtocolVersion: 2.3
SerializationVersion: 1.1.0.1
**********************
[INFO] RunId=20260517002400-y3w8ve
[INFO] Tum loglar: C:\Users\alper\Music\SpringBank-with-Microservices - Kopya (2)\SpringBank-with-Microservices\.scriptsandhelpers\logs\full-e2e-20260517002400-y3w8ve

==== Kubernetes ve servis on kontrolleri ====
[OK]   kubectl context: docker-desktop
[OK]   Kubernetes API cevap veriyor
[OK]   namespace var: banking-microservices
[OK]   tum deployment'lar available condition beklemesi tamam
[OK]   deployment ready: postgres (1)
[OK]   deployment ready: redis (1)
[OK]   deployment ready: mongodb (1)
[OK]   deployment ready: elasticsearch (1)
[OK]   deployment ready: zookeeper (1)
[OK]   deployment ready: kafka (1)
[OK]   deployment ready: keycloak (1)
[OK]   deployment ready: user-service (2)
[OK]   deployment ready: money-service (2)
[OK]   deployment ready: money-service-command (2)
[OK]   deployment ready: money-service-query (2)
[OK]   deployment ready: transaction-service (2)
[OK]   deployment ready: fraud-service (2)
[OK]   deployment ready: gateway (2)
[OK]   service var: postgres
[OK]   service var: redis
[OK]   service var: mongodb
[OK]   service var: elasticsearch
[OK]   service var: zookeeper
[OK]   service var: kafka
[OK]   service var: keycloak
[OK]   service var: user-service
[OK]   service var: money-service
[OK]   service var: money-service-command
[OK]   service var: money-service-query
[OK]   service var: transaction-service
[OK]   service var: fraud-service
[OK]   service var: gateway

==== Gateway erisimi ====
[OK]   gateway static login.html HTTP 200
PS>TerminatingError(ConvertFrom-Json): "Geçersiz JSON basit öğesi: ."
[OK]   static / HTTP 200
PS>TerminatingError(ConvertFrom-Json): "Geçersiz JSON basit öğesi: ."
[OK]   static /index.html HTTP 200
PS>TerminatingError(ConvertFrom-Json): "Geçersiz JSON basit öğesi: ."
[OK]   static /login.html HTTP 200
PS>TerminatingError(ConvertFrom-Json): "Geçersiz JSON basit öğesi: ."
[OK]   static /register.html HTTP 200
PS>TerminatingError(ConvertFrom-Json): "Geçersiz JSON basit öğesi: ."
[OK]   static /dashboard.html HTTP 200
PS>TerminatingError(ConvertFrom-Json): "Geçersiz JSON basit öğesi: ."
[OK]   static /deposit.html HTTP 200
PS>TerminatingError(ConvertFrom-Json): "Geçersiz JSON basit öğesi: ."
[OK]   static /withdraw.html HTTP 200
PS>TerminatingError(ConvertFrom-Json): "Geçersiz JSON basit öğesi: ."
[OK]   static /transfer.html HTTP 200
PS>TerminatingError(ConvertFrom-Json): "Geçersiz JSON basit öğesi: ."
[OK]   static /transactions.html HTTP 200
PS>TerminatingError(ConvertFrom-Json): "Geçersiz JSON basit öğesi: ."
[OK]   static /admin.html HTTP 200
PS>TerminatingError(ConvertFrom-Json): "Geçersiz JSON basit öğesi: ."

==== Public health endpointleri ====
[OK]   money-service health unauthenticated/security HTTP 401
[OK]   user-service liveness HTTP 200
