[INFO] Scanning for projects...
[INFO] 
[INFO] ------< com.banking-microservices:transaction-TransactionService >------
[INFO] Building transaction-service 0.0.1-SNAPSHOT
[INFO]   from pom.xml
[INFO] --------------------------------[ jar ]---------------------------------
[INFO] 
[INFO] --- clean:3.5.0:clean (default-clean) @ transaction-TransactionService ---
[INFO] Deleting C:\Users\alper\Desktop\PROJE\SpringBank-with-Microservices\transaction-service\target
[INFO] 
[INFO] --- resources:3.3.1:resources (default-resources) @ transaction-TransactionService ---
[INFO] Copying 1 resource from src\main\resources to target\classes
[INFO] Copying 0 resource from src\main\resources to target\classes
[INFO] 
[INFO] --- compiler:3.14.1:compile (default-compile) @ transaction-TransactionService ---
[INFO] Recompiling the module because of changed source code.
[INFO] Compiling 22 source files with javac [debug parameters release 21] to target\classes
[INFO] -------------------------------------------------------------
[WARNING] COMPILATION WARNING : 
[INFO] -------------------------------------------------------------
[WARNING] /C:/Users/alper/Desktop/PROJE/SpringBank-with-Microservices/transaction-service/src/main/java/com/banking_microservices/transaction_service/model/TransactionEntity.java:[31,20] @Builder will ignore the initializing expression entirely. If you want the initializing expression to serve as default, add @Builder.Default. If it is not supposed to be settable during building, make the field final.
[WARNING] /C:/Users/alper/Desktop/PROJE/SpringBank-with-Microservices/transaction-service/src/main/java/com/banking_microservices/transaction_service/model/TransactionEntity.java:[45,20] @Builder will ignore the initializing expression entirely. If you want the initializing expression to serve as default, add @Builder.Default. If it is not supposed to be settable during building, make the field final.
[WARNING] /C:/Users/alper/Desktop/PROJE/SpringBank-with-Microservices/transaction-service/src/main/java/com/banking_microservices/transaction_service/model/TransactionEntity.java:[47,20] @Builder will ignore the initializing expression entirely. If you want the initializing expression to serve as default, add @Builder.Default. If it is not supposed to be settable during building, make the field final.
[WARNING] /C:/Users/alper/Desktop/PROJE/SpringBank-with-Microservices/transaction-service/src/main/java/com/banking_microservices/transaction_service/model/TransactionEntity.java:[49,20] @Builder will ignore the initializing expression entirely. If you want the initializing expression to serve as default, add @Builder.Default. If it is not supposed to be settable during building, make the field final.
[WARNING] /C:/Users/alper/Desktop/PROJE/SpringBank-with-Microservices/transaction-service/src/main/java/com/banking_microservices/transaction_service/model/TransactionEntity.java:[51,20] @Builder will ignore the initializing expression entirely. If you want the initializing expression to serve as default, add @Builder.Default. If it is not supposed to be settable during building, make the field final.
[WARNING] /C:/Users/alper/Desktop/PROJE/SpringBank-with-Microservices/transaction-service/src/main/java/com/banking_microservices/transaction_service/model/TransactionEntity.java:[53,20] @Builder will ignore the initializing expression entirely. If you want the initializing expression to serve as default, add @Builder.Default. If it is not supposed to be settable during building, make the field final.
[WARNING] /C:/Users/alper/Desktop/PROJE/SpringBank-with-Microservices/transaction-service/src/main/java/com/banking_microservices/transaction_service/model/TransactionEntity.java:[61,20] @Builder will ignore the initializing expression entirely. If you want the initializing expression to serve as default, add @Builder.Default. If it is not supposed to be settable during building, make the field final.
[INFO] 7 warnings 
[INFO] -------------------------------------------------------------
[INFO] -------------------------------------------------------------
[ERROR] COMPILATION ERROR : 
[INFO] -------------------------------------------------------------
[ERROR] /C:/Users/alper/Desktop/PROJE/SpringBank-with-Microservices/transaction-service/src/main/java/com/banking_microservices/transaction_service/kafka/KafkaSender.java:[5,23] package com.google.gson does not exist
[ERROR] /C:/Users/alper/Desktop/PROJE/SpringBank-with-Microservices/transaction-service/src/main/java/com/banking_microservices/transaction_service/kafka/KafkaSender.java:[6,23] package com.google.gson does not exist
[ERROR] /C:/Users/alper/Desktop/PROJE/SpringBank-with-Microservices/transaction-service/src/main/java/com/banking_microservices/transaction_service/kafka/KafkaSender.java:[16,19] cannot find symbol
  symbol:   class Gson
  location: class com.banking_microservices.transaction_service.kafka.KafkaSender
[INFO] 3 errors 
[INFO] -------------------------------------------------------------
[INFO] ------------------------------------------------------------------------
[INFO] BUILD FAILURE
[INFO] ------------------------------------------------------------------------
[INFO] Total time:  3.744 s
[INFO] Finished at: 2026-03-14T03:29:24+03:00
[INFO] ------------------------------------------------------------------------
[ERROR] Failed to execute goal org.apache.maven.plugins:maven-compiler-plugin:3.14.1:compile (default-compile) on project transaction-TransactionService: Compilation failure: Compilation failure: 
[ERROR] /C:/Users/alper/Desktop/PROJE/SpringBank-with-Microservices/transaction-service/src/main/java/com/banking_microservices/transaction_service/kafka/KafkaSender.java:[5,23] package com.google.gson does not exist
[ERROR] /C:/Users/alper/Desktop/PROJE/SpringBank-with-Microservices/transaction-service/src/main/java/com/banking_microservices/transaction_service/kafka/KafkaSender.java:[6,23] package com.google.gson does not exist
[ERROR] /C:/Users/alper/Desktop/PROJE/SpringBank-with-Microservices/transaction-service/src/main/java/com/banking_microservices/transaction_service/kafka/KafkaSender.java:[16,19] cannot find symbol
[ERROR]   symbol:   class Gson
[ERROR]   location: class com.banking_microservices.transaction_service.kafka.KafkaSender
[ERROR] -> [Help 1]
[ERROR] 
[ERROR] To see the full stack trace of the errors, re-run Maven with the -e switch.
[ERROR] Re-run Maven using the -X switch to enable full debug logging.
[ERROR] 
[ERROR] For more information about the errors and possible solutions, please read the following articles:
[ERROR] [Help 1] http://cwiki.apache.org/confluence/display/MAVEN/MojoFailureException
