
  .   ____          _            __ _ _
 /\\ / ___'_ __ _ _(_)_ __  __ _ \ \ \ \
( ( )\___ | '_ | '_| | '_ \/ _` | \ \ \ \
 \\/  ___)| |_)| | | | | || (_| |  ) ) ) )
  '  |____| .__|_| |_|_| |_\__, | / / / /
 =========|_|==============|___/=/_/_/_/

 :: Spring Boot ::                (v3.4.2)

INFO  --- [gateway] : Starting GatewayApplication v0.0.1-SNAPSHOT using Java 21.0.11 with PID 1 (/app/app.jar started by root in /app)
INFO  --- [gateway] : No active profile set, falling back to 1 default profile: "default"
INFO  --- [gateway] : BeanFactory id=e45648c7-cb8a-3e2e-b90d-9041ec4c9e2b
INFO  --- [gateway] : Loaded RoutePredicateFactory [After]
INFO  --- [gateway] : Loaded RoutePredicateFactory [Before]
INFO  --- [gateway] : Loaded RoutePredicateFactory [Between]
INFO  --- [gateway] : Loaded RoutePredicateFactory [Cookie]
INFO  --- [gateway] : Loaded RoutePredicateFactory [Header]
INFO  --- [gateway] : Loaded RoutePredicateFactory [Host]
INFO  --- [gateway] : Loaded RoutePredicateFactory [Method]
INFO  --- [gateway] : Loaded RoutePredicateFactory [Path]
INFO  --- [gateway] : Loaded RoutePredicateFactory [Query]
INFO  --- [gateway] : Loaded RoutePredicateFactory [ReadBody]
INFO  --- [gateway] : Loaded RoutePredicateFactory [RemoteAddr]
INFO  --- [gateway] : Loaded RoutePredicateFactory [XForwardedRemoteAddr]
INFO  --- [gateway] : Loaded RoutePredicateFactory [Weight]
INFO  --- [gateway] : Loaded RoutePredicateFactory [CloudFoundryRouteService]
INFO  --- [gateway] : Exposing 2 endpoints beneath base path '/actuator'
INFO  --- [gateway] : Netty started on port 8095 (http)
INFO  --- [gateway] : Started GatewayApplication in 49.553 seconds (process running for 56.259)
ERROR --- [gateway] : [dd1824bd-9]  500 Server Error for HTTP GET "/api/transaction-service/actuator/health/liveness"
io.netty.channel.AbstractChannel$AnnotatedConnectException: finishConnect(..) failed: Connection refused: transaction-service.banking-microservices.svc.cluster.local/10.98.36.234:8083
	Suppressed: reactor.core.publisher.FluxOnAssembly$OnAssemblyException: 
Error has been observed at the following site(s):
	*__checkpoint ? org.springframework.cloud.gateway.filter.WeightCalculatorWebFilter [DefaultWebFilterChain]
	*__checkpoint ? AuthorizationWebFilter [DefaultWebFilterChain]
	*__checkpoint ? ExceptionTranslationWebFilter [DefaultWebFilterChain]
	*__checkpoint ? LogoutWebFilter [DefaultWebFilterChain]
	*__checkpoint ? ServerRequestCacheWebFilter [DefaultWebFilterChain]
	*__checkpoint ? SecurityContextServerWebExchangeWebFilter [DefaultWebFilterChain]
	*__checkpoint ? AuthenticationWebFilter [DefaultWebFilterChain]
	*__checkpoint ? ReactorContextWebFilter [DefaultWebFilterChain]
	*__checkpoint ? HttpHeaderWriterWebFilter [DefaultWebFilterChain]
	*__checkpoint ? ServerWebExchangeReactorContextWebFilter [DefaultWebFilterChain]
	*__checkpoint ? org.springframework.security.web.server.WebFilterChainProxy [DefaultWebFilterChain]
	*__checkpoint ? com.banking_microservices.gateway.filter.SseTokenQueryParamFilter [DefaultWebFilterChain]
	*__checkpoint ? com.banking_microservices.gateway.filter.SseTokenWebFilter [DefaultWebFilterChain]
	*__checkpoint ? HTTP GET "/api/transaction-service/actuator/health/liveness" [ExceptionHandlingWebHandler]
Original Stack Trace:
Caused by: java.net.ConnectException: finishConnect(..) failed: Connection refused
	at io.netty.channel.unix.Errors.newConnectException0(Errors.java:166)
	at io.netty.channel.unix.Errors.handleConnectErrno(Errors.java:131)
	at io.netty.channel.unix.Socket.finishConnect(Socket.java:359)
	at io.netty.channel.epoll.AbstractEpollChannel$AbstractEpollUnsafe.doFinishConnect(AbstractEpollChannel.java:715)
	at io.netty.channel.epoll.AbstractEpollChannel$AbstractEpollUnsafe.finishConnect(AbstractEpollChannel.java:692)
	at io.netty.channel.epoll.AbstractEpollChannel$AbstractEpollUnsafe.epollOutReady(AbstractEpollChannel.java:567)
	at io.netty.channel.epoll.EpollEventLoop.processReady(EpollEventLoop.java:491)
	at io.netty.channel.epoll.EpollEventLoop.run(EpollEventLoop.java:399)
	at io.netty.util.concurrent.SingleThreadEventExecutor$4.run(SingleThreadEventExecutor.java:997)
	at io.netty.util.internal.ThreadExecutorMap$2.run(ThreadExecutorMap.java:74)
	at io.netty.util.concurrent.FastThreadLocalRunnable.run(FastThreadLocalRunnable.java:30)
	at java.base/java.lang.Thread.run(Unknown Source)
