INFO  --- [money-service] :  (19:49) > IdempotencyGuard | isDuplicateOrRegister -> EventUUID kaydedildi. EventUUID: 9b8c8f96-99eb-4bf4-9792-38eac77cd575, EventType: USER_CREATE
INFO  --- [money-service] :  (19:49) > UserMoneyService | generateUser -> generateUser istegi alindi. UserId: 9b8c8f96-99eb-4bf4-9792-38eac77cd575
INFO  --- [money-service] :  (19:49) > UserMoneyService | generateUser -> Kullanici UserMoney servisine kaydedildi. UserMoney(id=bef58d8f-4960-47a3-8520-fd07156500e4, userId=9b8c8f96-99eb-4bf4-9792-38eac77cd575, keycloakUserUUID=9b8c8f96-99eb-4bf4-9792-38eac77cd575, userIban=TR4531613EKO6V3HV1RBHS4UJ2, money=0.00, blockedMoney=0.00)
INFO  --- [money-service] :  (19:49) > KafkaSender | sendCreateUserSuccess -> Kafkaya user success mesaji gonderilmek uzere alindi. Dto: 
{
  "eventUUID": "9b8c8f96-99eb-4bf4-9792-38eac77cd575",
  "keycloakUserUUID": "9b8c8f96-99eb-4bf4-9792-38eac77cd575",
  "senderName": null,
  "senderSurname": null,
  "senderEmail": null,
  "receiverEmail": null,
  "receiverName": null,
  "receiverSurname": null,
  "senderUserId": "9b8c8f96-99eb-4bf4-9792-38eac77cd575",
  "senderIban": null,
  "receiverUserId": null,
  "receiverIban": null,
  "money": null,
  "transactionType": "TRANSFER",
  "description": null,
  "status": "CREATED",
  "statusDescription": "Ýþleminiz alýndý",
  "error": false,
  "errorDescription": null,
  "isMoneyBlocked": false,
  "userValidation": false,
  "localDateTime": "2026-05-16T19:49:29.825960220",
  "senderTransactionHistory": null,
  "receiverTransactionHistory": null,
  "tokenDetails": null
}
INFO  --- [money-service] :  (19:49) > KafkaSender | sendCreateUserSuccess -> Kafkaya user success mesaji gonderildi. Key: 9b8c8f96-99eb-4bf4-9792-38eac77cd575, Dto: 
{
  "eventUUID": "9b8c8f96-99eb-4bf4-9792-38eac77cd575",
  "keycloakUserUUID": "9b8c8f96-99eb-4bf4-9792-38eac77cd575",
  "senderName": null,
  "senderSurname": null,
  "senderEmail": null,
  "receiverEmail": null,
  "receiverName": null,
  "receiverSurname": null,
  "senderUserId": "9b8c8f96-99eb-4bf4-9792-38eac77cd575",
  "senderIban": null,
  "receiverUserId": null,
  "receiverIban": null,
  "money": null,
  "transactionType": "TRANSFER",
  "description": null,
  "status": "CREATED",
  "statusDescription": "Ýþleminiz alýndý",
  "error": false,
  "errorDescription": null,
  "isMoneyBlocked": false,
  "userValidation": false,
  "localDateTime": "2026-05-16T19:49:29.825960220",
  "senderTransactionHistory": null,
  "receiverTransactionHistory": null,
  "tokenDetails": null
}
INFO  --- [money-service] :  (19:49) > KafkaListenerService | listenCreateUserTopic -> Metoda veri geldi. RawData: "03d83707-4d19-438d-8859-2099fb0d47a5"
INFO  --- [money-service] :  (19:49) > IdempotencyGuard | isDuplicateOrRegister -> EventUUID kaydedildi. EventUUID: 03d83707-4d19-438d-8859-2099fb0d47a5, EventType: USER_CREATE
INFO  --- [money-service] :  (19:49) > UserMoneyService | generateUser -> generateUser istegi alindi. UserId: 03d83707-4d19-438d-8859-2099fb0d47a5
INFO  --- [money-service] :  (19:49) > UserMoneyService | generateUser -> Kullanici UserMoney servisine kaydedildi. UserMoney(id=f5ad0802-1c50-461a-8c1e-921f79c19177, userId=03d83707-4d19-438d-8859-2099fb0d47a5, keycloakUserUUID=03d83707-4d19-438d-8859-2099fb0d47a5, userIban=TR8746948BSRJX152UW5A6JTFU, money=0.00, blockedMoney=0.00)
INFO  --- [money-service] :  (19:49) > KafkaSender | sendCreateUserSuccess -> Kafkaya user success mesaji gonderilmek uzere alindi. Dto: 
{
  "eventUUID": "03d83707-4d19-438d-8859-2099fb0d47a5",
  "keycloakUserUUID": "03d83707-4d19-438d-8859-2099fb0d47a5",
  "senderName": null,
  "senderSurname": null,
  "senderEmail": null,
  "receiverEmail": null,
  "receiverName": null,
  "receiverSurname": null,
  "senderUserId": "03d83707-4d19-438d-8859-2099fb0d47a5",
  "senderIban": null,
  "receiverUserId": null,
  "receiverIban": null,
  "money": null,
  "transactionType": "TRANSFER",
  "description": null,
  "status": "CREATED",
  "statusDescription": "Ýþleminiz alýndý",
  "error": false,
  "errorDescription": null,
  "isMoneyBlocked": false,
  "userValidation": false,
  "localDateTime": "2026-05-16T19:49:33.266516226",
  "senderTransactionHistory": null,
  "receiverTransactionHistory": null,
  "tokenDetails": null
}
INFO  --- [money-service] :  (19:49) > KafkaSender | sendCreateUserSuccess -> Kafkaya user success mesaji gonderildi. Key: 03d83707-4d19-438d-8859-2099fb0d47a5, Dto: 
{
  "eventUUID": "03d83707-4d19-438d-8859-2099fb0d47a5",
  "keycloakUserUUID": "03d83707-4d19-438d-8859-2099fb0d47a5",
  "senderName": null,
  "senderSurname": null,
  "senderEmail": null,
  "receiverEmail": null,
  "receiverName": null,
  "receiverSurname": null,
  "senderUserId": "03d83707-4d19-438d-8859-2099fb0d47a5",
  "senderIban": null,
  "receiverUserId": null,
  "receiverIban": null,
  "money": null,
  "transactionType": "TRANSFER",
  "description": null,
  "status": "CREATED",
  "statusDescription": "Ýþleminiz alýndý",
  "error": false,
  "errorDescription": null,
  "isMoneyBlocked": false,
  "userValidation": false,
  "localDateTime": "2026-05-16T19:49:33.266516226",
  "senderTransactionHistory": null,
  "receiverTransactionHistory": null,
  "tokenDetails": null
}
INFO  --- [money-service] :  (19:50) > KafkaListenerService | listenCreateUserTopic -> Metoda veri geldi. RawData: "971c2249-61da-4eef-959a-84a7bae6c533"
INFO  --- [money-service] :  (19:50) > IdempotencyGuard | isDuplicateOrRegister -> EventUUID kaydedildi. EventUUID: 971c2249-61da-4eef-959a-84a7bae6c533, EventType: USER_CREATE
INFO  --- [money-service] :  (19:50) > UserMoneyService | generateUser -> generateUser istegi alindi. UserId: 971c2249-61da-4eef-959a-84a7bae6c533
INFO  --- [money-service] :  (19:50) > UserMoneyService | generateUser -> Kullanici UserMoney servisine kaydedildi. UserMoney(id=1af8fc4d-b53c-462d-80f6-fc368b5ae3da, userId=971c2249-61da-4eef-959a-84a7bae6c533, keycloakUserUUID=971c2249-61da-4eef-959a-84a7bae6c533, userIban=TR4083591P15AMIGN6RCMHD8RB, money=0.00, blockedMoney=0.00)
INFO  --- [money-service] :  (19:50) > KafkaSender | sendCreateUserSuccess -> Kafkaya user success mesaji gonderilmek uzere alindi. Dto: 
{
  "eventUUID": "971c2249-61da-4eef-959a-84a7bae6c533",
  "keycloakUserUUID": "971c2249-61da-4eef-959a-84a7bae6c533",
  "senderName": null,
  "senderSurname": null,
  "senderEmail": null,
  "receiverEmail": null,
  "receiverName": null,
  "receiverSurname": null,
  "senderUserId": "971c2249-61da-4eef-959a-84a7bae6c533",
  "senderIban": null,
  "receiverUserId": null,
  "receiverIban": null,
  "money": null,
  "transactionType": "TRANSFER",
  "description": null,
  "status": "CREATED",
  "statusDescription": "Ýþleminiz alýndý",
  "error": false,
  "errorDescription": null,
  "isMoneyBlocked": false,
  "userValidation": false,
  "localDateTime": "2026-05-16T19:50:06.837514274",
  "senderTransactionHistory": null,
  "receiverTransactionHistory": null,
  "tokenDetails": null
}
INFO  --- [money-service] :  (19:50) > KafkaSender | sendCreateUserSuccess -> Kafkaya user success mesaji gonderildi. Key: 971c2249-61da-4eef-959a-84a7bae6c533, Dto: 
{
  "eventUUID": "971c2249-61da-4eef-959a-84a7bae6c533",
  "keycloakUserUUID": "971c2249-61da-4eef-959a-84a7bae6c533",
  "senderName": null,
  "senderSurname": null,
  "senderEmail": null,
  "receiverEmail": null,
  "receiverName": null,
  "receiverSurname": null,
  "senderUserId": "971c2249-61da-4eef-959a-84a7bae6c533",
  "senderIban": null,
  "receiverUserId": null,
  "receiverIban": null,
  "money": null,
  "transactionType": "TRANSFER",
  "description": null,
  "status": "CREATED",
  "statusDescription": "Ýþleminiz alýndý",
  "error": false,
  "errorDescription": null,
  "isMoneyBlocked": false,
  "userValidation": false,
  "localDateTime": "2026-05-16T19:50:06.837514274",
  "senderTransactionHistory": null,
  "receiverTransactionHistory": null,
  "tokenDetails": null
}
INFO  --- [money-service] :  (19:50) > MoneyController | userOlustur -> User Id Parametresi Headerdan geldi.
"03d83707-4d19-438d-8859-2099fb0d47a5"
INFO  --- [money-service] :  (19:50) > UserMoneyService | generateUser -> generateUser istegi alindi. UserId: 03d83707-4d19-438d-8859-2099fb0d47a5
INFO  --- [money-service] :  (19:50) > UserMoneyService | generateUser -> Kullanici icin money hesabi zaten var. UserId: 03d83707-4d19-438d-8859-2099fb0d47a5
INFO  --- [money-service] :  (19:50) > MoneyController | withdrawByUserId -> Withdraw istegi. UserId:
"03d83707-4d19-438d-8859-2099fb0d47a5", Miktar:
200
INFO  --- [money-service] :  (19:50) > BalanceOperationService | withdrawMoneyByUserId -> Para cekme istegi. UserId: 03d83707-4d19-438d-8859-2099fb0d47a5, Miktar: 200
INFO  --- [money-service] :  (19:50) > BalanceOperationService | withdrawMoneyByUserId -> Para cekme basarili. UserId: 03d83707-4d19-438d-8859-2099fb0d47a5
INFO  --- [money-service] :  (19:51) > MoneyController | getBalanceAndIban -> Money Service MoneyController getBalanceAndIban Modulu Istegi aldi. id :
"9b8c8f96-99eb-4bf4-9792-38eac77cd575"
INFO  --- [money-service] :  (19:51) > AccountQueryService | getAccountByUserId -> Metoda veri geldi. UserId: 9b8c8f96-99eb-4bf4-9792-38eac77cd575
INFO  --- [money-service] :  (19:51) > KafkaListenerService | listenFraudCheckedTopic -> Metoda veri geldi. RawData: {"eventUUID":"be47819c-26c0-4e2f-b042-8de7ddc34bdf","keycloakUserUUID":"9b8c8f96-99eb-4bf4-9792-38eac77cd575","senderName":"E2EAlpha","senderSurname":"Tester","senderEmail":"e2e.alpha.20260516224855-9zejpt@springbank.test","receiverEmail":"e2e.beta.20260516222010-lo96ej@springbank.test","receiverName":"E2EBeta","receiverSurname":"Tester","senderUserId":"9b8c8f96-99eb-4bf4-9792-38eac77cd575","senderIban":"TR4531613EKO6V3HV1RBHS4UJ2","receiverUserId":"a0cdcc62-8a77-440b-8bdb-86fadb2c18f0","receiverIban":"TR8746948BSRJX152UW5A6JTFU","money":1000,"transactionType":"TRANSFER","description":"E2E transfer 20260516224855-9zejpt","status":"FRAUD_REVIEW","statusDescription":"Ýþleminiz inceleniyor","error":false,"errorDescription":null,"isMoneyBlocked":true,"userValidation":true,"localDateTime":"2026-05-16T19:51:03.109542658","senderTransactionHistory":null,"receiverTransactionHistory":[{"id":"32a11579-7d75-427e-8314-a9cd64807d2b","eventId":"be47819c-26c0-4e2f-b042-8de7ddc34bdf","receiverName":"E2EBeta","senderName":"E2EAlpha","senderSurname":"Tester","senderEmail":"e2e.alpha.20260516224855-9zejpt@springbank.test","receiverEmail":null,"receiverSurname":"Tester","senderUserId":"9b8c8f96-99eb-4bf4-9792-38eac77cd575","receiverUserId":null,"senderIban":"TR4531613EKO6V3HV1RBHS4UJ2","receiverIban":"TR8746948BSRJX152UW5A6JTFU","money":1000,"transactionType":"TRANSFER","description":"E2E transfer 20260516224855-9zejpt","localDateTime":"2026-05-16T19:51:03.110323696","error":false,"errorDescription":null,"userValidation":false,"status":"CREATED","tokenDetails":{"subject":"9b8c8f96-99eb-4bf4-9792-38eac77cd575","preferredUsername":"e2e.alpha.20260516224855-9zejpt@springbank.test","email":"e2e.alpha.20260516224855-9zejpt@springbank.test","givenName":"E2EAlpha","familyName":"Tester","issuer":"http://keycloak:8080/realms/banking","audienceJson":"\"account\"","realmRoles":["default-roles-banking","offline_access","uma_authorization","USER"],"headerJson":"{\"alg\":\"RS256\",\"typ\":\"JWT\",\"kid\":\"cXlYeegMcMa86uJVoCw83izxuVT_p7mjWVvIvYty2g0\"}","claimsJson":"{\"exp\":1778961281,\"iat\":1778960981,\"jti\":\"5d8b2efa-716e-42e8-a0a7-bcaec41b20c2\",\"iss\":\"http://keycloak:8080/realms/banking\",\"aud\":\"account\",\"sub\":\"9b8c8f96-99eb-4bf4-9792-38eac77cd575\",\"typ\":\"Bearer\",\"azp\":\"banking-app\",\"session_state\":\"639f8201-f64b-4736-b241-3644bf68c129\",\"acr\":\"1\",\"allowed-origins\":[\"*\"],\"realm_access\":{\"roles\":[\"default-roles-banking\",\"offline_access\",\"uma_authorization\",\"USER\"]},\"resource_access\":{\"account\":{\"roles\":[\"manage-account\",\"manage-account-links\",\"view-profile\"]}},\"scope\":\"email profile\",\"sid\":\"639f8201-f64b-4736-b241-3644bf68c129\",\"email_verified\":true,\"name\":\"E2EAlpha Tester\",\"preferred_username\":\"e2e.alpha.20260516224855-9zejpt@springbank.test\",\"given_name\":\"E2EAlpha\",\"family_name\":\"Tester\",\"email\":\"e2e.alpha.20260516224855-9zejpt@springbank.test\"}","issuedAt":"1778960981","expiresAt":"1778961281","jwtId":"5d8b2efa-716e-42e8-a0a7-bcaec41b20c2","tokenType":"Bearer","sessionState":"639f8201-f64b-4736-b241-3644bf68c129","scope":"email profile"}}],"tokenDetails":{"subject":"9b8c8f96-99eb-4bf4-9792-38eac77cd575","preferredUsername":"e2e.alpha.20260516224855-9zejpt@springbank.test","email":"e2e.alpha.20260516224855-9zejpt@springbank.test","givenName":"E2EAlpha","familyName":"Tester","issuer":"http://keycloak:8080/realms/banking","audienceJson":"\"account\"","realmRoles":["default-roles-banking","offline_access","uma_authorization","USER"],"headerJson":"{\"alg\":\"RS256\",\"typ\":\"JWT\",\"kid\":\"cXlYeegMcMa86uJVoCw83izxuVT_p7mjWVvIvYty2g0\"}","claimsJson":"{\"exp\":1778961281,\"iat\":1778960981,\"jti\":\"5d8b2efa-716e-42e8-a0a7-bcaec41b20c2\",\"iss\":\"http://keycloak:8080/realms/banking\",\"aud\":\"account\",\"sub\":\"9b8c8f96-99eb-4bf4-9792-38eac77cd575\",\"typ\":\"Bearer\",\"azp\":\"banking-app\",\"session_state\":\"639f8201-f64b-4736-b241-3644bf68c129\",\"acr\":\"1\",\"allowed-origins\":[\"*\"],\"realm_access\":{\"roles\":[\"default-roles-banking\",\"offline_access\",\"uma_authorization\",\"USER\"]},\"resource_access\":{\"account\":{\"roles\":[\"manage-account\",\"manage-account-links\",\"view-profile\"]}},\"scope\":\"email profile\",\"sid\":\"639f8201-f64b-4736-b241-3644bf68c129\",\"email_verified\":true,\"name\":\"E2EAlpha Tester\",\"preferred_username\":\"e2e.alpha.20260516224855-9zejpt@springbank.test\",\"given_name\":\"E2EAlpha\",\"family_name\":\"Tester\",\"email\":\"e2e.alpha.20260516224855-9zejpt@springbank.test\"}","issuedAt":"1778960981","expiresAt":"1778961281","jwtId":"5d8b2efa-716e-42e8-a0a7-bcaec41b20c2","tokenType":"Bearer","sessionState":"639f8201-f64b-4736-b241-3644bf68c129","scope":"email profile"}}
INFO  --- [money-service] :  (19:51) > IdempotencyGuard | isDuplicateOrRegister -> EventUUID kaydedildi. EventUUID: be47819c-26c0-4e2f-b042-8de7ddc34bdf, EventType: FRAUD_CHECKED_EFT
INFO  --- [money-service] :  (19:51) > KafkaListenerService | listenFraudCheckedTopic -> TRANSFER execute baslatiliyor. EventUUID: be47819c-26c0-4e2f-b042-8de7ddc34bdf
INFO  --- [money-service] :  (19:51) > TransactionService | createTransaction -> Metoda veri geldi. Sender Iban: TR4531613EKO6V3HV1RBHS4UJ2, Receiver IBAN: TR8746948BSRJX152UW5A6JTFU, Amount: 1000
INFO  --- [money-service] :  (19:51) > BalanceOperationService | withdrawBlockedMoneyByIban -> Blokeli bakiyeden para cekme istegi. IBAN: TR4531613EKO6V3HV1RBHS4UJ2, Miktar: 1000
INFO  --- [money-service] :  (19:51) > BalanceOperationService | withdrawBlockedMoneyByIban -> Blokeli bakiyeden para cekme basarili. IBAN: TR4531613EKO6V3HV1RBHS4UJ2
INFO  --- [money-service] :  (19:51) > BalanceOperationService | depositMoneyByIban -> Para yatirma istegi. IBAN: TR8746948BSRJX152UW5A6JTFU, Miktar: 1000
INFO  --- [money-service] :  (19:51) > BalanceOperationService | depositMoneyByIban -> Para yatirma basarili. IBAN: TR8746948BSRJX152UW5A6JTFU
INFO  --- [money-service] :  (19:51) > MoneyTransferExecutor | execute -> Transfer basariyla gerceklesti. Sender: TR4531613EKO6V3HV1RBHS4UJ2, Receiver: TR8746948BSRJX152UW5A6JTFU, Amount: 1000
INFO  --- [money-service] :  (19:51) > MoneyTransferExecutor | execute -> Transfer complete RESULT topic'e gonderiliyor. EventUUID: be47819c-26c0-4e2f-b042-8de7ddc34bdf
INFO  --- [money-service] :  (19:51) > KafkaSender | sendResult -> Transaction result gonderilmek uzere alindi. Type: TRANSFER, Dto: 
{
  "eventUUID": "be47819c-26c0-4e2f-b042-8de7ddc34bdf",
  "keycloakUserUUID": "9b8c8f96-99eb-4bf4-9792-38eac77cd575",
  "senderName": "E2EAlpha",
  "senderSurname": "Tester",
  "senderEmail": "e2e.alpha.20260516224855-9zejpt@springbank.test",
  "receiverEmail": "e2e.beta.20260516222010-lo96ej@springbank.test",
  "receiverName": "E2EBeta",
  "receiverSurname": "Tester",
  "senderUserId": "9b8c8f96-99eb-4bf4-9792-38eac77cd575",
  "senderIban": "TR4531613EKO6V3HV1RBHS4UJ2",
  "receiverUserId": "a0cdcc62-8a77-440b-8bdb-86fadb2c18f0",
  "receiverIban": "TR8746948BSRJX152UW5A6JTFU",
  "money": 1000,
  "transactionType": "TRANSFER",
  "description": "E2E transfer 20260516224855-9zejpt",
  "status": "COMPLETED",
  "statusDescription": "Ýþlem tamamlandý",
  "error": false,
  "errorDescription": null,
  "isMoneyBlocked": true,
  "userValidation": true,
  "localDateTime": "2026-05-16T19:51:03.109542658",
  "senderTransactionHistory": null,
  "receiverTransactionHistory": [
    {
      "id": "32a11579-7d75-427e-8314-a9cd64807d2b",
      "eventId": "be47819c-26c0-4e2f-b042-8de7ddc34bdf",
      "receiverName": "E2EBeta",
      "senderName": "E2EAlpha",
      "senderSurname": "Tester",
      "senderEmail": "e2e.alpha.20260516224855-9zejpt@springbank.test",
      "receiverEmail": null,
      "receiverSurname": "Tester",
      "senderUserId": "9b8c8f96-99eb-4bf4-9792-38eac77cd575",
      "receiverUserId": null,
      "senderIban": "TR4531613EKO6V3HV1RBHS4UJ2",
      "receiverIban": "TR8746948BSRJX152UW5A6JTFU",
      "money": 1000,
      "transactionType": "TRANSFER",
      "description": "E2E transfer 20260516224855-9zejpt",
      "localDateTime": "2026-05-16T19:51:03.110323696",
      "error": false,
      "errorDescription": null,
      "userValidation": false,
      "status": "CREATED",
      "tokenDetails": {
        "subject": "9b8c8f96-99eb-4bf4-9792-38eac77cd575",
        "preferredUsername": "e2e.alpha.20260516224855-9zejpt@springbank.test",
        "email": "e2e.alpha.20260516224855-9zejpt@springbank.test",
        "givenName": "E2EAlpha",
        "familyName": "Tester",
        "issuer": "http://keycloak:8080/realms/banking",
        "audienceJson": "\"account\"",
        "realmRoles": [
          "default-roles-banking",
          "offline_access",
          "uma_authorization",
          "USER"
        ],
        "headerJson": "{\"alg\":\"RS256\",\"typ\":\"JWT\",\"kid\":\"cXlYeegMcMa86uJVoCw83izxuVT_p7mjWVvIvYty2g0\"}",
        "claimsJson": "{\"exp\":1778961281,\"iat\":1778960981,\"jti\":\"5d8b2efa-716e-42e8-a0a7-bcaec41b20c2\",\"iss\":\"http://keycloak:8080/realms/banking\",\"aud\":\"account\",\"sub\":\"9b8c8f96-99eb-4bf4-9792-38eac77cd575\",\"typ\":\"Bearer\",\"azp\":\"banking-app\",\"session_state\":\"639f8201-f64b-4736-b241-3644bf68c129\",\"acr\":\"1\",\"allowed-origins\":[\"*\"],\"realm_access\":{\"roles\":[\"default-roles-banking\",\"offline_access\",\"uma_authorization\",\"USER\"]},\"resource_access\":{\"account\":{\"roles\":[\"manage-account\",\"manage-account-links\",\"view-profile\"]}},\"scope\":\"email profile\",\"sid\":\"639f8201-f64b-4736-b241-3644bf68c129\",\"email_verified\":true,\"name\":\"E2EAlpha Tester\",\"preferred_username\":\"e2e.alpha.20260516224855-9zejpt@springbank.test\",\"given_name\":\"E2EAlpha\",\"family_name\":\"Tester\",\"email\":\"e2e.alpha.20260516224855-9zejpt@springbank.test\"}",
        "issuedAt": "1778960981",
        "expiresAt": "1778961281",
        "jwtId": "5d8b2efa-716e-42e8-a0a7-bcaec41b20c2",
        "tokenType": "Bearer",
        "sessionState": "639f8201-f64b-4736-b241-3644bf68c129",
        "scope": "email profile"
      }
    }
  ],
  "tokenDetails": {
    "subject": "9b8c8f96-99eb-4bf4-9792-38eac77cd575",
    "preferredUsername": "e2e.alpha.20260516224855-9zejpt@springbank.test",
    "email": "e2e.alpha.20260516224855-9zejpt@springbank.test",
    "givenName": "E2EAlpha",
    "familyName": "Tester",
    "issuer": "http://keycloak:8080/realms/banking",
    "audienceJson": "\"account\"",
    "realmRoles": [
      "default-roles-banking",
      "offline_access",
      "uma_authorization",
      "USER"
    ],
    "headerJson": "{\"alg\":\"RS256\",\"typ\":\"JWT\",\"kid\":\"cXlYeegMcMa86uJVoCw83izxuVT_p7mjWVvIvYty2g0\"}",
    "claimsJson": "{\"exp\":1778961281,\"iat\":1778960981,\"jti\":\"5d8b2efa-716e-42e8-a0a7-bcaec41b20c2\",\"iss\":\"http://keycloak:8080/realms/banking\",\"aud\":\"account\",\"sub\":\"9b8c8f96-99eb-4bf4-9792-38eac77cd575\",\"typ\":\"Bearer\",\"azp\":\"banking-app\",\"session_state\":\"639f8201-f64b-4736-b241-3644bf68c129\",\"acr\":\"1\",\"allowed-origins\":[\"*\"],\"realm_access\":{\"roles\":[\"default-roles-banking\",\"offline_access\",\"uma_authorization\",\"USER\"]},\"resource_access\":{\"account\":{\"roles\":[\"manage-account\",\"manage-account-links\",\"view-profile\"]}},\"scope\":\"email profile\",\"sid\":\"639f8201-f64b-4736-b241-3644bf68c129\",\"email_verified\":true,\"name\":\"E2EAlpha Tester\",\"preferred_username\":\"e2e.alpha.20260516224855-9zejpt@springbank.test\",\"given_name\":\"E2EAlpha\",\"family_name\":\"Tester\",\"email\":\"e2e.alpha.20260516224855-9zejpt@springbank.test\"}",
    "issuedAt": "1778960981",
    "expiresAt": "1778961281",
    "jwtId": "5d8b2efa-716e-42e8-a0a7-bcaec41b20c2",
    "tokenType": "Bearer",
    "sessionState": "639f8201-f64b-4736-b241-3644bf68c129",
    "scope": "email profile"
  }
}
INFO  --- [money-service] :  (19:51) > KafkaSender | sendResult -> Transaction result gonderildi. Key: be47819c-26c0-4e2f-b042-8de7ddc34bdf, Dto: 
{
  "eventUUID": "be47819c-26c0-4e2f-b042-8de7ddc34bdf",
  "keycloakUserUUID": "9b8c8f96-99eb-4bf4-9792-38eac77cd575",
  "senderName": "E2EAlpha",
  "senderSurname": "Tester",
  "senderEmail": "e2e.alpha.20260516224855-9zejpt@springbank.test",
  "receiverEmail": "e2e.beta.20260516222010-lo96ej@springbank.test",
  "receiverName": "E2EBeta",
  "receiverSurname": "Tester",
  "senderUserId": "9b8c8f96-99eb-4bf4-9792-38eac77cd575",
  "senderIban": "TR4531613EKO6V3HV1RBHS4UJ2",
  "receiverUserId": "a0cdcc62-8a77-440b-8bdb-86fadb2c18f0",
  "receiverIban": "TR8746948BSRJX152UW5A6JTFU",
  "money": 1000,
  "transactionType": "TRANSFER",
  "description": "E2E transfer 20260516224855-9zejpt",
  "status": "COMPLETED",
  "statusDescription": "Ýþlem tamamlandý",
  "error": false,
  "errorDescription": null,
  "isMoneyBlocked": true,
  "userValidation": true,
  "localDateTime": "2026-05-16T19:51:03.109542658",
  "senderTransactionHistory": null,
  "receiverTransactionHistory": [
    {
      "id": "32a11579-7d75-427e-8314-a9cd64807d2b",
      "eventId": "be47819c-26c0-4e2f-b042-8de7ddc34bdf",
      "receiverName": "E2EBeta",
      "senderName": "E2EAlpha",
      "senderSurname": "Tester",
      "senderEmail": "e2e.alpha.20260516224855-9zejpt@springbank.test",
      "receiverEmail": null,
      "receiverSurname": "Tester",
      "senderUserId": "9b8c8f96-99eb-4bf4-9792-38eac77cd575",
      "receiverUserId": null,
      "senderIban": "TR4531613EKO6V3HV1RBHS4UJ2",
      "receiverIban": "TR8746948BSRJX152UW5A6JTFU",
      "money": 1000,
      "transactionType": "TRANSFER",
      "description": "E2E transfer 20260516224855-9zejpt",
      "localDateTime": "2026-05-16T19:51:03.110323696",
      "error": false,
      "errorDescription": null,
      "userValidation": false,
      "status": "CREATED",
      "tokenDetails": {
        "subject": "9b8c8f96-99eb-4bf4-9792-38eac77cd575",
        "preferredUsername": "e2e.alpha.20260516224855-9zejpt@springbank.test",
        "email": "e2e.alpha.20260516224855-9zejpt@springbank.test",
        "givenName": "E2EAlpha",
        "familyName": "Tester",
        "issuer": "http://keycloak:8080/realms/banking",
        "audienceJson": "\"account\"",
        "realmRoles": [
          "default-roles-banking",
          "offline_access",
          "uma_authorization",
          "USER"
        ],
        "headerJson": "{\"alg\":\"RS256\",\"typ\":\"JWT\",\"kid\":\"cXlYeegMcMa86uJVoCw83izxuVT_p7mjWVvIvYty2g0\"}",
        "claimsJson": "{\"exp\":1778961281,\"iat\":1778960981,\"jti\":\"5d8b2efa-716e-42e8-a0a7-bcaec41b20c2\",\"iss\":\"http://keycloak:8080/realms/banking\",\"aud\":\"account\",\"sub\":\"9b8c8f96-99eb-4bf4-9792-38eac77cd575\",\"typ\":\"Bearer\",\"azp\":\"banking-app\",\"session_state\":\"639f8201-f64b-4736-b241-3644bf68c129\",\"acr\":\"1\",\"allowed-origins\":[\"*\"],\"realm_access\":{\"roles\":[\"default-roles-banking\",\"offline_access\",\"uma_authorization\",\"USER\"]},\"resource_access\":{\"account\":{\"roles\":[\"manage-account\",\"manage-account-links\",\"view-profile\"]}},\"scope\":\"email profile\",\"sid\":\"639f8201-f64b-4736-b241-3644bf68c129\",\"email_verified\":true,\"name\":\"E2EAlpha Tester\",\"preferred_username\":\"e2e.alpha.20260516224855-9zejpt@springbank.test\",\"given_name\":\"E2EAlpha\",\"family_name\":\"Tester\",\"email\":\"e2e.alpha.20260516224855-9zejpt@springbank.test\"}",
        "issuedAt": "1778960981",
        "expiresAt": "1778961281",
        "jwtId": "5d8b2efa-716e-42e8-a0a7-bcaec41b20c2",
        "tokenType": "Bearer",
        "sessionState": "639f8201-f64b-4736-b241-3644bf68c129",
        "scope": "email profile"
      }
    }
  ],
  "tokenDetails": {
    "subject": "9b8c8f96-99eb-4bf4-9792-38eac77cd575",
    "preferredUsername": "e2e.alpha.20260516224855-9zejpt@springbank.test",
    "email": "e2e.alpha.20260516224855-9zejpt@springbank.test",
    "givenName": "E2EAlpha",
    "familyName": "Tester",
    "issuer": "http://keycloak:8080/realms/banking",
    "audienceJson": "\"account\"",
    "realmRoles": [
      "default-roles-banking",
      "offline_access",
      "uma_authorization",
      "USER"
    ],
    "headerJson": "{\"alg\":\"RS256\",\"typ\":\"JWT\",\"kid\":\"cXlYeegMcMa86uJVoCw83izxuVT_p7mjWVvIvYty2g0\"}",
    "claimsJson": "{\"exp\":1778961281,\"iat\":1778960981,\"jti\":\"5d8b2efa-716e-42e8-a0a7-bcaec41b20c2\",\"iss\":\"http://keycloak:8080/realms/banking\",\"aud\":\"account\",\"sub\":\"9b8c8f96-99eb-4bf4-9792-38eac77cd575\",\"typ\":\"Bearer\",\"azp\":\"banking-app\",\"session_state\":\"639f8201-f64b-4736-b241-3644bf68c129\",\"acr\":\"1\",\"allowed-origins\":[\"*\"],\"realm_access\":{\"roles\":[\"default-roles-banking\",\"offline_access\",\"uma_authorization\",\"USER\"]},\"resource_access\":{\"account\":{\"roles\":[\"manage-account\",\"manage-account-links\",\"view-profile\"]}},\"scope\":\"email profile\",\"sid\":\"639f8201-f64b-4736-b241-3644bf68c129\",\"email_verified\":true,\"name\":\"E2EAlpha Tester\",\"preferred_username\":\"e2e.alpha.20260516224855-9zejpt@springbank.test\",\"given_name\":\"E2EAlpha\",\"family_name\":\"Tester\",\"email\":\"e2e.alpha.20260516224855-9zejpt@springbank.test\"}",
    "issuedAt": "1778960981",
    "expiresAt": "1778961281",
    "jwtId": "5d8b2efa-716e-42e8-a0a7-bcaec41b20c2",
    "tokenType": "Bearer",
    "sessionState": "639f8201-f64b-4736-b241-3644bf68c129",
    "scope": "email profile"
  }
}
INFO  --- [money-service] :  (19:51) > KafkaListenerService | listenFraudCheckedTopic -> TRANSFER COMPLETED. EventUUID: be47819c-26c0-4e2f-b042-8de7ddc34bdf
INFO  --- [money-service] :  (19:51) > MoneyController | getBalanceAndIban -> Money Service MoneyController getBalanceAndIban Modulu Istegi aldi. id :
"03d83707-4d19-438d-8859-2099fb0d47a5"
INFO  --- [money-service] :  (19:51) > AccountQueryService | getAccountByUserId -> Metoda veri geldi. UserId: 03d83707-4d19-438d-8859-2099fb0d47a5
INFO  --- [money-service] :  (19:51) > MoneyController | getBalanceAndIban -> Money Service MoneyController getBalanceAndIban Modulu Istegi aldi. id :
"9b8c8f96-99eb-4bf4-9792-38eac77cd575"
INFO  --- [money-service] :  (19:51) > AccountQueryService | getAccountByUserId -> Metoda veri geldi. UserId: 9b8c8f96-99eb-4bf4-9792-38eac77cd575
