      "userValidation": false,
      "isMoneyBlocked": false,
      "status": "CREATED",
      "statusDescription": "Ýþleminiz alýndý",
      "transferStatus": "CREATED",
      "tokenDetails": {
        "subject": "9b8c8f96-99eb-4bf4-9792-38eac77cd575",
        "preferredUsername": "e2e.alpha.20260516224855-9zejpt@springbank.test",
        "email": "e2e.alpha.20260516224855-9zejpt@springbank.test",
        "givenName": "E2EAlpha",
        "familyName": "Tester",
        "issuer": "http://keycloak:8080/realms/banking",
        "audienceJson": "\"account\"",
        "realmRoles": [
          "default-roles-banking",
          "offline_access",
          "uma_authorization",
          "USER"
        ],
        "headerJson": "{\"alg\":\"RS256\",\"typ\":\"JWT\",\"kid\":\"cXlYeegMcMa86uJVoCw83izxuVT_p7mjWVvIvYty2g0\"}",
        "claimsJson": "{\"exp\":1778961601,\"iat\":1778961301,\"jti\":\"f3fc49d2-5aa9-4a8b-9ecb-d671af3a2596\",\"iss\":\"http://keycloak:8080/realms/banking\",\"aud\":\"account\",\"sub\":\"9b8c8f96-99eb-4bf4-9792-38eac77cd575\",\"typ\":\"Bearer\",\"azp\":\"banking-app\",\"session_state\":\"0e04f5f2-e76a-4e46-9cac-fc9daa213405\",\"acr\":\"1\",\"allowed-origins\":[\"*\"],\"realm_access\":{\"roles\":[\"default-roles-banking\",\"offline_access\",\"uma_authorization\",\"USER\"]},\"resource_access\":{\"account\":{\"roles\":[\"manage-account\",\"manage-account-links\",\"view-profile\"]}},\"scope\":\"email profile\",\"sid\":\"0e04f5f2-e76a-4e46-9cac-fc9daa213405\",\"email_verified\":true,\"name\":\"E2EAlpha Tester\",\"preferred_username\":\"e2e.alpha.20260516224855-9zejpt@springbank.test\",\"given_name\":\"E2EAlpha\",\"family_name\":\"Tester\",\"email\":\"e2e.alpha.20260516224855-9zejpt@springbank.test\"}",
        "issuedAt": "1778961301",
        "expiresAt": "1778961601",
        "jwtId": "f3fc49d2-5aa9-4a8b-9ecb-d671af3a2596",
        "tokenType": "Bearer",
        "sessionState": "0e04f5f2-e76a-4e46-9cac-fc9daa213405",
        "scope": "email profile"
      }
    },
    {
      "id": "32a11579-7d75-427e-8314-a9cd64807d2b",
      "eventId": "be47819c-26c0-4e2f-b042-8de7ddc34bdf",
      "receiverName": "E2EBeta",
      "senderName": "E2EAlpha",
      "senderSurname": "Tester",
      "senderEmail": "e2e.alpha.20260516224855-9zejpt@springbank.test",
      "receiverEmail": "e2e.beta.20260516222010-lo96ej@springbank.test",
      "receiverSurname": "Tester",
      "senderUserId": "9b8c8f96-99eb-4bf4-9792-38eac77cd575",
      "receiverUserId": "03d83707-4d19-438d-8859-2099fb0d47a5",
      "senderIban": "TR4531613EKO6V3HV1RBHS4UJ2",
      "receiverIban": "TR8746948BSRJX152UW5A6JTFU",
      "money": 1000.00,
      "transactionType": "TRANSFER",
      "description": "E2E transfer 20260516224855-9zejpt",
      "localDateTime": "2026-05-16T19:51:03.110324",
      "error": false,
      "errorDescription": null,
      "userValidation": true,
      "isMoneyBlocked": false,
      "status": "COMPLETED",
      "statusDescription": "Ýþlem tamamlandý",
      "transferStatus": "COMPLETED",
      "tokenDetails": {
        "subject": "9b8c8f96-99eb-4bf4-9792-38eac77cd575",
        "preferredUsername": "e2e.alpha.20260516224855-9zejpt@springbank.test",
        "email": "e2e.alpha.20260516224855-9zejpt@springbank.test",
        "givenName": "E2EAlpha",
        "familyName": "Tester",
        "issuer": "http://keycloak:8080/realms/banking",
        "audienceJson": "\"account\"",
        "realmRoles": [
          "default-roles-banking",
          "offline_access",
          "uma_authorization",
          "USER"
        ],
        "headerJson": "{\"alg\":\"RS256\",\"typ\":\"JWT\",\"kid\":\"cXlYeegMcMa86uJVoCw83izxuVT_p7mjWVvIvYty2g0\"}",
        "claimsJson": "{\"exp\":1778961281,\"iat\":1778960981,\"jti\":\"5d8b2efa-716e-42e8-a0a7-bcaec41b20c2\",\"iss\":\"http://keycloak:8080/realms/banking\",\"aud\":\"account\",\"sub\":\"9b8c8f96-99eb-4bf4-9792-38eac77cd575\",\"typ\":\"Bearer\",\"azp\":\"banking-app\",\"session_state\":\"639f8201-f64b-4736-b241-3644bf68c129\",\"acr\":\"1\",\"allowed-origins\":[\"*\"],\"realm_access\":{\"roles\":[\"default-roles-banking\",\"offline_access\",\"uma_authorization\",\"USER\"]},\"resource_access\":{\"account\":{\"roles\":[\"manage-account\",\"manage-account-links\",\"view-profile\"]}},\"scope\":\"email profile\",\"sid\":\"639f8201-f64b-4736-b241-3644bf68c129\",\"email_verified\":true,\"name\":\"E2EAlpha Tester\",\"preferred_username\":\"e2e.alpha.20260516224855-9zejpt@springbank.test\",\"given_name\":\"E2EAlpha\",\"family_name\":\"Tester\",\"email\":\"e2e.alpha.20260516224855-9zejpt@springbank.test\"}",
        "issuedAt": "1778960981",
        "expiresAt": "1778961281",
        "jwtId": "5d8b2efa-716e-42e8-a0a7-bcaec41b20c2",
        "tokenType": "Bearer",
        "sessionState": "639f8201-f64b-4736-b241-3644bf68c129",
        "scope": "email profile"
      }
    }
  ],
  "tokenDetails": {
    "subject": "9b8c8f96-99eb-4bf4-9792-38eac77cd575",
    "preferredUsername": "e2e.alpha.20260516224855-9zejpt@springbank.test",
    "email": "e2e.alpha.20260516224855-9zejpt@springbank.test",
    "givenName": "E2EAlpha",
    "familyName": "Tester",
    "issuer": "http://keycloak:8080/realms/banking",
    "audienceJson": "\"account\"",
    "realmRoles": [
      "default-roles-banking",
      "offline_access",
      "uma_authorization",
      "USER"
    ],
    "headerJson": "{\"alg\":\"RS256\",\"typ\":\"JWT\",\"kid\":\"cXlYeegMcMa86uJVoCw83izxuVT_p7mjWVvIvYty2g0\"}",
    "claimsJson": "{\"exp\":1778961601,\"iat\":1778961301,\"jti\":\"f3fc49d2-5aa9-4a8b-9ecb-d671af3a2596\",\"iss\":\"http://keycloak:8080/realms/banking\",\"aud\":\"account\",\"sub\":\"9b8c8f96-99eb-4bf4-9792-38eac77cd575\",\"typ\":\"Bearer\",\"azp\":\"banking-app\",\"session_state\":\"0e04f5f2-e76a-4e46-9cac-fc9daa213405\",\"acr\":\"1\",\"allowed-origins\":[\"*\"],\"realm_access\":{\"roles\":[\"default-roles-banking\",\"offline_access\",\"uma_authorization\",\"USER\"]},\"resource_access\":{\"account\":{\"roles\":[\"manage-account\",\"manage-account-links\",\"view-profile\"]}},\"scope\":\"email profile\",\"sid\":\"0e04f5f2-e76a-4e46-9cac-fc9daa213405\",\"email_verified\":true,\"name\":\"E2EAlpha Tester\",\"preferred_username\":\"e2e.alpha.20260516224855-9zejpt@springbank.test\",\"given_name\":\"E2EAlpha\",\"family_name\":\"Tester\",\"email\":\"e2e.alpha.20260516224855-9zejpt@springbank.test\"}",
    "issuedAt": "1778961301",
    "expiresAt": "1778961601",
    "jwtId": "f3fc49d2-5aa9-4a8b-9ecb-d671af3a2596",
    "tokenType": "Bearer",
    "sessionState": "0e04f5f2-e76a-4e46-9cac-fc9daa213405",
    "scope": "email profile"
  }
}
INFO  --- [transaction-service] :  (19:55) > KafkaListenerService | listenAllTransactionTopics -> Metoda veri geldi. RawData:
{"eventUUID":"f0c08493-7b0b-489d-bebb-baba9695f9e1","keycloakUserUUID":"9b8c8f96-99eb-4bf4-9792-38eac77cd575","senderName":"E2EAlpha","senderSurname":"Tester","senderEmail":"e2e.alpha.20260516224855-9zejpt@springbank.test","receiverEmail":null,"receiverName":"E2EBeta","receiverSurname":"Tester","senderUserId":"9b8c8f96-99eb-4bf4-9792-38eac77cd575","senderIban":"TR4531613EKO6V3HV1RBHS4UJ2","receiverUserId":"03d83707-4d19-438d-8859-2099fb0d47a5","receiverIban":"TR8746948BSRJX152UW5A6JTFU","money":9999999,"transactionType":"TRANSFER","description":"E2E insufficient funds 20260516224855-9zejpt","status":"CREATED","statusDescription":"Ýþleminiz alýndý","error":true,"errorDescription":"Sender IBAN not found or insufficient balance for block operation.","isMoneyBlocked":false,"userValidation":false,"localDateTime":"2026-05-16T19:55:03.411466725","senderTransactionHistory":null,"receiverTransactionHistory":[{"id":"c8c70d23-c1cf-4065-8eb7-0c32342c4bd5","eventId":"f0c08493-7b0b-489d-bebb-baba9695f9e1","receiverName":"E2EBeta","senderName":"E2EAlpha","senderSurname":"Tester","senderEmail":"e2e.alpha.20260516224855-9zejpt@springbank.test","receiverEmail":null,"receiverSurname":"Tester","senderUserId":"9b8c8f96-99eb-4bf4-9792-38eac77cd575","receiverUserId":null,"senderIban":"TR4531613EKO6V3HV1RBHS4UJ2","receiverIban":"TR8746948BSRJX152UW5A6JTFU","money":9999999,"transactionType":"TRANSFER","description":"E2E insufficient funds 20260516224855-9zejpt","localDateTime":"2026-05-16T19:55:03.415390282","error":false,"errorDescription":null,"userValidation":false,"status":"CREATED","tokenDetails":{"subject":"9b8c8f96-99eb-4bf4-9792-38eac77cd575","preferredUsername":"e2e.alpha.20260516224855-9zejpt@springbank.test","email":"e2e.alpha.20260516224855-9zejpt@springbank.test","givenName":"E2EAlpha","familyName":"Tester","issuer":"http://keycloak:8080/realms/banking","audienceJson":"\"account\"","realmRoles":["default-roles-banking","offline_access","uma_authorization","USER"],"headerJson":"{\"alg\":\"RS256\",\"typ\":\"JWT\",\"kid\":\"cXlYeegMcMa86uJVoCw83izxuVT_p7mjWVvIvYty2g0\"}","claimsJson":"{\"exp\":1778961601,\"iat\":1778961301,\"jti\":\"f3fc49d2-5aa9-4a8b-9ecb-d671af3a2596\",\"iss\":\"http://keycloak:8080/realms/banking\",\"aud\":\"account\",\"sub\":\"9b8c8f96-99eb-4bf4-9792-38eac77cd575\",\"typ\":\"Bearer\",\"azp\":\"banking-app\",\"session_state\":\"0e04f5f2-e76a-4e46-9cac-fc9daa213405\",\"acr\":\"1\",\"allowed-origins\":[\"*\"],\"realm_access\":{\"roles\":[\"default-roles-banking\",\"offline_access\",\"uma_authorization\",\"USER\"]},\"resource_access\":{\"account\":{\"roles\":[\"manage-account\",\"manage-account-links\",\"view-profile\"]}},\"scope\":\"email profile\",\"sid\":\"0e04f5f2-e76a-4e46-9cac-fc9daa213405\",\"email_verified\":true,\"name\":\"E2EAlpha Tester\",\"preferred_username\":\"e2e.alpha.20260516224855-9zejpt@springbank.test\",\"given_name\":\"E2EAlpha\",\"family_name\":\"Tester\",\"email\":\"e2e.alpha.20260516224855-9zejpt@springbank.test\"}","issuedAt":"1778961301","expiresAt":"1778961601","jwtId":"f3fc49d2-5aa9-4a8b-9ecb-d671af3a2596","tokenType":"Bearer","sessionState":"0e04f5f2-e76a-4e46-9cac-fc9daa213405","scope":"email profile"}},{"id":"32a11579-7d75-427e-8314-a9cd64807d2b","eventId":"be47819c-26c0-4e2f-b042-8de7ddc34bdf","receiverName":"E2EBeta","senderName":"E2EAlpha","senderSurname":"Tester","senderEmail":"e2e.alpha.20260516224855-9zejpt@springbank.test","receiverEmail":"e2e.beta.20260516222010-lo96ej@springbank.test","receiverSurname":"Tester","senderUserId":"9b8c8f96-99eb-4bf4-9792-38eac77cd575","receiverUserId":"03d83707-4d19-438d-8859-2099fb0d47a5","senderIban":"TR4531613EKO6V3HV1RBHS4UJ2","receiverIban":"TR8746948BSRJX152UW5A6JTFU","money":1000.00,"transactionType":"TRANSFER","description":"E2E transfer 20260516224855-9zejpt","localDateTime":"2026-05-16T19:51:03.110324","error":false,"errorDescription":null,"userValidation":true,"status":"COMPLETED","tokenDetails":{"subject":"9b8c8f96-99eb-4bf4-9792-38eac77cd575","preferredUsername":"e2e.alpha.20260516224855-9zejpt@springbank.test","email":"e2e.alpha.20260516224855-9zejpt@springbank.test","givenName":"E2EAlpha","familyName":"Tester","issuer":"http://keycloak:8080/realms/banking","audienceJson":"\"account\"","realmRoles":["default-roles-banking","offline_access","uma_authorization","USER"],"headerJson":"{\"alg\":\"RS256\",\"typ\":\"JWT\",\"kid\":\"cXlYeegMcMa86uJVoCw83izxuVT_p7mjWVvIvYty2g0\"}","claimsJson":"{\"exp\":1778961281,\"iat\":1778960981,\"jti\":\"5d8b2efa-716e-42e8-a0a7-bcaec41b20c2\",\"iss\":\"http://keycloak:8080/realms/banking\",\"aud\":\"account\",\"sub\":\"9b8c8f96-99eb-4bf4-9792-38eac77cd575\",\"typ\":\"Bearer\",\"azp\":\"banking-app\",\"session_state\":\"639f8201-f64b-4736-b241-3644bf68c129\",\"acr\":\"1\",\"allowed-origins\":[\"*\"],\"realm_access\":{\"roles\":[\"default-roles-banking\",\"offline_access\",\"uma_authorization\",\"USER\"]},\"resource_access\":{\"account\":{\"roles\":[\"manage-account\",\"manage-account-links\",\"view-profile\"]}},\"scope\":\"email profile\",\"sid\":\"639f8201-f64b-4736-b241-3644bf68c129\",\"email_verified\":true,\"name\":\"E2EAlpha Tester\",\"preferred_username\":\"e2e.alpha.20260516224855-9zejpt@springbank.test\",\"given_name\":\"E2EAlpha\",\"family_name\":\"Tester\",\"email\":\"e2e.alpha.20260516224855-9zejpt@springbank.test\"}","issuedAt":"1778960981","expiresAt":"1778961281","jwtId":"5d8b2efa-716e-42e8-a0a7-bcaec41b20c2","tokenType":"Bearer","sessionState":"639f8201-f64b-4736-b241-3644bf68c129","scope":"email profile"}}],"tokenDetails":{"subject":"9b8c8f96-99eb-4bf4-9792-38eac77cd575","preferredUsername":"e2e.alpha.20260516224855-9zejpt@springbank.test","email":"e2e.alpha.20260516224855-9zejpt@springbank.test","givenName":"E2EAlpha","familyName":"Tester","issuer":"http://keycloak:8080/realms/banking","audienceJson":"\"account\"","realmRoles":["default-roles-banking","offline_access","uma_authorization","USER"],"headerJson":"{\"alg\":\"RS256\",\"typ\":\"JWT\",\"kid\":\"cXlYeegMcMa86uJVoCw83izxuVT_p7mjWVvIvYty2g0\"}","claimsJson":"{\"exp\":1778961601,\"iat\":1778961301,\"jti\":\"f3fc49d2-5aa9-4a8b-9ecb-d671af3a2596\",\"iss\":\"http://keycloak:8080/realms/banking\",\"aud\":\"account\",\"sub\":\"9b8c8f96-99eb-4bf4-9792-38eac77cd575\",\"typ\":\"Bearer\",\"azp\":\"banking-app\",\"session_state\":\"0e04f5f2-e76a-4e46-9cac-fc9daa213405\",\"acr\":\"1\",\"allowed-origins\":[\"*\"],\"realm_access\":{\"roles\":[\"default-roles-banking\",\"offline_access\",\"uma_authorization\",\"USER\"]},\"resource_access\":{\"account\":{\"roles\":[\"manage-account\",\"manage-account-links\",\"view-profile\"]}},\"scope\":\"email profile\",\"sid\":\"0e04f5f2-e76a-4e46-9cac-fc9daa213405\",\"email_verified\":true,\"name\":\"E2EAlpha Tester\",\"preferred_username\":\"e2e.alpha.20260516224855-9zejpt@springbank.test\",\"given_name\":\"E2EAlpha\",\"family_name\":\"Tester\",\"email\":\"e2e.alpha.20260516224855-9zejpt@springbank.test\"}","issuedAt":"1778961301","expiresAt":"1778961601","jwtId":"f3fc49d2-5aa9-4a8b-9ecb-d671af3a2596","tokenType":"Bearer","sessionState":"0e04f5f2-e76a-4e46-9cac-fc9daa213405","scope":"email profile"}}
INFO  --- [transaction-service] :  (19:55) > KafkaListenerService | listenAllTransactionTopics -> event: f0c08493-7b0b-489d-bebb-baba9695f9e1 status: CREATED, Dto:
{
  "eventUUID": "f0c08493-7b0b-489d-bebb-baba9695f9e1",
  "keycloakUserUUID": "9b8c8f96-99eb-4bf4-9792-38eac77cd575",
  "senderName": "E2EAlpha",
  "senderSurname": "Tester",
  "senderEmail": "e2e.alpha.20260516224855-9zejpt@springbank.test",
  "receiverEmail": null,
  "receiverName": "E2EBeta",
  "receiverSurname": "Tester",
  "senderUserId": "9b8c8f96-99eb-4bf4-9792-38eac77cd575",
  "senderIban": "TR4531613EKO6V3HV1RBHS4UJ2",
  "receiverUserId": "03d83707-4d19-438d-8859-2099fb0d47a5",
  "receiverIban": "TR8746948BSRJX152UW5A6JTFU",
  "money": 9999999,
  "transactionType": "TRANSFER",
  "description": "E2E insufficient funds 20260516224855-9zejpt",
  "status": "CREATED",
  "statusDescription": "Ýþleminiz alýndý",
  "error": true,
  "errorDescription": "Sender IBAN not found or insufficient balance for block operation.",
  "isMoneyBlocked": false,
  "userValidation": false,
  "localDateTime": "2026-05-16T19:55:03.411466725",
  "senderTransactionHistory": null,
  "receiverTransactionHistory": [
    {
      "id": "c8c70d23-c1cf-4065-8eb7-0c32342c4bd5",
      "eventId": "f0c08493-7b0b-489d-bebb-baba9695f9e1",
      "receiverName": "E2EBeta",
      "senderName": "E2EAlpha",
      "senderSurname": "Tester",
      "senderEmail": "e2e.alpha.20260516224855-9zejpt@springbank.test",
      "receiverEmail": null,
      "receiverSurname": "Tester",
      "senderUserId": "9b8c8f96-99eb-4bf4-9792-38eac77cd575",
      "receiverUserId": null,
      "senderIban": "TR4531613EKO6V3HV1RBHS4UJ2",
      "receiverIban": "TR8746948BSRJX152UW5A6JTFU",
      "money": 9999999,
      "transactionType": "TRANSFER",
      "description": "E2E insufficient funds 20260516224855-9zejpt",
      "localDateTime": "2026-05-16T19:55:03.415390282",
      "error": false,
      "errorDescription": null,
      "userValidation": false,
      "isMoneyBlocked": false,
      "status": "CREATED",
      "statusDescription": "Ýþleminiz alýndý",
      "transferStatus": "CREATED",
      "tokenDetails": {
        "subject": "9b8c8f96-99eb-4bf4-9792-38eac77cd575",
        "preferredUsername": "e2e.alpha.20260516224855-9zejpt@springbank.test",
        "email": "e2e.alpha.20260516224855-9zejpt@springbank.test",
        "givenName": "E2EAlpha",
        "familyName": "Tester",
        "issuer": "http://keycloak:8080/realms/banking",
        "audienceJson": "\"account\"",
        "realmRoles": [
          "default-roles-banking",
          "offline_access",
          "uma_authorization",
          "USER"
        ],
        "headerJson": "{\"alg\":\"RS256\",\"typ\":\"JWT\",\"kid\":\"cXlYeegMcMa86uJVoCw83izxuVT_p7mjWVvIvYty2g0\"}",
        "claimsJson": "{\"exp\":1778961601,\"iat\":1778961301,\"jti\":\"f3fc49d2-5aa9-4a8b-9ecb-d671af3a2596\",\"iss\":\"http://keycloak:8080/realms/banking\",\"aud\":\"account\",\"sub\":\"9b8c8f96-99eb-4bf4-9792-38eac77cd575\",\"typ\":\"Bearer\",\"azp\":\"banking-app\",\"session_state\":\"0e04f5f2-e76a-4e46-9cac-fc9daa213405\",\"acr\":\"1\",\"allowed-origins\":[\"*\"],\"realm_access\":{\"roles\":[\"default-roles-banking\",\"offline_access\",\"uma_authorization\",\"USER\"]},\"resource_access\":{\"account\":{\"roles\":[\"manage-account\",\"manage-account-links\",\"view-profile\"]}},\"scope\":\"email profile\",\"sid\":\"0e04f5f2-e76a-4e46-9cac-fc9daa213405\",\"email_verified\":true,\"name\":\"E2EAlpha Tester\",\"preferred_username\":\"e2e.alpha.20260516224855-9zejpt@springbank.test\",\"given_name\":\"E2EAlpha\",\"family_name\":\"Tester\",\"email\":\"e2e.alpha.20260516224855-9zejpt@springbank.test\"}",
        "issuedAt": "1778961301",
        "expiresAt": "1778961601",
        "jwtId": "f3fc49d2-5aa9-4a8b-9ecb-d671af3a2596",
        "tokenType": "Bearer",
        "sessionState": "0e04f5f2-e76a-4e46-9cac-fc9daa213405",
        "scope": "email profile"
      }
    },
    {
      "id": "32a11579-7d75-427e-8314-a9cd64807d2b",
      "eventId": "be47819c-26c0-4e2f-b042-8de7ddc34bdf",
      "receiverName": "E2EBeta",
      "senderName": "E2EAlpha",
      "senderSurname": "Tester",
      "senderEmail": "e2e.alpha.20260516224855-9zejpt@springbank.test",
      "receiverEmail": "e2e.beta.20260516222010-lo96ej@springbank.test",
      "receiverSurname": "Tester",
      "senderUserId": "9b8c8f96-99eb-4bf4-9792-38eac77cd575",
      "receiverUserId": "03d83707-4d19-438d-8859-2099fb0d47a5",
      "senderIban": "TR4531613EKO6V3HV1RBHS4UJ2",
      "receiverIban": "TR8746948BSRJX152UW5A6JTFU",
      "money": 1000.00,
      "transactionType": "TRANSFER",
      "description": "E2E transfer 20260516224855-9zejpt",
      "localDateTime": "2026-05-16T19:51:03.110324",
      "error": false,
      "errorDescription": null,
      "userValidation": true,
      "isMoneyBlocked": false,
      "status": "COMPLETED",
      "statusDescription": "Ýþleminiz alýndý",
      "transferStatus": "CREATED",
      "tokenDetails": {
        "subject": "9b8c8f96-99eb-4bf4-9792-38eac77cd575",
        "preferredUsername": "e2e.alpha.20260516224855-9zejpt@springbank.test",
        "email": "e2e.alpha.20260516224855-9zejpt@springbank.test",
        "givenName": "E2EAlpha",
        "familyName": "Tester",
        "issuer": "http://keycloak:8080/realms/banking",
        "audienceJson": "\"account\"",
        "realmRoles": [
          "default-roles-banking",
          "offline_access",
          "uma_authorization",
          "USER"
        ],
        "headerJson": "{\"alg\":\"RS256\",\"typ\":\"JWT\",\"kid\":\"cXlYeegMcMa86uJVoCw83izxuVT_p7mjWVvIvYty2g0\"}",
        "claimsJson": "{\"exp\":1778961281,\"iat\":1778960981,\"jti\":\"5d8b2efa-716e-42e8-a0a7-bcaec41b20c2\",\"iss\":\"http://keycloak:8080/realms/banking\",\"aud\":\"account\",\"sub\":\"9b8c8f96-99eb-4bf4-9792-38eac77cd575\",\"typ\":\"Bearer\",\"azp\":\"banking-app\",\"session_state\":\"639f8201-f64b-4736-b241-3644bf68c129\",\"acr\":\"1\",\"allowed-origins\":[\"*\"],\"realm_access\":{\"roles\":[\"default-roles-banking\",\"offline_access\",\"uma_authorization\",\"USER\"]},\"resource_access\":{\"account\":{\"roles\":[\"manage-account\",\"manage-account-links\",\"view-profile\"]}},\"scope\":\"email profile\",\"sid\":\"639f8201-f64b-4736-b241-3644bf68c129\",\"email_verified\":true,\"name\":\"E2EAlpha Tester\",\"preferred_username\":\"e2e.alpha.20260516224855-9zejpt@springbank.test\",\"given_name\":\"E2EAlpha\",\"family_name\":\"Tester\",\"email\":\"e2e.alpha.20260516224855-9zejpt@springbank.test\"}",
        "issuedAt": "1778960981",
        "expiresAt": "1778961281",
        "jwtId": "5d8b2efa-716e-42e8-a0a7-bcaec41b20c2",
        "tokenType": "Bearer",
        "sessionState": "639f8201-f64b-4736-b241-3644bf68c129",
        "scope": "email profile"
      }
    }
  ],
  "tokenDetails": {
    "subject": "9b8c8f96-99eb-4bf4-9792-38eac77cd575",
    "preferredUsername": "e2e.alpha.20260516224855-9zejpt@springbank.test",
    "email": "e2e.alpha.20260516224855-9zejpt@springbank.test",
    "givenName": "E2EAlpha",
    "familyName": "Tester",
    "issuer": "http://keycloak:8080/realms/banking",
    "audienceJson": "\"account\"",
    "realmRoles": [
      "default-roles-banking",
      "offline_access",
      "uma_authorization",
      "USER"
    ],
    "headerJson": "{\"alg\":\"RS256\",\"typ\":\"JWT\",\"kid\":\"cXlYeegMcMa86uJVoCw83izxuVT_p7mjWVvIvYty2g0\"}",
    "claimsJson": "{\"exp\":1778961601,\"iat\":1778961301,\"jti\":\"f3fc49d2-5aa9-4a8b-9ecb-d671af3a2596\",\"iss\":\"http://keycloak:8080/realms/banking\",\"aud\":\"account\",\"sub\":\"9b8c8f96-99eb-4bf4-9792-38eac77cd575\",\"typ\":\"Bearer\",\"azp\":\"banking-app\",\"session_state\":\"0e04f5f2-e76a-4e46-9cac-fc9daa213405\",\"acr\":\"1\",\"allowed-origins\":[\"*\"],\"realm_access\":{\"roles\":[\"default-roles-banking\",\"offline_access\",\"uma_authorization\",\"USER\"]},\"resource_access\":{\"account\":{\"roles\":[\"manage-account\",\"manage-account-links\",\"view-profile\"]}},\"scope\":\"email profile\",\"sid\":\"0e04f5f2-e76a-4e46-9cac-fc9daa213405\",\"email_verified\":true,\"name\":\"E2EAlpha Tester\",\"preferred_username\":\"e2e.alpha.20260516224855-9zejpt@springbank.test\",\"given_name\":\"E2EAlpha\",\"family_name\":\"Tester\",\"email\":\"e2e.alpha.20260516224855-9zejpt@springbank.test\"}",
    "issuedAt": "1778961301",
    "expiresAt": "1778961601",
    "jwtId": "f3fc49d2-5aa9-4a8b-9ecb-d671af3a2596",
    "tokenType": "Bearer",
    "sessionState": "0e04f5f2-e76a-4e46-9cac-fc9daa213405",
    "scope": "email profile"
  }
}
INFO  --- [transaction-service] :  (19:55) > KafkaListenerService | listenAllTransactionTopics -> Metoda veri geldi. RawData:
{"eventUUID":"f0c08493-7b0b-489d-bebb-baba9695f9e1","keycloakUserUUID":"9b8c8f96-99eb-4bf4-9792-38eac77cd575","senderName":"E2EAlpha","senderSurname":"Tester","senderEmail":"e2e.alpha.20260516224855-9zejpt@springbank.test","receiverEmail":null,"receiverName":"E2EBeta","receiverSurname":"Tester","senderUserId":"9b8c8f96-99eb-4bf4-9792-38eac77cd575","senderIban":"TR4531613EKO6V3HV1RBHS4UJ2","receiverUserId":"03d83707-4d19-438d-8859-2099fb0d47a5","receiverIban":"TR8746948BSRJX152UW5A6JTFU","money":9999999,"transactionType":"TRANSFER","description":"E2E insufficient funds 20260516224855-9zejpt","status":"FAILED","statusDescription":"Ýþlem baþarýsýz","error":true,"errorDescription":"Transfer bloke islemi basarisiz: Block money failed for iban\u003dTR4531613EKO6V3HV1RBHS4UJ2","isMoneyBlocked":false,"userValidation":false,"localDateTime":"2026-05-16T19:55:03.411466725","senderTransactionHistory":null,"receiverTransactionHistory":[{"id":"c8c70d23-c1cf-4065-8eb7-0c32342c4bd5","eventId":"f0c08493-7b0b-489d-bebb-baba9695f9e1","receiverName":"E2EBeta","senderName":"E2EAlpha","senderSurname":"Tester","senderEmail":"e2e.alpha.20260516224855-9zejpt@springbank.test","receiverEmail":null,"receiverSurname":"Tester","senderUserId":"9b8c8f96-99eb-4bf4-9792-38eac77cd575","receiverUserId":null,"senderIban":"TR4531613EKO6V3HV1RBHS4UJ2","receiverIban":"TR8746948BSRJX152UW5A6JTFU","money":9999999,"transactionType":"TRANSFER","description":"E2E insufficient funds 20260516224855-9zejpt","localDateTime":"2026-05-16T19:55:03.415390282","error":false,"errorDescription":null,"userValidation":false,"status":"CREATED","tokenDetails":{"subject":"9b8c8f96-99eb-4bf4-9792-38eac77cd575","preferredUsername":"e2e.alpha.20260516224855-9zejpt@springbank.test","email":"e2e.alpha.20260516224855-9zejpt@springbank.test","givenName":"E2EAlpha","familyName":"Tester","issuer":"http://keycloak:8080/realms/banking","audienceJson":"\"account\"","realmRoles":["default-roles-banking","offline_access","uma_authorization","USER"],"headerJson":"{\"alg\":\"RS256\",\"typ\":\"JWT\",\"kid\":\"cXlYeegMcMa86uJVoCw83izxuVT_p7mjWVvIvYty2g0\"}","claimsJson":"{\"exp\":1778961601,\"iat\":1778961301,\"jti\":\"f3fc49d2-5aa9-4a8b-9ecb-d671af3a2596\",\"iss\":\"http://keycloak:8080/realms/banking\",\"aud\":\"account\",\"sub\":\"9b8c8f96-99eb-4bf4-9792-38eac77cd575\",\"typ\":\"Bearer\",\"azp\":\"banking-app\",\"session_state\":\"0e04f5f2-e76a-4e46-9cac-fc9daa213405\",\"acr\":\"1\",\"allowed-origins\":[\"*\"],\"realm_access\":{\"roles\":[\"default-roles-banking\",\"offline_access\",\"uma_authorization\",\"USER\"]},\"resource_access\":{\"account\":{\"roles\":[\"manage-account\",\"manage-account-links\",\"view-profile\"]}},\"scope\":\"email profile\",\"sid\":\"0e04f5f2-e76a-4e46-9cac-fc9daa213405\",\"email_verified\":true,\"name\":\"E2EAlpha Tester\",\"preferred_username\":\"e2e.alpha.20260516224855-9zejpt@springbank.test\",\"given_name\":\"E2EAlpha\",\"family_name\":\"Tester\",\"email\":\"e2e.alpha.20260516224855-9zejpt@springbank.test\"}","issuedAt":"1778961301","expiresAt":"1778961601","jwtId":"f3fc49d2-5aa9-4a8b-9ecb-d671af3a2596","tokenType":"Bearer","sessionState":"0e04f5f2-e76a-4e46-9cac-fc9daa213405","scope":"email profile"}},{"id":"32a11579-7d75-427e-8314-a9cd64807d2b","eventId":"be47819c-26c0-4e2f-b042-8de7ddc34bdf","receiverName":"E2EBeta","senderName":"E2EAlpha","senderSurname":"Tester","senderEmail":"e2e.alpha.20260516224855-9zejpt@springbank.test","receiverEmail":"e2e.beta.20260516222010-lo96ej@springbank.test","receiverSurname":"Tester","senderUserId":"9b8c8f96-99eb-4bf4-9792-38eac77cd575","receiverUserId":"03d83707-4d19-438d-8859-2099fb0d47a5","senderIban":"TR4531613EKO6V3HV1RBHS4UJ2","receiverIban":"TR8746948BSRJX152UW5A6JTFU","money":1000.00,"transactionType":"TRANSFER","description":"E2E transfer 20260516224855-9zejpt","localDateTime":"2026-05-16T19:51:03.110324","error":false,"errorDescription":null,"userValidation":true,"status":"COMPLETED","tokenDetails":{"subject":"9b8c8f96-99eb-4bf4-9792-38eac77cd575","preferredUsername":"e2e.alpha.20260516224855-9zejpt@springbank.test","email":"e2e.alpha.20260516224855-9zejpt@springbank.test","givenName":"E2EAlpha","familyName":"Tester","issuer":"http://keycloak:8080/realms/banking","audienceJson":"\"account\"","realmRoles":["default-roles-banking","offline_access","uma_authorization","USER"],"headerJson":"{\"alg\":\"RS256\",\"typ\":\"JWT\",\"kid\":\"cXlYeegMcMa86uJVoCw83izxuVT_p7mjWVvIvYty2g0\"}","claimsJson":"{\"exp\":1778961281,\"iat\":1778960981,\"jti\":\"5d8b2efa-716e-42e8-a0a7-bcaec41b20c2\",\"iss\":\"http://keycloak:8080/realms/banking\",\"aud\":\"account\",\"sub\":\"9b8c8f96-99eb-4bf4-9792-38eac77cd575\",\"typ\":\"Bearer\",\"azp\":\"banking-app\",\"session_state\":\"639f8201-f64b-4736-b241-3644bf68c129\",\"acr\":\"1\",\"allowed-origins\":[\"*\"],\"realm_access\":{\"roles\":[\"default-roles-banking\",\"offline_access\",\"uma_authorization\",\"USER\"]},\"resource_access\":{\"account\":{\"roles\":[\"manage-account\",\"manage-account-links\",\"view-profile\"]}},\"scope\":\"email profile\",\"sid\":\"639f8201-f64b-4736-b241-3644bf68c129\",\"email_verified\":true,\"name\":\"E2EAlpha Tester\",\"preferred_username\":\"e2e.alpha.20260516224855-9zejpt@springbank.test\",\"given_name\":\"E2EAlpha\",\"family_name\":\"Tester\",\"email\":\"e2e.alpha.20260516224855-9zejpt@springbank.test\"}","issuedAt":"1778960981","expiresAt":"1778961281","jwtId":"5d8b2efa-716e-42e8-a0a7-bcaec41b20c2","tokenType":"Bearer","sessionState":"639f8201-f64b-4736-b241-3644bf68c129","scope":"email profile"}}],"tokenDetails":{"subject":"9b8c8f96-99eb-4bf4-9792-38eac77cd575","preferredUsername":"e2e.alpha.20260516224855-9zejpt@springbank.test","email":"e2e.alpha.20260516224855-9zejpt@springbank.test","givenName":"E2EAlpha","familyName":"Tester","issuer":"http://keycloak:8080/realms/banking","audienceJson":"\"account\"","realmRoles":["default-roles-banking","offline_access","uma_authorization","USER"],"headerJson":"{\"alg\":\"RS256\",\"typ\":\"JWT\",\"kid\":\"cXlYeegMcMa86uJVoCw83izxuVT_p7mjWVvIvYty2g0\"}","claimsJson":"{\"exp\":1778961601,\"iat\":1778961301,\"jti\":\"f3fc49d2-5aa9-4a8b-9ecb-d671af3a2596\",\"iss\":\"http://keycloak:8080/realms/banking\",\"aud\":\"account\",\"sub\":\"9b8c8f96-99eb-4bf4-9792-38eac77cd575\",\"typ\":\"Bearer\",\"azp\":\"banking-app\",\"session_state\":\"0e04f5f2-e76a-4e46-9cac-fc9daa213405\",\"acr\":\"1\",\"allowed-origins\":[\"*\"],\"realm_access\":{\"roles\":[\"default-roles-banking\",\"offline_access\",\"uma_authorization\",\"USER\"]},\"resource_access\":{\"account\":{\"roles\":[\"manage-account\",\"manage-account-links\",\"view-profile\"]}},\"scope\":\"email profile\",\"sid\":\"0e04f5f2-e76a-4e46-9cac-fc9daa213405\",\"email_verified\":true,\"name\":\"E2EAlpha Tester\",\"preferred_username\":\"e2e.alpha.20260516224855-9zejpt@springbank.test\",\"given_name\":\"E2EAlpha\",\"family_name\":\"Tester\",\"email\":\"e2e.alpha.20260516224855-9zejpt@springbank.test\"}","issuedAt":"1778961301","expiresAt":"1778961601","jwtId":"f3fc49d2-5aa9-4a8b-9ecb-d671af3a2596","tokenType":"Bearer","sessionState":"0e04f5f2-e76a-4e46-9cac-fc9daa213405","scope":"email profile"}}
INFO  --- [transaction-service] :  (19:55) > KafkaListenerService | listenAllTransactionTopics -> event: f0c08493-7b0b-489d-bebb-baba9695f9e1 status: FAILED, Dto:
{
  "eventUUID": "f0c08493-7b0b-489d-bebb-baba9695f9e1",
  "keycloakUserUUID": "9b8c8f96-99eb-4bf4-9792-38eac77cd575",
  "senderName": "E2EAlpha",
  "senderSurname": "Tester",
  "senderEmail": "e2e.alpha.20260516224855-9zejpt@springbank.test",
  "receiverEmail": null,
  "receiverName": "E2EBeta",
  "receiverSurname": "Tester",
  "senderUserId": "9b8c8f96-99eb-4bf4-9792-38eac77cd575",
  "senderIban": "TR4531613EKO6V3HV1RBHS4UJ2",
  "receiverUserId": "03d83707-4d19-438d-8859-2099fb0d47a5",
  "receiverIban": "TR8746948BSRJX152UW5A6JTFU",
  "money": 9999999,
  "transactionType": "TRANSFER",
  "description": "E2E insufficient funds 20260516224855-9zejpt",
  "status": "FAILED",
  "statusDescription": "Ýþlem baþarýsýz",
  "error": true,
  "errorDescription": "Transfer bloke islemi basarisiz: Block money failed for iban\u003dTR4531613EKO6V3HV1RBHS4UJ2",
  "isMoneyBlocked": false,
  "userValidation": false,
  "localDateTime": "2026-05-16T19:55:03.411466725",
  "senderTransactionHistory": null,
  "receiverTransactionHistory": [
    {
      "id": "c8c70d23-c1cf-4065-8eb7-0c32342c4bd5",
      "eventId": "f0c08493-7b0b-489d-bebb-baba9695f9e1",
      "receiverName": "E2EBeta",
      "senderName": "E2EAlpha",
      "senderSurname": "Tester",
      "senderEmail": "e2e.alpha.20260516224855-9zejpt@springbank.test",
      "receiverEmail": null,
      "receiverSurname": "Tester",
      "senderUserId": "9b8c8f96-99eb-4bf4-9792-38eac77cd575",
      "receiverUserId": null,
      "senderIban": "TR4531613EKO6V3HV1RBHS4UJ2",
      "receiverIban": "TR8746948BSRJX152UW5A6JTFU",
      "money": 9999999,
      "transactionType": "TRANSFER",
      "description": "E2E insufficient funds 20260516224855-9zejpt",
      "localDateTime": "2026-05-16T19:55:03.415390282",
      "error": false,
      "errorDescription": null,
      "userValidation": false,
      "isMoneyBlocked": false,
      "status": "CREATED",
      "statusDescription": "Ýþleminiz alýndý",
      "transferStatus": "CREATED",
      "tokenDetails": {
        "subject": "9b8c8f96-99eb-4bf4-9792-38eac77cd575",
        "preferredUsername": "e2e.alpha.20260516224855-9zejpt@springbank.test",
        "email": "e2e.alpha.20260516224855-9zejpt@springbank.test",
        "givenName": "E2EAlpha",
        "familyName": "Tester",
        "issuer": "http://keycloak:8080/realms/banking",
        "audienceJson": "\"account\"",
        "realmRoles": [
          "default-roles-banking",
          "offline_access",
          "uma_authorization",
          "USER"
        ],
        "headerJson": "{\"alg\":\"RS256\",\"typ\":\"JWT\",\"kid\":\"cXlYeegMcMa86uJVoCw83izxuVT_p7mjWVvIvYty2g0\"}",
        "claimsJson": "{\"exp\":1778961601,\"iat\":1778961301,\"jti\":\"f3fc49d2-5aa9-4a8b-9ecb-d671af3a2596\",\"iss\":\"http://keycloak:8080/realms/banking\",\"aud\":\"account\",\"sub\":\"9b8c8f96-99eb-4bf4-9792-38eac77cd575\",\"typ\":\"Bearer\",\"azp\":\"banking-app\",\"session_state\":\"0e04f5f2-e76a-4e46-9cac-fc9daa213405\",\"acr\":\"1\",\"allowed-origins\":[\"*\"],\"realm_access\":{\"roles\":[\"default-roles-banking\",\"offline_access\",\"uma_authorization\",\"USER\"]},\"resource_access\":{\"account\":{\"roles\":[\"manage-account\",\"manage-account-links\",\"view-profile\"]}},\"scope\":\"email profile\",\"sid\":\"0e04f5f2-e76a-4e46-9cac-fc9daa213405\",\"email_verified\":true,\"name\":\"E2EAlpha Tester\",\"preferred_username\":\"e2e.alpha.20260516224855-9zejpt@springbank.test\",\"given_name\":\"E2EAlpha\",\"family_name\":\"Tester\",\"email\":\"e2e.alpha.20260516224855-9zejpt@springbank.test\"}",
        "issuedAt": "1778961301",
        "expiresAt": "1778961601",
        "jwtId": "f3fc49d2-5aa9-4a8b-9ecb-d671af3a2596",
        "tokenType": "Bearer",
        "sessionState": "0e04f5f2-e76a-4e46-9cac-fc9daa213405",
        "scope": "email profile"
      }
    },
    {
      "id": "32a11579-7d75-427e-8314-a9cd64807d2b",
      "eventId": "be47819c-26c0-4e2f-b042-8de7ddc34bdf",
      "receiverName": "E2EBeta",
      "senderName": "E2EAlpha",
      "senderSurname": "Tester",
      "senderEmail": "e2e.alpha.20260516224855-9zejpt@springbank.test",
      "receiverEmail": "e2e.beta.20260516222010-lo96ej@springbank.test",
      "receiverSurname": "Tester",
      "senderUserId": "9b8c8f96-99eb-4bf4-9792-38eac77cd575",
      "receiverUserId": "03d83707-4d19-438d-8859-2099fb0d47a5",
      "senderIban": "TR4531613EKO6V3HV1RBHS4UJ2",
      "receiverIban": "TR8746948BSRJX152UW5A6JTFU",
      "money": 1000.00,
      "transactionType": "TRANSFER",
      "description": "E2E transfer 20260516224855-9zejpt",
      "localDateTime": "2026-05-16T19:51:03.110324",
      "error": false,
      "errorDescription": null,
      "userValidation": true,
      "isMoneyBlocked": false,
      "status": "COMPLETED",
      "statusDescription": "Ýþleminiz alýndý",
      "transferStatus": "CREATED",
      "tokenDetails": {
        "subject": "9b8c8f96-99eb-4bf4-9792-38eac77cd575",
        "preferredUsername": "e2e.alpha.20260516224855-9zejpt@springbank.test",
        "email": "e2e.alpha.20260516224855-9zejpt@springbank.test",
        "givenName": "E2EAlpha",
        "familyName": "Tester",
        "issuer": "http://keycloak:8080/realms/banking",
        "audienceJson": "\"account\"",
        "realmRoles": [
          "default-roles-banking",
          "offline_access",
          "uma_authorization",
          "USER"
        ],
        "headerJson": "{\"alg\":\"RS256\",\"typ\":\"JWT\",\"kid\":\"cXlYeegMcMa86uJVoCw83izxuVT_p7mjWVvIvYty2g0\"}",
        "claimsJson": "{\"exp\":1778961281,\"iat\":1778960981,\"jti\":\"5d8b2efa-716e-42e8-a0a7-bcaec41b20c2\",\"iss\":\"http://keycloak:8080/realms/banking\",\"aud\":\"account\",\"sub\":\"9b8c8f96-99eb-4bf4-9792-38eac77cd575\",\"typ\":\"Bearer\",\"azp\":\"banking-app\",\"session_state\":\"639f8201-f64b-4736-b241-3644bf68c129\",\"acr\":\"1\",\"allowed-origins\":[\"*\"],\"realm_access\":{\"roles\":[\"default-roles-banking\",\"offline_access\",\"uma_authorization\",\"USER\"]},\"resource_access\":{\"account\":{\"roles\":[\"manage-account\",\"manage-account-links\",\"view-profile\"]}},\"scope\":\"email profile\",\"sid\":\"639f8201-f64b-4736-b241-3644bf68c129\",\"email_verified\":true,\"name\":\"E2EAlpha Tester\",\"preferred_username\":\"e2e.alpha.20260516224855-9zejpt@springbank.test\",\"given_name\":\"E2EAlpha\",\"family_name\":\"Tester\",\"email\":\"e2e.alpha.20260516224855-9zejpt@springbank.test\"}",
        "issuedAt": "1778960981",
        "expiresAt": "1778961281",
        "jwtId": "5d8b2efa-716e-42e8-a0a7-bcaec41b20c2",
        "tokenType": "Bearer",
        "sessionState": "639f8201-f64b-4736-b241-3644bf68c129",
        "scope": "email profile"
      }
    }
  ],
  "tokenDetails": {
    "subject": "9b8c8f96-99eb-4bf4-9792-38eac77cd575",
    "preferredUsername": "e2e.alpha.20260516224855-9zejpt@springbank.test",
    "email": "e2e.alpha.20260516224855-9zejpt@springbank.test",
    "givenName": "E2EAlpha",
    "familyName": "Tester",
    "issuer": "http://keycloak:8080/realms/banking",
    "audienceJson": "\"account\"",
    "realmRoles": [
      "default-roles-banking",
      "offline_access",
      "uma_authorization",
      "USER"
    ],
    "headerJson": "{\"alg\":\"RS256\",\"typ\":\"JWT\",\"kid\":\"cXlYeegMcMa86uJVoCw83izxuVT_p7mjWVvIvYty2g0\"}",
    "claimsJson": "{\"exp\":1778961601,\"iat\":1778961301,\"jti\":\"f3fc49d2-5aa9-4a8b-9ecb-d671af3a2596\",\"iss\":\"http://keycloak:8080/realms/banking\",\"aud\":\"account\",\"sub\":\"9b8c8f96-99eb-4bf4-9792-38eac77cd575\",\"typ\":\"Bearer\",\"azp\":\"banking-app\",\"session_state\":\"0e04f5f2-e76a-4e46-9cac-fc9daa213405\",\"acr\":\"1\",\"allowed-origins\":[\"*\"],\"realm_access\":{\"roles\":[\"default-roles-banking\",\"offline_access\",\"uma_authorization\",\"USER\"]},\"resource_access\":{\"account\":{\"roles\":[\"manage-account\",\"manage-account-links\",\"view-profile\"]}},\"scope\":\"email profile\",\"sid\":\"0e04f5f2-e76a-4e46-9cac-fc9daa213405\",\"email_verified\":true,\"name\":\"E2EAlpha Tester\",\"preferred_username\":\"e2e.alpha.20260516224855-9zejpt@springbank.test\",\"given_name\":\"E2EAlpha\",\"family_name\":\"Tester\",\"email\":\"e2e.alpha.20260516224855-9zejpt@springbank.test\"}",
    "issuedAt": "1778961301",
    "expiresAt": "1778961601",
    "jwtId": "f3fc49d2-5aa9-4a8b-9ecb-d671af3a2596",
    "tokenType": "Bearer",
    "sessionState": "0e04f5f2-e76a-4e46-9cac-fc9daa213405",
    "scope": "email profile"
  }
}
