
  .   ____          _            __ _ _
 /\\ / ___'_ __ _ _(_)_ __  __ _ \ \ \ \
( ( )\___ | '_ | '_| | '_ \/ _` | \ \ \ \
 \\/  ___)| |_)| | | | | || (_| |  ) ) ) )
  '  |____| .__|_| |_|_| |_\__, | / / / /
 =========|_|==============|___/=/_/_/_/

 :: Spring Boot ::                (v4.0.1)

INFO  --- [user-service] : Starting UserServiceApplication v0.0.1-SNAPSHOT using Java 21.0.11 with PID 1 (/app/app.jar started by root in /app)
INFO  --- [user-service] : No active profile set, falling back to 1 default profile: "default"
INFO  --- [user-service] : Multiple Spring Data modules found, entering strict repository configuration mode
INFO  --- [user-service] : Bootstrapping Spring Data Redis repositories in DEFAULT mode.
INFO  --- [user-service] : Finished Spring Data repository scanning in 193 ms. Found 0 Redis repository interfaces.
INFO  --- [user-service] : BeanFactory id=7567bc3c-086a-320c-aa8c-e259a99a4101
INFO  --- [user-service] : Tomcat initialized with port 8081 (http)
INFO  --- [user-service] : Starting service [Tomcat]
INFO  --- [user-service] : Starting Servlet engine: [Apache Tomcat/11.0.15]
INFO  --- [user-service] : Root WebApplicationContext: initialization completed in 8014 ms
INFO  --- [user-service] : Detected grpc-netty-shaded: Creating ShadedNettyGrpcServerFactory
WARN  --- [user-service] : Spring Cloud LoadBalancer is currently working with the default cache. While this cache implementation is useful for development and tests, it's recommended to use Caffeine cache in production.You can switch to using Caffeine cache, by adding it and org.springframework.cache.caffeine.CaffeineCacheManager to the classpath.
INFO  --- [user-service] : Exposing 2 endpoints beneath base path '/api/user-service/actuator'
INFO  --- [user-service] : Tomcat started on port 8081 (http) with context path '/'
INFO  --- [user-service] : Registered gRPC service: auth.v1.AuthTokenGrpcService, bean: authTokenGrpcEndpoint, class: com.banking_microservices.user_service.grpc.AuthTokenGrpcEndpoint
INFO  --- [user-service] : Registered gRPC service: grpc.health.v1.Health, bean: grpcHealthService, class: io.grpc.protobuf.services.HealthServiceImpl
INFO  --- [user-service] : Registered gRPC service: grpc.reflection.v1alpha.ServerReflection, bean: protoReflectionService, class: io.grpc.protobuf.services.ProtoReflectionService
INFO  --- [user-service] : gRPC Server started, listening on address: *, port: 9194
INFO  --- [user-service] : Started UserServiceApplication in 26.188 seconds (process running for 28.954)
INFO  --- [user-service] : user-service-group: partitions assigned: []
INFO  --- [user-service] : user-service-group: partitions assigned: [banking-microservices.transaction.user-validation.request.v1-0]
INFO  --- [user-service] : Initializing Spring DispatcherServlet 'dispatcherServlet'
INFO  --- [user-service] : Initializing Servlet 'dispatcherServlet'
INFO  --- [user-service] : Completed initialization in 2 ms
INFO  --- [user-service] :  (19:49) > AuthController | register -> {
  "email": "e2e.alpha.20260516224855-9zejpt@springbank.test",
  "name": "E2EAlpha",
  "surname": "Tester",
  "password": "Test1234!"
}
INFO  --- [user-service] :  (19:49) > KeycloakAdminService | createUser -> User created: 9b8c8f96-99eb-4bf4-9792-38eac77cd575
INFO  --- [user-service] :  (19:49) > KafkaSender | sendCreateUser -> Kafkaya mesaj gonderilmek uzere alindi. UserId: 9b8c8f96-99eb-4bf4-9792-38eac77cd575
INFO  --- [user-service] :  (19:49) > KafkaSender | sendCreateUser -> Kafkaya mesaj gonderildi. UserId: 9b8c8f96-99eb-4bf4-9792-38eac77cd575
INFO  --- [user-service] :  (19:49) > AuthController | login -> {
  "email": "e2e.beta.20260516224855-9zejpt@springbank.test",
  "password": "Test1234!"
}
INFO  --- [user-service] :  (19:49) > KeycloakUserService | login -> Request:
{
  "email": "e2e.beta.20260516224855-9zejpt@springbank.test",
  "password": "Test1234!"
}
INFO  --- [user-service] :  (19:49) > AuthController | login -> {
  "email": "admin@springbank.local",
  "password": "SpringBankAdmin123!"
}
INFO  --- [user-service] :  (19:49) > KeycloakUserService | login -> Request:
{
  "email": "admin@springbank.local",
  "password": "SpringBankAdmin123!"
}
INFO  --- [user-service] :  (19:49) > AuthController | refresh -> request received
INFO  --- [user-service] :  (19:50) > AdminController | getTotalUsers -> Istek alindi.
INFO  --- [user-service] :  (19:50) > AdminController | getRoleStats -> Istek alindi.
INFO  --- [user-service] :  (19:50) > AdminController | getActiveStats -> Istek alindi.
INFO  --- [user-service] :  (19:50) > AdminController | searchByEmail -> Istek alindi. Email: e2e.alpha.20260516224855-9zejpt@springbank.test
INFO  --- [user-service] : user endpoint request 9b8c8f96-99eb-4bf4-9792-38eac77cd575
INFO  --- [user-service] :  (19:50) > AdminController | searchUsers -> Istek alindi. Query : E2EAlpha
INFO  --- [user-service] :  (19:50) > AuthController | register -> {
  "email": "e2e.admin.target.20260516224855-9zejpt@springbank.test",
  "name": "E2EAdminTarget",
  "surname": "Tester",
  "password": "Test1234!"
}
INFO  --- [user-service] :  (19:50) > KeycloakAdminService | createUser -> User created: 971c2249-61da-4eef-959a-84a7bae6c533
INFO  --- [user-service] :  (19:50) > KafkaSender | sendCreateUser -> Kafkaya mesaj gonderilmek uzere alindi. UserId: 971c2249-61da-4eef-959a-84a7bae6c533
INFO  --- [user-service] :  (19:50) > KafkaSender | sendCreateUser -> Kafkaya mesaj gonderildi. UserId: 971c2249-61da-4eef-959a-84a7bae6c533
INFO  --- [user-service] :  (19:50) > AdminController | changeRole -> Istek alindi. Id: 971c2249-61da-4eef-959a-84a7bae6c533, Role: USER
INFO  --- [user-service] :  (19:50) > AdminController | deactivateUser -> Istek alindi. ID: 971c2249-61da-4eef-959a-84a7bae6c533
INFO  --- [user-service] :  (19:50) > UserService | updateUserStatus -> ID: 971c2249-61da-4eef-959a-84a7bae6c533, active: false
INFO  --- [user-service] :  (19:50) > AdminController | deleteUser -> Istek alindi. ID: 971c2249-61da-4eef-959a-84a7bae6c533
INFO  --- [user-service] :  (19:51) > KafkaSender | sendTransactionUserValidationSuccess -> Kafkaya mesaj gonderilmek uzere alindi. Dto:
{
  "eventUUID": "be47819c-26c0-4e2f-b042-8de7ddc34bdf",
  "keycloakUserUUID": "9b8c8f96-99eb-4bf4-9792-38eac77cd575",
  "senderName": "E2EAlpha",
  "senderSurname": "Tester",
  "senderEmail": "e2e.alpha.20260516224855-9zejpt@springbank.test",
  "receiverEmail": "e2e.beta.20260516222010-lo96ej@springbank.test",
  "receiverName": "E2EBeta",
  "receiverSurname": "Tester",
  "senderUserId": "9b8c8f96-99eb-4bf4-9792-38eac77cd575",
  "senderIban": "TR4531613EKO6V3HV1RBHS4UJ2",
  "receiverUserId": "a0cdcc62-8a77-440b-8bdb-86fadb2c18f0",
  "receiverIban": "TR8746948BSRJX152UW5A6JTFU",
  "money": 1000,
  "transactionType": "TRANSFER",
  "description": "E2E transfer 20260516224855-9zejpt",
  "status": "VALIDATION_PENDING",
  "statusDescription": "Gönderici ve alýcý IBAN bilgileri ile hesap varlýðý doðrulanýyor",
  "error": false,
  "errorDescription": null,
  "isMoneyBlocked": true,
  "userValidation": true,
  "localDateTime": "2026-05-16T19:51:03.109542658",
  "senderTransactionHistory": null,
  "receiverTransactionHistory": [
    {
      "id": "32a11579-7d75-427e-8314-a9cd64807d2b",
      "eventId": "be47819c-26c0-4e2f-b042-8de7ddc34bdf",
      "receiverName": "E2EBeta",
      "senderName": "E2EAlpha",
      "senderSurname": "Tester",
      "senderEmail": "e2e.alpha.20260516224855-9zejpt@springbank.test",
      "receiverEmail": null,
      "receiverSurname": "Tester",
      "senderUserId": "9b8c8f96-99eb-4bf4-9792-38eac77cd575",
      "receiverUserId": null,
      "senderIban": "TR4531613EKO6V3HV1RBHS4UJ2",
      "receiverIban": "TR8746948BSRJX152UW5A6JTFU",
      "money": 1000,
      "transactionType": "TRANSFER",
      "description": "E2E transfer 20260516224855-9zejpt",
      "localDateTime": "2026-05-16T19:51:03.110323696",
      "error": false,
      "errorDescription": null,
      "userValidation": false,
      "isMoneyBlocked": false,
      "status": "CREATED",
      "tokenDetails": {
        "subject": "9b8c8f96-99eb-4bf4-9792-38eac77cd575",
        "preferredUsername": "e2e.alpha.20260516224855-9zejpt@springbank.test",
        "email": "e2e.alpha.20260516224855-9zejpt@springbank.test",
        "givenName": "E2EAlpha",
        "familyName": "Tester",
        "issuer": "http://keycloak:8080/realms/banking",
        "audienceJson": "\"account\"",
        "realmRoles": [
          "default-roles-banking",
          "offline_access",
          "uma_authorization",
          "USER"
        ],
        "headerJson": "{\"alg\":\"RS256\",\"typ\":\"JWT\",\"kid\":\"cXlYeegMcMa86uJVoCw83izxuVT_p7mjWVvIvYty2g0\"}",
        "claimsJson": "{\"exp\":1778961281,\"iat\":1778960981,\"jti\":\"5d8b2efa-716e-42e8-a0a7-bcaec41b20c2\",\"iss\":\"http://keycloak:8080/realms/banking\",\"aud\":\"account\",\"sub\":\"9b8c8f96-99eb-4bf4-9792-38eac77cd575\",\"typ\":\"Bearer\",\"azp\":\"banking-app\",\"session_state\":\"639f8201-f64b-4736-b241-3644bf68c129\",\"acr\":\"1\",\"allowed-origins\":[\"*\"],\"realm_access\":{\"roles\":[\"default-roles-banking\",\"offline_access\",\"uma_authorization\",\"USER\"]},\"resource_access\":{\"account\":{\"roles\":[\"manage-account\",\"manage-account-links\",\"view-profile\"]}},\"scope\":\"email profile\",\"sid\":\"639f8201-f64b-4736-b241-3644bf68c129\",\"email_verified\":true,\"name\":\"E2EAlpha Tester\",\"preferred_username\":\"e2e.alpha.20260516224855-9zejpt@springbank.test\",\"given_name\":\"E2EAlpha\",\"family_name\":\"Tester\",\"email\":\"e2e.alpha.20260516224855-9zejpt@springbank.test\"}",
        "issuedAt": "1778960981",
        "expiresAt": "1778961281",
        "jwtId": "5d8b2efa-716e-42e8-a0a7-bcaec41b20c2",
        "tokenType": "Bearer",
        "sessionState": "639f8201-f64b-4736-b241-3644bf68c129",
        "scope": "email profile"
      }
    }
  ],
  "tokenDetails": {
    "subject": "9b8c8f96-99eb-4bf4-9792-38eac77cd575",
    "preferredUsername": "e2e.alpha.20260516224855-9zejpt@springbank.test",
    "email": "e2e.alpha.20260516224855-9zejpt@springbank.test",
    "givenName": "E2EAlpha",
    "familyName": "Tester",
    "issuer": "http://keycloak:8080/realms/banking",
    "audienceJson": "\"account\"",
    "realmRoles": [
      "default-roles-banking",
      "offline_access",
      "uma_authorization",
      "USER"
    ],
    "headerJson": "{\"alg\":\"RS256\",\"typ\":\"JWT\",\"kid\":\"cXlYeegMcMa86uJVoCw83izxuVT_p7mjWVvIvYty2g0\"}",
    "claimsJson": "{\"exp\":1778961281,\"iat\":1778960981,\"jti\":\"5d8b2efa-716e-42e8-a0a7-bcaec41b20c2\",\"iss\":\"http://keycloak:8080/realms/banking\",\"aud\":\"account\",\"sub\":\"9b8c8f96-99eb-4bf4-9792-38eac77cd575\",\"typ\":\"Bearer\",\"azp\":\"banking-app\",\"session_state\":\"639f8201-f64b-4736-b241-3644bf68c129\",\"acr\":\"1\",\"allowed-origins\":[\"*\"],\"realm_access\":{\"roles\":[\"default-roles-banking\",\"offline_access\",\"uma_authorization\",\"USER\"]},\"resource_access\":{\"account\":{\"roles\":[\"manage-account\",\"manage-account-links\",\"view-profile\"]}},\"scope\":\"email profile\",\"sid\":\"639f8201-f64b-4736-b241-3644bf68c129\",\"email_verified\":true,\"name\":\"E2EAlpha Tester\",\"preferred_username\":\"e2e.alpha.20260516224855-9zejpt@springbank.test\",\"given_name\":\"E2EAlpha\",\"family_name\":\"Tester\",\"email\":\"e2e.alpha.20260516224855-9zejpt@springbank.test\"}",
    "issuedAt": "1778960981",
    "expiresAt": "1778961281",
    "jwtId": "5d8b2efa-716e-42e8-a0a7-bcaec41b20c2",
    "tokenType": "Bearer",
    "sessionState": "639f8201-f64b-4736-b241-3644bf68c129",
    "scope": "email profile"
  }
}
INFO  --- [user-service] :  (19:51) > KafkaSender | sendTransactionUserValidationSuccess -> Transaction success kafkaya mesaj gonderildi. Key: be47819c-26c0-4e2f-b042-8de7ddc34bdf, Dto:
{
  "eventUUID": "be47819c-26c0-4e2f-b042-8de7ddc34bdf",
  "keycloakUserUUID": "9b8c8f96-99eb-4bf4-9792-38eac77cd575",
  "senderName": "E2EAlpha",
  "senderSurname": "Tester",
  "senderEmail": "e2e.alpha.20260516224855-9zejpt@springbank.test",
  "receiverEmail": "e2e.beta.20260516222010-lo96ej@springbank.test",
  "receiverName": "E2EBeta",
  "receiverSurname": "Tester",
  "senderUserId": "9b8c8f96-99eb-4bf4-9792-38eac77cd575",
  "senderIban": "TR4531613EKO6V3HV1RBHS4UJ2",
  "receiverUserId": "a0cdcc62-8a77-440b-8bdb-86fadb2c18f0",
  "receiverIban": "TR8746948BSRJX152UW5A6JTFU",
  "money": 1000,
  "transactionType": "TRANSFER",
  "description": "E2E transfer 20260516224855-9zejpt",
  "status": "VALIDATION_PENDING",
  "statusDescription": "Gönderici ve alýcý IBAN bilgileri ile hesap varlýðý doðrulanýyor",
  "error": false,
  "errorDescription": null,
  "isMoneyBlocked": true,
  "userValidation": true,
  "localDateTime": "2026-05-16T19:51:03.109542658",
  "senderTransactionHistory": null,
  "receiverTransactionHistory": [
    {
      "id": "32a11579-7d75-427e-8314-a9cd64807d2b",
      "eventId": "be47819c-26c0-4e2f-b042-8de7ddc34bdf",
      "receiverName": "E2EBeta",
      "senderName": "E2EAlpha",
      "senderSurname": "Tester",
      "senderEmail": "e2e.alpha.20260516224855-9zejpt@springbank.test",
      "receiverEmail": null,
      "receiverSurname": "Tester",
      "senderUserId": "9b8c8f96-99eb-4bf4-9792-38eac77cd575",
      "receiverUserId": null,
      "senderIban": "TR4531613EKO6V3HV1RBHS4UJ2",
      "receiverIban": "TR8746948BSRJX152UW5A6JTFU",
      "money": 1000,
      "transactionType": "TRANSFER",
      "description": "E2E transfer 20260516224855-9zejpt",
      "localDateTime": "2026-05-16T19:51:03.110323696",
      "error": false,
      "errorDescription": null,
      "userValidation": false,
      "isMoneyBlocked": false,
      "status": "CREATED",
      "tokenDetails": {
        "subject": "9b8c8f96-99eb-4bf4-9792-38eac77cd575",
        "preferredUsername": "e2e.alpha.20260516224855-9zejpt@springbank.test",
        "email": "e2e.alpha.20260516224855-9zejpt@springbank.test",
        "givenName": "E2EAlpha",
        "familyName": "Tester",
        "issuer": "http://keycloak:8080/realms/banking",
        "audienceJson": "\"account\"",
        "realmRoles": [
          "default-roles-banking",
          "offline_access",
          "uma_authorization",
          "USER"
        ],
        "headerJson": "{\"alg\":\"RS256\",\"typ\":\"JWT\",\"kid\":\"cXlYeegMcMa86uJVoCw83izxuVT_p7mjWVvIvYty2g0\"}",
        "claimsJson": "{\"exp\":1778961281,\"iat\":1778960981,\"jti\":\"5d8b2efa-716e-42e8-a0a7-bcaec41b20c2\",\"iss\":\"http://keycloak:8080/realms/banking\",\"aud\":\"account\",\"sub\":\"9b8c8f96-99eb-4bf4-9792-38eac77cd575\",\"typ\":\"Bearer\",\"azp\":\"banking-app\",\"session_state\":\"639f8201-f64b-4736-b241-3644bf68c129\",\"acr\":\"1\",\"allowed-origins\":[\"*\"],\"realm_access\":{\"roles\":[\"default-roles-banking\",\"offline_access\",\"uma_authorization\",\"USER\"]},\"resource_access\":{\"account\":{\"roles\":[\"manage-account\",\"manage-account-links\",\"view-profile\"]}},\"scope\":\"email profile\",\"sid\":\"639f8201-f64b-4736-b241-3644bf68c129\",\"email_verified\":true,\"name\":\"E2EAlpha Tester\",\"preferred_username\":\"e2e.alpha.20260516224855-9zejpt@springbank.test\",\"given_name\":\"E2EAlpha\",\"family_name\":\"Tester\",\"email\":\"e2e.alpha.20260516224855-9zejpt@springbank.test\"}",
        "issuedAt": "1778960981",
        "expiresAt": "1778961281",
        "jwtId": "5d8b2efa-716e-42e8-a0a7-bcaec41b20c2",
        "tokenType": "Bearer",
        "sessionState": "639f8201-f64b-4736-b241-3644bf68c129",
        "scope": "email profile"
      }
    }
  ],
  "tokenDetails": {
    "subject": "9b8c8f96-99eb-4bf4-9792-38eac77cd575",
    "preferredUsername": "e2e.alpha.20260516224855-9zejpt@springbank.test",
    "email": "e2e.alpha.20260516224855-9zejpt@springbank.test",
    "givenName": "E2EAlpha",
    "familyName": "Tester",
    "issuer": "http://keycloak:8080/realms/banking",
    "audienceJson": "\"account\"",
    "realmRoles": [
      "default-roles-banking",
      "offline_access",
      "uma_authorization",
      "USER"
    ],
    "headerJson": "{\"alg\":\"RS256\",\"typ\":\"JWT\",\"kid\":\"cXlYeegMcMa86uJVoCw83izxuVT_p7mjWVvIvYty2g0\"}",
    "claimsJson": "{\"exp\":1778961281,\"iat\":1778960981,\"jti\":\"5d8b2efa-716e-42e8-a0a7-bcaec41b20c2\",\"iss\":\"http://keycloak:8080/realms/banking\",\"aud\":\"account\",\"sub\":\"9b8c8f96-99eb-4bf4-9792-38eac77cd575\",\"typ\":\"Bearer\",\"azp\":\"banking-app\",\"session_state\":\"639f8201-f64b-4736-b241-3644bf68c129\",\"acr\":\"1\",\"allowed-origins\":[\"*\"],\"realm_access\":{\"roles\":[\"default-roles-banking\",\"offline_access\",\"uma_authorization\",\"USER\"]},\"resource_access\":{\"account\":{\"roles\":[\"manage-account\",\"manage-account-links\",\"view-profile\"]}},\"scope\":\"email profile\",\"sid\":\"639f8201-f64b-4736-b241-3644bf68c129\",\"email_verified\":true,\"name\":\"E2EAlpha Tester\",\"preferred_username\":\"e2e.alpha.20260516224855-9zejpt@springbank.test\",\"given_name\":\"E2EAlpha\",\"family_name\":\"Tester\",\"email\":\"e2e.alpha.20260516224855-9zejpt@springbank.test\"}",
    "issuedAt": "1778960981",
    "expiresAt": "1778961281",
    "jwtId": "5d8b2efa-716e-42e8-a0a7-bcaec41b20c2",
    "tokenType": "Bearer",
    "sessionState": "639f8201-f64b-4736-b241-3644bf68c129",
    "scope": "email profile"
  }
}
INFO  --- [user-service] :  (19:52) > AuthController | login -> {
  "email": "admin@springbank.local",
  "password": "SpringBankAdmin123!"
}
INFO  --- [user-service] :  (19:52) > KeycloakUserService | login -> Request:
{
  "email": "admin@springbank.local",
  "password": "SpringBankAdmin123!"
}
