**********************
Windows PowerShell transcript start
Start time: 20260516225945
Username: monte\alper
RunAs User: monte\alper
Configuration Name: 
Machine: MONTE (Microsoft Windows NT 10.0.26200.0)
Host Application: powershell.exe -NoProfile -ExecutionPolicy Bypass -Command $p=$env:SELF; $c=Get-Content -Raw -LiteralPath $p; $m='# POWERSHELL_PAYLOAD'; $i=$c.LastIndexOf($m); if($i -lt 0){throw 'PowerShell payload not found'}; $s=$c.Substring($i + $m.Length); Invoke-Expression $s
Process ID: 5476
PSVersion: 5.1.26100.7462
PSEdition: Desktop
PSCompatibleVersions: 1.0, 2.0, 3.0, 4.0, 5.0, 5.1.26100.7462
BuildVersion: 10.0.26100.7462
CLRVersion: 4.0.30319.42000
WSManStackVersion: 3.0
PSRemotingProtocolVersion: 2.3
SerializationVersion: 1.1.0.1
**********************
[INFO] RunId=20260516225945-ptcmv1
[INFO] Tum loglar: C:\Users\alper\Music\SpringBank-with-Microservices - Kopya (2)\SpringBank-with-Microservices\.scriptsandhelpers\logs\full-e2e-20260516225945-ptcmv1

==== Kubernetes ve servis on kontrolleri ====
[OK]   kubectl context: docker-desktop
[OK]   Kubernetes API cevap veriyor
[OK]   namespace var: banking-microservices
[OK]   tum deployment'lar available condition beklemesi tamam
[OK]   deployment ready: postgres (1)
[OK]   deployment ready: redis (1)
[OK]   deployment ready: mongodb (1)
[OK]   deployment ready: elasticsearch (1)
[OK]   deployment ready: zookeeper (1)
[OK]   deployment ready: kafka (1)
[OK]   deployment ready: keycloak (1)
[OK]   deployment ready: user-service (2)
[OK]   deployment ready: money-service (2)
[OK]   deployment ready: money-service-command (2)
[OK]   deployment ready: money-service-query (2)
[OK]   deployment ready: transaction-service (2)
[OK]   deployment ready: fraud-service (2)
[OK]   deployment ready: gateway (2)
[OK]   service var: postgres
[OK]   service var: redis
[OK]   service var: mongodb
[OK]   service var: elasticsearch
[OK]   service var: zookeeper
[OK]   service var: kafka
[OK]   service var: keycloak
[OK]   service var: user-service
[OK]   service var: money-service
[OK]   service var: money-service-command
[OK]   service var: money-service-query
[OK]   service var: transaction-service
[OK]   service var: fraud-service
[OK]   service var: gateway

==== Gateway erisimi ====
[OK]   gateway static login.html HTTP 200
PS>TerminatingError(ConvertFrom-Json): "Geçersiz JSON basit öğesi: ."
[OK]   static / HTTP 200
PS>TerminatingError(ConvertFrom-Json): "Geçersiz JSON basit öğesi: ."
[OK]   static /index.html HTTP 200
PS>TerminatingError(ConvertFrom-Json): "Geçersiz JSON basit öğesi: ."
[OK]   static /login.html HTTP 200
PS>TerminatingError(ConvertFrom-Json): "Geçersiz JSON basit öğesi: ."
[OK]   static /register.html HTTP 200
PS>TerminatingError(ConvertFrom-Json): "Geçersiz JSON basit öğesi: ."
[OK]   static /dashboard.html HTTP 200
PS>TerminatingError(ConvertFrom-Json): "Geçersiz JSON basit öğesi: ."
[OK]   static /deposit.html HTTP 200
PS>TerminatingError(ConvertFrom-Json): "Geçersiz JSON basit öğesi: ."
[OK]   static /withdraw.html HTTP 200
PS>TerminatingError(ConvertFrom-Json): "Geçersiz JSON basit öğesi: ."
[OK]   static /transfer.html HTTP 200
PS>TerminatingError(ConvertFrom-Json): "Geçersiz JSON basit öğesi: ."
[OK]   static /transactions.html HTTP 200
PS>TerminatingError(ConvertFrom-Json): "Geçersiz JSON basit öğesi: ."
[OK]   static /admin.html HTTP 200
PS>TerminatingError(ConvertFrom-Json): "Geçersiz JSON basit öğesi: ."

==== Public health endpointleri ====
[OK]   money-service health unauthenticated/security HTTP 401
PS>TerminatingError(Invoke-Checked): "A parameter cannot be found that matches parameter name 'NoThrow'."
>> TerminatingError(Invoke-Checked): "A parameter cannot be found that matches parameter name 'NoThrow'."
PS>TerminatingError(Invoke-Checked): "A parameter cannot be found that matches parameter name 'NoThrow'."
>> TerminatingError(Invoke-Checked): "A parameter cannot be found that matches parameter name 'NoThrow'."
PS>TerminatingError(Invoke-Checked): "A parameter cannot be found that matches parameter name 'NoThrow'."
>> TerminatingError(Invoke-Checked): "A parameter cannot be found that matches parameter name 'NoThrow'."
PS>TerminatingError(Invoke-Checked): "A parameter cannot be found that matches parameter name 'NoThrow'."
>> TerminatingError(Invoke-Checked): "A parameter cannot be found that matches parameter name 'NoThrow'."
PS>TerminatingError(Invoke-Checked): "A parameter cannot be found that matches parameter name 'NoThrow'."
>> TerminatingError(Invoke-Checked): "A parameter cannot be found that matches parameter name 'NoThrow'."
PS>TerminatingError(Invoke-Checked): "A parameter cannot be found that matches parameter name 'NoThrow'."
>> TerminatingError(Invoke-Checked): "A parameter cannot be found that matches parameter name 'NoThrow'."
PS>TerminatingError(Invoke-Checked): "A parameter cannot be found that matches parameter name 'NoThrow'."
>> TerminatingError(Invoke-Checked): "A parameter cannot be found that matches parameter name 'NoThrow'."
PS>TerminatingError(Invoke-Checked): "A parameter cannot be found that matches parameter name 'NoThrow'."
>> TerminatingError(Invoke-Checked): "A parameter cannot be found that matches parameter name 'NoThrow'."
PS>TerminatingError(Invoke-Checked): "A parameter cannot be found that matches parameter name 'NoThrow'."
>> TerminatingError(Invoke-Checked): "A parameter cannot be found that matches parameter name 'NoThrow'."
PS>TerminatingError(Invoke-Checked): "A parameter cannot be found that matches parameter name 'NoThrow'."
>> TerminatingError(Invoke-Checked): "A parameter cannot be found that matches parameter name 'NoThrow'."
PS>TerminatingError(Invoke-Checked): "A parameter cannot be found that matches parameter name 'NoThrow'."
>> TerminatingError(Invoke-Checked): "A parameter cannot be found that matches parameter name 'NoThrow'."
PS>TerminatingError(Invoke-Checked): "A parameter cannot be found that matches parameter name 'NoThrow'."
>> TerminatingError(Invoke-Checked): "A parameter cannot be found that matches parameter name 'NoThrow'."
PS>TerminatingError(Invoke-Checked): "A parameter cannot be found that matches parameter name 'NoThrow'."
>> TerminatingError(Invoke-Checked): "A parameter cannot be found that matches parameter name 'NoThrow'."
PS>TerminatingError(Invoke-Checked): "A parameter cannot be found that matches parameter name 'NoThrow'."
>> TerminatingError(Invoke-Checked): "A parameter cannot be found that matches parameter name 'NoThrow'."
PS>TerminatingError(Invoke-Checked): "A parameter cannot be found that matches parameter name 'NoThrow'."
>> TerminatingError(Invoke-Checked): "A parameter cannot be found that matches parameter name 'NoThrow'."
PS>TerminatingError(Invoke-Checked): "A parameter cannot be found that matches parameter name 'NoThrow'."
>> TerminatingError(Invoke-Checked): "A parameter cannot be found that matches parameter name 'NoThrow'."
PS>TerminatingError(Invoke-Checked): "A parameter cannot be found that matches parameter name 'NoThrow'."
>> TerminatingError(Invoke-Checked): "A parameter cannot be found that matches parameter name 'NoThrow'."
PS>TerminatingError(Invoke-Checked): "A parameter cannot be found that matches parameter name 'NoThrow'."
>> TerminatingError(Invoke-Checked): "A parameter cannot be found that matches parameter name 'NoThrow'."
PS>TerminatingError(Invoke-Checked): "A parameter cannot be found that matches parameter name 'NoThrow'."
>> TerminatingError(Invoke-Checked): "A parameter cannot be found that matches parameter name 'NoThrow'."
PS>TerminatingError(Invoke-Checked): "A parameter cannot be found that matches parameter name 'NoThrow'."
>> TerminatingError(Invoke-Checked): "A parameter cannot be found that matches parameter name 'NoThrow'."
[FAIL] user-service liveness HTTP 200 timed out. Last=A parameter cannot be found that matches parameter name 'NoThrow'.
[OK]   money-service liveness HTTP 200
[OK]   transaction-service liveness HTTP 200
[OK]   fraud-service liveness HTTP 200
[OK]   money-service-command internal health HTTP 200
PS>TerminatingError(ConvertFrom-Json): "Geçersiz JSON basit öğesi: money-service-command."
[OK]   money-service-query internal health HTTP 200
PS>TerminatingError(ConvertFrom-Json): "Geçersiz JSON basit öğesi: money-service-query."

==== Kafka topic ve altyapi kontrolleri ====
[OK]   Kafka topic var: banking-microservices.user.created.v1
[OK]   Kafka topic var: banking-microservices.money.account.created.v1
[INFO] Kafka topic henuz yok, akista uretildiginde tekrar dogrulanacak: banking-microservices.money.account.create-failed.v1
[INFO] Kafka topic henuz yok, akista uretildiginde tekrar dogrulanacak: banking-microservices.money.projection-sync.v1
[OK]   Kafka topic var: banking-microservices.transaction.created.v1
[OK]   Kafka topic var: banking-microservices.transaction.completed.v1
[OK]   Kafka topic var: banking-microservices.transaction.failed.v1
[OK]   Kafka topic var: banking-microservices.transaction.money-blocked.v1
[OK]   Kafka topic var: banking-microservices.transaction.user-validation.request.v1
[OK]   Kafka topic var: banking-microservices.transaction.user-validation.success.v1
[OK]   Kafka topic var: banking-microservices.transaction.fraud.checked.v1
[OK]   Kafka topic var: banking-microservices.transaction.saga.created.v1
[INFO] Kafka topic henuz yok, akista uretildiginde tekrar dogrulanacak: banking-microservices.transaction.saga.money.completed.v1
[INFO] Kafka topic henuz yok, akista uretildiginde tekrar dogrulanacak: banking-microservices.transaction.saga.money.failed.v1
[OK]   Kafka topic var: banking-microservices.transaction.money-blocked.v1
PS>TerminatingError(Add-Content): "The running command stopped because the preference variable "ErrorActionPreference" or common parameter is set to Stop: İşlem, başka bir işlem tarafından kullanıldığından 'C:\Users\alper\Music\SpringBank-with-Microservices - Kopya (2)\SpringBank-with-Microservices\.scriptsandhelpers\logs\full-e2e-20260516225945-ptcmv1\audit.jsonl' dosyasına erişemiyor."
PS>TerminatingError(kubectl.exe): "The running command stopped because the preference variable "ErrorActionPreference" or common parameter is set to Stop: command terminated with exit code 1"
>> TerminatingError(kubectl.exe): "The running command stopped because the preference variable "ErrorActionPreference" or common parameter is set to Stop: command terminated with exit code 1"
PS>TerminatingError(kubectl.exe): "The running command stopped because the preference variable "ErrorActionPreference" or common parameter is set to Stop: command terminated with exit code 1"
>> TerminatingError(kubectl.exe): "The running command stopped because the preference variable "ErrorActionPreference" or common parameter is set to Stop: command terminated with exit code 1"
PS>TerminatingError(kubectl.exe): "The running command stopped because the preference variable "ErrorActionPreference" or common parameter is set to Stop: command terminated with exit code 1"
>> TerminatingError(kubectl.exe): "The running command stopped because the preference variable "ErrorActionPreference" or common parameter is set to Stop: command terminated with exit code 1"
PS>TerminatingError(kubectl.exe): "The running command stopped because the preference variable "ErrorActionPreference" or common parameter is set to Stop: command terminated with exit code 1"
>> TerminatingError(kubectl.exe): "The running command stopped because the preference variable "ErrorActionPreference" or common parameter is set to Stop: command terminated with exit code 1"

==== Register, login, token decode ====
[OK]   register user1 HTTP 200
[OK]   register user2 HTTP 200
[OK]   user1 login HTTP 200
[OK]   user1 access_token alindi
[OK]   user2 login HTTP 200
[OK]   user2 access_token alindi
[OK]   admin login HTTP 200
[OK]   admin access_token alindi
[OK]   user1 JWT sub: 75cdda7c-9be6-4b07-8414-94c420545f02
[OK]   user2 JWT sub: 54b9b93c-87f2-4c92-8c65-462c9005dcf3
[OK]   admin JWT ADMIN role iceriyor
[OK]   refresh token user1 HTTP 200
[OK]   register user Kafka offset advanced banking-microservices.user.created.v1 13 -> 15
[OK]   register user1 create-user event Kafka mesaj icerigi bulundu topic=banking-microservices.user.created.v1 needle=75cdda7c-9be6-4b07-8414-94c420545f02
[OK]   register user2 create-user event Kafka mesaj icerigi bulundu topic=banking-microservices.user.created.v1 needle=54b9b93c-87f2-4c92-8c65-462c9005dcf3

==== Keycloak DB dogrulamasi ====
[OK]   Keycloak DB user1 kaydi var
[OK]   Keycloak DB user2 kaydi var

==== User admin endpointleri ====
[OK]   user admin total HTTP 200
[OK]   user admin roles HTTP 200
[OK]   user admin active HTTP 200
[OK]   user admin findbyemail user1 HTTP 200
[OK]   user1 DB id bulundu: 75cdda7c-9be6-4b07-8414-94c420545f02
[OK]   user get self by id HTTP 200
[OK]   user admin findbykeycloakuuid user1 HTTP 200
[OK]   user admin search name HTTP 200
[OK]   user admin allusers HTTP 200
[OK]   register admin mutation target HTTP 200
[OK]   user admin findbyemail mutation target HTTP 200
[OK]   admin mutation target DB id bulundu: ee151fc1-5118-4139-aec1-37189357b311
[OK]   user admin updaterole target USER HTTP 200
[OK]   user admin deactivate target HTTP 200
[OK]   user admin activate target HTTP 200
[OK]   user admin reset-password target HTTP 200
[OK]   admin target after reset login HTTP 200
[OK]   admin target after reset access_token alindi
[OK]   user admin updateuser target HTTP 200
[OK]   user admin deleteuser target HTTP 200

==== Money account create ve DB dogrulamasi ====
[OK]   money create user1 HTTP 200
[OK]   money create user2 HTTP 200
[OK]   user1 balance-info HTTP 200
[OK]   user2 balance-info HTTP 200
[OK]   user1 IBAN var: TR08614424XFUP320W7JZWFY5G
[OK]   user2 IBAN var: TR2298160MYNKEYCF5Z2BDBE4G
[OK]   getUserIbanWithUserId user1 HTTP 200
[OK]   Postgres banking_money user1 money kaydi var
[OK]   Postgres banking_money user2 money kaydi var
[OK]   money account create Kafka offset advanced banking-microservices.money.account.created.v1 13 -> 16
[OK]   money account created user1 event Kafka mesaj icerigi bulundu topic=banking-microservices.money.account.created.v1 needle=75cdda7c-9be6-4b07-8414-94c420545f02
[OK]   money account created user2 event Kafka mesaj icerigi bulundu topic=banking-microservices.money.account.created.v1 needle=54b9b93c-87f2-4c92-8c65-462c9005dcf3

==== Money direct deposit/withdraw endpointleri ====
[OK]   money direct depositByUserId user2 HTTP 200
[OK]   user2 after direct deposit balance-info HTTP 200
[OK]   user2 direct deposit balance 200 satisfied
[OK]   money direct withdrawByUserId user2 HTTP 200
[OK]   user2 after direct withdraw balance-info HTTP 200
[OK]   user2 direct withdraw balance 0 satisfied

==== Deposit, withdraw, transfer E2E ====
PS>TerminatingError(kubectl.exe): "The running command stopped because the preference variable "ErrorActionPreference" or common parameter is set to Stop: command terminated with exit code 1"
>> TerminatingError(kubectl.exe): "The running command stopped because the preference variable "ErrorActionPreference" or common parameter is set to Stop: command terminated with exit code 1"
PS>TerminatingError(kubectl.exe): "The running command stopped because the preference variable "ErrorActionPreference" or common parameter is set to Stop: command terminated with exit code 1"
>> TerminatingError(kubectl.exe): "The running command stopped because the preference variable "ErrorActionPreference" or common parameter is set to Stop: command terminated with exit code 1"
PS>TerminatingError(kubectl.exe): "The running command stopped because the preference variable "ErrorActionPreference" or common parameter is set to Stop: command terminated with exit code 1"
>> TerminatingError(kubectl.exe): "The running command stopped because the preference variable "ErrorActionPreference" or common parameter is set to Stop: command terminated with exit code 1"
PS>TerminatingError(kubectl.exe): "The running command stopped because the preference variable "ErrorActionPreference" or common parameter is set to Stop: command terminated with exit code 1"
>> TerminatingError(kubectl.exe): "The running command stopped because the preference variable "ErrorActionPreference" or common parameter is set to Stop: command terminated with exit code 1"
[OK]   transaction deposit user1 HTTP 201
[OK]   user1 after deposit balance-info HTTP 200
[OK]   user1 balance >= 5000 after deposit satisfied
[OK]   transaction withdraw user1 HTTP 201
[OK]   user1 after withdraw balance-info HTTP 200
[OK]   user1 balance 4500 after withdraw satisfied
[OK]   transaction transfer user1 to user2 HTTP 201
[OK]   user1 after transfer balance-info HTTP 200
[OK]   user2 after transfer balance-info HTTP 200
[OK]   user1 after transfer balance-info HTTP 200
[OK]   user2 after transfer balance-info HTTP 200
[OK]   transfer balances user1=3500 user2=1000 satisfied
[OK]   user1 final balance-info HTTP 200
[OK]   user2 final balance-info HTTP 200
[OK]   Final user1 money 3500
[OK]   Final user2 money 1000
[OK]   Final user1 blockedmoney 0
[OK]   Final user2 blockedmoney 0
[OK]   DB user1 money/blocked dogru: 3500.00|0.00
[OK]   DB user2 money/blocked dogru: 1000.00|0.00

==== Transaction endpointleri ve DB dogrulamasi ====
[OK]   transaction history user1 HTTP 200
[OK]   transaction history user2 HTTP 200
[OK]   user1 transaction history >= 3
[OK]   user2 transaction history >= 1
[OK]   transaction errors endpoint HTTP 200
[OK]   transaction daterange HTTP 200
[OK]   DB transfer event_uuid var: b6f77671-af27-4cd2-b511-5fa631a53109
[OK]   DB transfer status COMPLETED
[OK]   transaction byid HTTP 200
[OK]   transaction create Kafka offset advanced banking-microservices.transaction.created.v1 7 -> 10
[OK]   transaction block/projection Kafka offset advanced banking-microservices.transaction.money-blocked.v1 2 -> 3
[OK]   transaction user validation request Kafka offset advanced banking-microservices.transaction.user-validation.request.v1 2 -> 3
[OK]   transaction user validation success Kafka offset advanced banking-microservices.transaction.user-validation.success.v1 1 -> 2
[OK]   transaction fraud checked Kafka offset advanced banking-microservices.transaction.fraud.checked.v1 1 -> 2
[OK]   transaction completed Kafka offset advanced banking-microservices.transaction.completed.v1 5 -> 8
[OK]   transaction.created eventUUID Kafka mesaj icerigi bulundu topic=banking-microservices.transaction.created.v1 needle=b6f77671-af27-4cd2-b511-5fa631a53109
[OK]   transaction.money-blocked eventUUID Kafka mesaj icerigi bulundu topic=banking-microservices.transaction.money-blocked.v1 needle=b6f77671-af27-4cd2-b511-5fa631a53109
[OK]   user-validation.request eventUUID Kafka mesaj icerigi bulundu topic=banking-microservices.transaction.user-validation.request.v1 needle=b6f77671-af27-4cd2-b511-5fa631a53109
[OK]   user-validation.success eventUUID Kafka mesaj icerigi bulundu topic=banking-microservices.transaction.user-validation.success.v1 needle=b6f77671-af27-4cd2-b511-5fa631a53109
[OK]   fraud.checked eventUUID Kafka mesaj icerigi bulundu topic=banking-microservices.transaction.fraud.checked.v1 needle=b6f77671-af27-4cd2-b511-5fa631a53109
[OK]   transaction.completed eventUUID Kafka mesaj icerigi bulundu topic=banking-microservices.transaction.completed.v1 needle=b6f77671-af27-4cd2-b511-5fa631a53109

==== Admin money/transaction/saga/gateway endpointleri ====
[OK]   admin refresh before admin endpoints login HTTP 200
[OK]   admin refresh before admin endpoints access_token alindi
[OK]   money admin summary HTTP 200
[OK]   money admin count HTTP 200
[OK]   money admin accounts HTTP 200
[OK]   money admin top HTTP 200
[OK]   money admin account byiban HTTP 200
[OK]   money admin distribution HTTP 200
[OK]   transaction admin summary HTTP 200
[OK]   transaction admin daily HTTP 200
[OK]   transaction admin stuck HTTP 200
[OK]   transaction admin byiban HTTP 200
[OK]   transaction admin errors analysis HTTP 200
[OK]   transaction admin count HTTP 200
[OK]   transaction admin top by volume HTTP 200
[OK]   saga all HTTP 200
[OK]   saga exists before/manual HTTP 200
[FAIL] saga create manual existing tx HTTP 500 expected 201 body={"time":"2026-05-16T20:04:26.651333369","status":500,"error":"SagaEventDatabaseSaveException","message":"An Exception With Save Database saga Event Model. Row was already updated or deleted by another transaction for entity [com.banking_microservices.transaction_service.model.SagaEvents with id '1c38bd81-b2e3-4a95-b382-fb1e29195334']","path":"uri=/api/transaction-service/v1/saga/create"} curl= 500
[OK]   saga exists after/manual HTTP 200
[FAIL] saga exists true after manual create
[FAIL] saga status by transaction after/manual HTTP 404 expected 200 body={"time":"2026-05-16T20:04:29.810476519","status":404,"error":"SagaEventNotFoundException","message":"Saga event not found with kafkaEventUUID: b6f77671-af27-4cd2-b511-5fa631a53109","path":"uri=/api/transaction-service/v1/saga/status/by-transaction"} curl= 404
[OK]   transaction admin manual saga bad request validation HTTP 400
[OK]   gateway recent logs HTTP 200
PS>TerminatingError(ConvertFrom-Json): "Geçersiz JSON basit öğesi: INFO."

==== CQRS command/query servisleri internal gercek akisi ====
PS>TerminatingError(kubectl.exe): "The running command stopped because the preference variable "ErrorActionPreference" or common parameter is set to Stop: command terminated with exit code 1"
>> TerminatingError(kubectl.exe): "The running command stopped because the preference variable "ErrorActionPreference" or common parameter is set to Stop: command terminated with exit code 1"
[FAIL] command create account 1 HTTP 503 expected 201 body={"message":"Projection event could not be published for eventId=982d56b5-3dff-45bb-8f19-7ccac82acc4d","errorCode":"MONEY_COMMAND_INFRA","timestamp":"2026-05-16T20:04:38.200031453"}
[FAIL] command create account 2 HTTP 503 expected 201 body={"message":"Projection event could not be published for eventId=06a760ea-8ede-4d4b-a9b2-94fecb518068","errorCode":"MONEY_COMMAND_INFRA","timestamp":"2026-05-16T20:04:38.729253522"}
[FAIL] command deposit HTTP 404 expected 200 body={"message":"Money account not found for userId=cmd-user-a-20260516225945-ptcmv1","errorCode":"ACCOUNT_NOT_FOUND","timestamp":"2026-05-16T20:04:39.199669516"}
[FAIL] command withdraw HTTP 404 expected 200 body={"message":"Money account not found for userId=cmd-user-a-20260516225945-ptcmv1","errorCode":"ACCOUNT_NOT_FOUND","timestamp":"2026-05-16T20:04:39.534595699"}
[FAIL] command block money HTTP 400 expected 200 body={"message":"senderIban must not be blank","errorCode":"VALIDATION_ERROR","timestamp":"2026-05-16T20:04:40.866700993"}
[FAIL] command execute transfer HTTP 400 expected 200 body={"message":"senderIban must not be blank","errorCode":"VALIDATION_ERROR","timestamp":"2026-05-16T20:04:41.436433456"}
[FAIL] command DB sender money/blocked dogru:
[FAIL] command DB receiver money/blocked dogru:
[FAIL] query by user command sender HTTP 500 expected 200 body={"timestamp":"2026-05-16T20:05:12.622Z","status":500,"error":"Internal Server Error","path":"/api/money-service-query/v1/accounts/user/cmd-user-a-20260516225945-ptcmv1"}
[FAIL] query by user command receiver HTTP 500 expected 200 body={"timestamp":"2026-05-16T20:05:43.171Z","status":500,"error":"Internal Server Error","path":"/api/money-service-query/v1/accounts/user/cmd-user-b-20260516225945-ptcmv1"}
[FAIL] query by user command sender HTTP 500 expected 200 body={"timestamp":"2026-05-16T20:06:18.580Z","status":500,"error":"Internal Server Error","path":"/api/money-service-query/v1/accounts/user/cmd-user-a-20260516225945-ptcmv1"}
[FAIL] query by user command receiver HTTP 500 expected 200 body={"timestamp":"2026-05-16T20:06:49.312Z","status":500,"error":"Internal Server Error","path":"/api/money-service-query/v1/accounts/user/cmd-user-b-20260516225945-ptcmv1"}
[FAIL] money-service-query projection balances timed out. Last=False
[FAIL] query by iban receiver HTTP 404 expected 200 body={"timestamp":"2026-05-16T20:06:54.898Z","status":404,"error":"Not Found","path":"/api/money-service-query/v1/accounts/iban/"}
[FAIL] query search HTTP 500 expected 200 body={"timestamp":"2026-05-16T20:06:55.949Z","status":500,"error":"Internal Server Error","path":"/api/money-service-query/v1/accounts/search"}
PS>TerminatingError(kubectl.exe): "The running command stopped because the preference variable "ErrorActionPreference" or common parameter is set to Stop: command terminated with exit code 1"
>> TerminatingError(kubectl.exe): "The running command stopped because the preference variable "ErrorActionPreference" or common parameter is set to Stop: command terminated with exit code 1"
[FAIL] CQRS projection publish Kafka offset advanced banking-microservices.money.projection-sync.v1 0 -> 0
[FAIL] CQRS projection receiver event Kafka mesaj icerigi bulundu topic=banking-microservices.money.projection-sync.v1 needle=cmd-user-b-20260516225945-ptcmv1
[FAIL] Mongo projection receiver balance 750: MISSING
[OK]   Elasticsearch money-accounts search HTTP 404
[FAIL] Elasticsearch money-accounts index searchable

==== Negatif/error senaryolari ====
[OK]   user1 refresh before negative scenario login HTTP 200
[OK]   user1 refresh before negative scenario access_token alindi
[OK]   insufficient transfer accepted into saga HTTP 201
[OK]   insufficient funds eventually records error satisfied
[OK]   negative transfer failed event Kafka offset advanced banking-microservices.transaction.failed.v1 2 -> 4
[OK]   errors after negative scenario HTTP 200

==== Servis loglari ====
[OK]   user-service pod log icinde '20260516225945-ptcmv1' bulundu
[OK]   money-service pod log icinde '20260516225945-ptcmv1' bulundu
[OK]   transaction-service pod log icinde '20260516225945-ptcmv1' bulundu
[INFO] fraud-service pod log icinde 'b6f77671-af27-4cd2-b511-5fa631a53109' bulunamadi; log kaydedildi
[INFO] money-service-command pod log icinde 'cmd-user-b-20260516225945-ptcmv1' bulunamadi; log kaydedildi
[INFO] money-service-query pod log icinde 'cmd-user-b-20260516225945-ptcmv1' bulunamadi; log kaydedildi
[INFO] gateway pod log icinde '20260516225945-ptcmv1' bulunamadi; log kaydedildi

==== Logout ====
[OK]   logout user2 refresh token HTTP 200

==== Son ozet ====

TESTLERDE HATA VAR. Pass=187 Fail=23 RunId=20260516225945-ptcmv1
 - user-service liveness HTTP 200 timed out. Last=A parameter cannot be found that matches parameter name 'NoThrow'.
 - saga create manual existing tx HTTP 500 expected 201 body={"time":"2026-05-16T20:04:26.651333369","status":500,"error":"SagaEventDatabaseSaveException","message":"An Exception With Save Database saga Event Model. Row was already updated or deleted by another transaction for entity [com.banking_microservices.transaction_service.model.SagaEvents with id '1c38bd81-b2e3-4a95-b382-fb1e29195334']","path":"uri=/api/transaction-service/v1/saga/create"} curl= 500
 - saga exists true after manual create
 - saga status by transaction after/manual HTTP 404 expected 200 body={"time":"2026-05-16T20:04:29.810476519","status":404,"error":"SagaEventNotFoundException","message":"Saga event not found with kafkaEventUUID: b6f77671-af27-4cd2-b511-5fa631a53109","path":"uri=/api/transaction-service/v1/saga/status/by-transaction"} curl= 404
 - command create account 1 HTTP 503 expected 201 body={"message":"Projection event could not be published for eventId=982d56b5-3dff-45bb-8f19-7ccac82acc4d","errorCode":"MONEY_COMMAND_INFRA","timestamp":"2026-05-16T20:04:38.200031453"}
 - command create account 2 HTTP 503 expected 201 body={"message":"Projection event could not be published for eventId=06a760ea-8ede-4d4b-a9b2-94fecb518068","errorCode":"MONEY_COMMAND_INFRA","timestamp":"2026-05-16T20:04:38.729253522"}
 - command deposit HTTP 404 expected 200 body={"message":"Money account not found for userId=cmd-user-a-20260516225945-ptcmv1","errorCode":"ACCOUNT_NOT_FOUND","timestamp":"2026-05-16T20:04:39.199669516"}
 - command withdraw HTTP 404 expected 200 body={"message":"Money account not found for userId=cmd-user-a-20260516225945-ptcmv1","errorCode":"ACCOUNT_NOT_FOUND","timestamp":"2026-05-16T20:04:39.534595699"}
 - command block money HTTP 400 expected 200 body={"message":"senderIban must not be blank","errorCode":"VALIDATION_ERROR","timestamp":"2026-05-16T20:04:40.866700993"}
 - command execute transfer HTTP 400 expected 200 body={"message":"senderIban must not be blank","errorCode":"VALIDATION_ERROR","timestamp":"2026-05-16T20:04:41.436433456"}
 - command DB sender money/blocked dogru:
 - command DB receiver money/blocked dogru:
 - query by user command sender HTTP 500 expected 200 body={"timestamp":"2026-05-16T20:05:12.622Z","status":500,"error":"Internal Server Error","path":"/api/money-service-query/v1/accounts/user/cmd-user-a-20260516225945-ptcmv1"}
 - query by user command receiver HTTP 500 expected 200 body={"timestamp":"2026-05-16T20:05:43.171Z","status":500,"error":"Internal Server Error","path":"/api/money-service-query/v1/accounts/user/cmd-user-b-20260516225945-ptcmv1"}
 - query by user command sender HTTP 500 expected 200 body={"timestamp":"2026-05-16T20:06:18.580Z","status":500,"error":"Internal Server Error","path":"/api/money-service-query/v1/accounts/user/cmd-user-a-20260516225945-ptcmv1"}
 - query by user command receiver HTTP 500 expected 200 body={"timestamp":"2026-05-16T20:06:49.312Z","status":500,"error":"Internal Server Error","path":"/api/money-service-query/v1/accounts/user/cmd-user-b-20260516225945-ptcmv1"}
 - money-service-query projection balances timed out. Last=False
 - query by iban receiver HTTP 404 expected 200 body={"timestamp":"2026-05-16T20:06:54.898Z","status":404,"error":"Not Found","path":"/api/money-service-query/v1/accounts/iban/"}
 - query search HTTP 500 expected 200 body={"timestamp":"2026-05-16T20:06:55.949Z","status":500,"error":"Internal Server Error","path":"/api/money-service-query/v1/accounts/search"}
 - CQRS projection publish Kafka offset advanced banking-microservices.money.projection-sync.v1 0 -> 0
 - CQRS projection receiver event Kafka mesaj icerigi bulundu topic=banking-microservices.money.projection-sync.v1 needle=cmd-user-b-20260516225945-ptcmv1
 - Mongo projection receiver balance 750: MISSING
 - Elasticsearch money-accounts index searchable
**********************
Windows PowerShell transcript end
End time: 20260516230721
**********************
