**********************
Windows PowerShell transcript start
Start time: 20260516220814
Username: monte\alper
RunAs User: monte\alper
Configuration Name: 
Machine: MONTE (Microsoft Windows NT 10.0.26200.0)
Host Application: powershell.exe -NoProfile -ExecutionPolicy Bypass -Command $p=$env:SELF; $c=Get-Content -Raw -LiteralPath $p; $m='# POWERSHELL_PAYLOAD'; $i=$c.LastIndexOf($m); if($i -lt 0){throw 'PowerShell payload not found'}; $s=$c.Substring($i + $m.Length); Invoke-Expression $s
Process ID: 21856
PSVersion: 5.1.26100.7462
PSEdition: Desktop
PSCompatibleVersions: 1.0, 2.0, 3.0, 4.0, 5.0, 5.1.26100.7462
BuildVersion: 10.0.26100.7462
CLRVersion: 4.0.30319.42000
WSManStackVersion: 3.0
PSRemotingProtocolVersion: 2.3
SerializationVersion: 1.1.0.1
**********************
[INFO] RunId=20260516220814-vilxf5
[INFO] Tum loglar: C:\Users\alper\Music\SpringBank-with-Microservices - Kopya (2)\SpringBank-with-Microservices\.scriptsandhelpers\logs\full-e2e-20260516220814-vilxf5

==== Kubernetes ve servis on kontrolleri ====
[OK]   kubectl context: docker-desktop
[OK]   Kubernetes API cevap veriyor
[OK]   namespace var: banking-microservices
[OK]   deployment ready: postgres (1)
[OK]   deployment ready: redis (1)
[OK]   deployment ready: mongodb (1)
[FAIL] deployment ready: elasticsearch ()
[OK]   deployment ready: zookeeper (1)
[OK]   deployment ready: kafka (1)
[OK]   deployment ready: keycloak (1)
[OK]   deployment ready: user-service (2)
[OK]   deployment ready: money-service (2)
[OK]   deployment ready: money-service-command (2)
[OK]   deployment ready: money-service-query (2)
[FAIL] deployment ready: transaction-service ()
[OK]   deployment ready: fraud-service (2)
[OK]   deployment ready: gateway (2)
[OK]   service var: postgres
[OK]   service var: redis
[OK]   service var: mongodb
[OK]   service var: elasticsearch
[OK]   service var: zookeeper
[OK]   service var: kafka
[OK]   service var: keycloak
[OK]   service var: user-service
[OK]   service var: money-service
[OK]   service var: money-service-command
[OK]   service var: money-service-query
[OK]   service var: transaction-service
[OK]   service var: fraud-service
[OK]   service var: gateway

==== Gateway erisimi ====
[OK]   gateway static login.html HTTP 200
PS>TerminatingError(ConvertFrom-Json): "Geçersiz JSON basit öğesi: ."
[OK]   static / HTTP 200
PS>TerminatingError(ConvertFrom-Json): "Geçersiz JSON basit öğesi: ."
[OK]   static /index.html HTTP 200
PS>TerminatingError(ConvertFrom-Json): "Geçersiz JSON basit öğesi: ."
[OK]   static /login.html HTTP 200
PS>TerminatingError(ConvertFrom-Json): "Geçersiz JSON basit öğesi: ."
[OK]   static /register.html HTTP 200
PS>TerminatingError(ConvertFrom-Json): "Geçersiz JSON basit öğesi: ."
[OK]   static /dashboard.html HTTP 200
PS>TerminatingError(ConvertFrom-Json): "Geçersiz JSON basit öğesi: ."
[OK]   static /deposit.html HTTP 200
PS>TerminatingError(ConvertFrom-Json): "Geçersiz JSON basit öğesi: ."
[OK]   static /withdraw.html HTTP 200
PS>TerminatingError(ConvertFrom-Json): "Geçersiz JSON basit öğesi: ."
[OK]   static /transfer.html HTTP 200
PS>TerminatingError(ConvertFrom-Json): "Geçersiz JSON basit öğesi: ."
[OK]   static /transactions.html HTTP 200
PS>TerminatingError(ConvertFrom-Json): "Geçersiz JSON basit öğesi: ."
[OK]   static /admin.html HTTP 200
PS>TerminatingError(ConvertFrom-Json): "Geçersiz JSON basit öğesi: ."

==== Public health endpointleri ====
[FAIL] money-service health HTTP 401 expected 200 body= curl= 401
[OK]   user-service liveness HTTP 200
[OK]   money-service liveness HTTP 200
[FAIL] transaction-service liveness HTTP 500 expected 200 body={"timestamp":"2026-05-16T19:08:22.436+00:00","path":"/api/transaction-service/actuator/health/liveness","status":500,"error":"Internal Server Error","requestId":"dd1824bd-9"} curl= 500
[OK]   fraud-service liveness HTTP 200
[OK]   money-service-command internal health HTTP 200
PS>TerminatingError(ConvertFrom-Json): "Geçersiz JSON basit öğesi: money-service-command."
[OK]   money-service-query internal health HTTP 200
PS>TerminatingError(ConvertFrom-Json): "Geçersiz JSON basit öğesi: money-service-query."

==== Kafka topic ve altyapi kontrolleri ====
[OK]   Kafka topic var: banking-microservices.user.created.v1
[OK]   Kafka topic var: banking-microservices.money.account.created.v1
[FAIL] Kafka topic var: banking-microservices.money.account.create-failed.v1
[OK]   Kafka topic var: banking-microservices.transaction.created.v1
[FAIL] Kafka topic var: banking-microservices.transaction.completed.v1
[FAIL] Kafka topic var: banking-microservices.transaction.failed.v1
[OK]   Kafka topic var: banking-microservices.transaction.money-blocked.v1
[OK]   Kafka topic var: banking-microservices.transaction.user-validation.request.v1
[OK]   Kafka topic var: banking-microservices.transaction.user-validation.success.v1
[OK]   Kafka topic var: banking-microservices.transaction.fraud.checked.v1
[OK]   Kafka topic var: banking-microservices.transaction.saga.created.v1
[FAIL] Kafka topic var: banking-microservices.transaction.saga.money.completed.v1
[FAIL] Kafka topic var: banking-microservices.transaction.saga.money.failed.v1
[OK]   Kafka topic var: banking-microservices.transaction.money-blocked.v1
PS>TerminatingError(kubectl.exe): "The running command stopped because the preference variable "ErrorActionPreference" or common parameter is set to Stop: command terminated with exit code 1"
>> TerminatingError(kubectl.exe): "The running command stopped because the preference variable "ErrorActionPreference" or common parameter is set to Stop: command terminated with exit code 1"
>> TerminatingError(kubectl.exe): "The running command stopped because the preference variable "ErrorActionPreference" or common parameter is set to Stop: command terminated with exit code 1"
>> TerminatingError(kubectl.exe): "The running command stopped because the preference variable "ErrorActionPreference" or common parameter is set to Stop: command terminated with exit code 1"
[FAIL] Script exception: command terminated with exit code 1
at Kube, <No file>: line 139
at Kafka-EndOffset, <No file>: line 189
at Snapshot-KafkaOffsets, <No file>: line 205
at <ScriptBlock>, <No file>: line 323
at <ScriptBlock>, <No file>: line 1
**********************
Windows PowerShell transcript end
End time: 20260516220831
**********************
