**********************
Windows PowerShell transcript start
Start time: 20260516222643
Username: monte\alper
RunAs User: monte\alper
Configuration Name: 
Machine: MONTE (Microsoft Windows NT 10.0.26200.0)
Host Application: powershell.exe -NoProfile -ExecutionPolicy Bypass -Command $p=$env:SELF; $c=Get-Content -Raw -LiteralPath $p; $m='# POWERSHELL_PAYLOAD'; $i=$c.LastIndexOf($m); if($i -lt 0){throw 'PowerShell payload not found'}; $s=$c.Substring($i + $m.Length); Invoke-Expression $s
Process ID: 19784
PSVersion: 5.1.26100.7462
PSEdition: Desktop
PSCompatibleVersions: 1.0, 2.0, 3.0, 4.0, 5.0, 5.1.26100.7462
BuildVersion: 10.0.26100.7462
CLRVersion: 4.0.30319.42000
WSManStackVersion: 3.0
PSRemotingProtocolVersion: 2.3
SerializationVersion: 1.1.0.1
**********************
[INFO] RunId=20260516222643-wihrmy
[INFO] Tum loglar: C:\Users\alper\Music\SpringBank-with-Microservices - Kopya (2)\SpringBank-with-Microservices\.scriptsandhelpers\logs\full-e2e-20260516222643-wihrmy

==== Kubernetes ve servis on kontrolleri ====
[OK]   kubectl context: docker-desktop
[OK]   Kubernetes API cevap veriyor
[OK]   namespace var: banking-microservices
[OK]   tum deployment'lar available condition beklemesi tamam
[OK]   deployment ready: postgres (1)
[OK]   deployment ready: redis (1)
[OK]   deployment ready: mongodb (1)
[OK]   deployment ready: elasticsearch (1)
[OK]   deployment ready: zookeeper (1)
[OK]   deployment ready: kafka (1)
[OK]   deployment ready: keycloak (1)
[OK]   deployment ready: user-service (2)
[OK]   deployment ready: money-service (2)
[OK]   deployment ready: money-service-command (2)
[OK]   deployment ready: money-service-query (2)
[OK]   deployment ready: transaction-service (2)
[OK]   deployment ready: fraud-service (2)
[OK]   deployment ready: gateway (2)
[OK]   service var: postgres
[OK]   service var: redis
[OK]   service var: mongodb
[OK]   service var: elasticsearch
[OK]   service var: zookeeper
[OK]   service var: kafka
[OK]   service var: keycloak
[OK]   service var: user-service
[OK]   service var: money-service
[OK]   service var: money-service-command
[OK]   service var: money-service-query
[OK]   service var: transaction-service
[OK]   service var: fraud-service
[OK]   service var: gateway

==== Gateway erisimi ====
[OK]   gateway static login.html HTTP 200
PS>TerminatingError(ConvertFrom-Json): "Geçersiz JSON basit öğesi: ."
[OK]   static / HTTP 200
PS>TerminatingError(ConvertFrom-Json): "Geçersiz JSON basit öğesi: ."
[OK]   static /index.html HTTP 200
PS>TerminatingError(ConvertFrom-Json): "Geçersiz JSON basit öğesi: ."
[OK]   static /login.html HTTP 200
PS>TerminatingError(ConvertFrom-Json): "Geçersiz JSON basit öğesi: ."
[OK]   static /register.html HTTP 200
PS>TerminatingError(ConvertFrom-Json): "Geçersiz JSON basit öğesi: ."
[OK]   static /dashboard.html HTTP 200
PS>TerminatingError(ConvertFrom-Json): "Geçersiz JSON basit öğesi: ."
[OK]   static /deposit.html HTTP 200
PS>TerminatingError(ConvertFrom-Json): "Geçersiz JSON basit öğesi: ."
[OK]   static /withdraw.html HTTP 200
PS>TerminatingError(ConvertFrom-Json): "Geçersiz JSON basit öğesi: ."
[OK]   static /transfer.html HTTP 200
PS>TerminatingError(ConvertFrom-Json): "Geçersiz JSON basit öğesi: ."
[OK]   static /transactions.html HTTP 200
PS>TerminatingError(ConvertFrom-Json): "Geçersiz JSON basit öğesi: ."
[OK]   static /admin.html HTTP 200
PS>TerminatingError(ConvertFrom-Json): "Geçersiz JSON basit öğesi: ."

==== Public health endpointleri ====
[OK]   money-service health unauthenticated/security HTTP 401
[OK]   user-service liveness HTTP 200
[OK]   money-service liveness HTTP 200
[OK]   transaction-service liveness HTTP 200
[OK]   fraud-service liveness HTTP 200
[OK]   money-service-command internal health HTTP 200
PS>TerminatingError(ConvertFrom-Json): "Geçersiz JSON basit öğesi: money-service-command."
[OK]   money-service-query internal health HTTP 200
PS>TerminatingError(ConvertFrom-Json): "Geçersiz JSON basit öğesi: money-service-query."

==== Kafka topic ve altyapi kontrolleri ====
[OK]   Kafka topic var: banking-microservices.user.created.v1
[OK]   Kafka topic var: banking-microservices.money.account.created.v1
[INFO] Kafka topic henuz yok, akista uretildiginde tekrar dogrulanacak: banking-microservices.money.account.create-failed.v1
[OK]   Kafka topic var: banking-microservices.transaction.created.v1
[OK]   Kafka topic var: banking-microservices.transaction.completed.v1
[OK]   Kafka topic var: banking-microservices.transaction.failed.v1
[OK]   Kafka topic var: banking-microservices.transaction.money-blocked.v1
[OK]   Kafka topic var: banking-microservices.transaction.user-validation.request.v1
[OK]   Kafka topic var: banking-microservices.transaction.user-validation.success.v1
[OK]   Kafka topic var: banking-microservices.transaction.fraud.checked.v1
[OK]   Kafka topic var: banking-microservices.transaction.saga.created.v1
[INFO] Kafka topic henuz yok, akista uretildiginde tekrar dogrulanacak: banking-microservices.transaction.saga.money.completed.v1
[INFO] Kafka topic henuz yok, akista uretildiginde tekrar dogrulanacak: banking-microservices.transaction.saga.money.failed.v1
[OK]   Kafka topic var: banking-microservices.transaction.money-blocked.v1
PS>TerminatingError(kubectl.exe): "The running command stopped because the preference variable "ErrorActionPreference" or common parameter is set to Stop: command terminated with exit code 1"
>> TerminatingError(kubectl.exe): "The running command stopped because the preference variable "ErrorActionPreference" or common parameter is set to Stop: command terminated with exit code 1"
PS>TerminatingError(kubectl.exe): "The running command stopped because the preference variable "ErrorActionPreference" or common parameter is set to Stop: command terminated with exit code 1"
>> TerminatingError(kubectl.exe): "The running command stopped because the preference variable "ErrorActionPreference" or common parameter is set to Stop: command terminated with exit code 1"
PS>TerminatingError(kubectl.exe): "The running command stopped because the preference variable "ErrorActionPreference" or common parameter is set to Stop: command terminated with exit code 1"
>> TerminatingError(kubectl.exe): "The running command stopped because the preference variable "ErrorActionPreference" or common parameter is set to Stop: command terminated with exit code 1"

==== Register, login, token decode ====
[OK]   register user1 HTTP 200
[OK]   register user2 HTTP 200
[OK]   user1 login HTTP 200
[OK]   user1 access_token alindi
[OK]   user2 login HTTP 200
[OK]   user2 access_token alindi
[OK]   admin login HTTP 200
[OK]   admin access_token alindi
[OK]   user1 JWT sub: 9be57278-0a67-453d-86da-472faf6f68ad
[OK]   user2 JWT sub: 3c551fd5-a8d0-465a-a55a-89801e4234dd
[OK]   admin JWT ADMIN role iceriyor
[OK]   refresh token user1 HTTP 200
[OK]   register user Kafka offset advanced banking-microservices.user.created.v1 7 -> 9
PS>TerminatingError(kubectl.exe): "The running command stopped because the preference variable "ErrorActionPreference" or common parameter is set to Stop: [2026-05-16 19:27:48,850] ERROR Error processing message, terminating consumer process:  (kafka.tools.ConsoleConsumer$)"
>> TerminatingError(kubectl.exe): "The running command stopped because the preference variable "ErrorActionPreference" or common parameter is set to Stop: [2026-05-16 19:27:48,850] ERROR Error processing message, terminating consumer process:  (kafka.tools.ConsoleConsumer$)"
[FAIL] register user1 create-user event Kafka mesaj icerigi bulundu topic=banking-microservices.user.created.v1 needle=9be57278-0a67-453d-86da-472faf6f68ad
PS>TerminatingError(kubectl.exe): "The running command stopped because the preference variable "ErrorActionPreference" or common parameter is set to Stop: [2026-05-16 19:28:13,683] ERROR Error processing message, terminating consumer process:  (kafka.tools.ConsoleConsumer$)"
>> TerminatingError(kubectl.exe): "The running command stopped because the preference variable "ErrorActionPreference" or common parameter is set to Stop: [2026-05-16 19:28:13,683] ERROR Error processing message, terminating consumer process:  (kafka.tools.ConsoleConsumer$)"
[FAIL] register user2 create-user event Kafka mesaj icerigi bulundu topic=banking-microservices.user.created.v1 needle=3c551fd5-a8d0-465a-a55a-89801e4234dd

==== Keycloak DB dogrulamasi ====
[OK]   Keycloak DB user1 kaydi var
[OK]   Keycloak DB user2 kaydi var

==== User admin endpointleri ====
[OK]   user admin total HTTP 200
[OK]   user admin roles HTTP 200
[OK]   user admin active HTTP 200
[OK]   user admin findbyemail user1 HTTP 200
[OK]   user1 DB id bulundu: 9be57278-0a67-453d-86da-472faf6f68ad
[OK]   user get self by id HTTP 200
[OK]   user admin findbykeycloakuuid user1 HTTP 200
[OK]   user admin search name HTTP 200
[OK]   user admin allusers HTTP 200
[OK]   register admin mutation target HTTP 200
[OK]   user admin findbyemail mutation target HTTP 200
[OK]   admin mutation target DB id bulundu: 4111da0f-b973-414f-8495-ac3706110af1
[OK]   user admin updaterole target USER HTTP 200
[OK]   user admin deactivate target HTTP 200
[OK]   user admin activate target HTTP 200
[OK]   user admin reset-password target HTTP 200
[OK]   admin target after reset login HTTP 200
[OK]   admin target after reset access_token alindi
[OK]   user admin updateuser target HTTP 200
[OK]   user admin deleteuser target HTTP 200

==== Money account create ve DB dogrulamasi ====
[OK]   money create user1 HTTP 200
[OK]   money create user2 HTTP 200
[OK]   user1 balance-info HTTP 200
[OK]   user2 balance-info HTTP 200
[OK]   user1 IBAN var: TR05178718IYJSIY49GSSPIXJS
[OK]   user2 IBAN var: TR6371358TXS77DKKIKDJIBKAD
[OK]   getUserIbanWithUserId user1 HTTP 200
[OK]   Postgres banking_money user1 money kaydi var
[OK]   Postgres banking_money user2 money kaydi var
[OK]   money account create Kafka offset advanced banking-microservices.money.account.created.v1 7 -> 10
PS>TerminatingError(kubectl.exe): "The running command stopped because the preference variable "ErrorActionPreference" or common parameter is set to Stop: [2026-05-16 19:28:56,173] ERROR Error processing message, terminating consumer process:  (kafka.tools.ConsoleConsumer$)"
>> TerminatingError(kubectl.exe): "The running command stopped because the preference variable "ErrorActionPreference" or common parameter is set to Stop: [2026-05-16 19:28:56,173] ERROR Error processing message, terminating consumer process:  (kafka.tools.ConsoleConsumer$)"
[FAIL] money account created user1 event Kafka mesaj icerigi bulundu topic=banking-microservices.money.account.created.v1 needle=9be57278-0a67-453d-86da-472faf6f68ad
PS>TerminatingError(kubectl.exe): "The running command stopped because the preference variable "ErrorActionPreference" or common parameter is set to Stop: [2026-05-16 19:29:40,469] ERROR Error processing message, terminating consumer process:  (kafka.tools.ConsoleConsumer$)"
>> TerminatingError(kubectl.exe): "The running command stopped because the preference variable "ErrorActionPreference" or common parameter is set to Stop: [2026-05-16 19:29:40,469] ERROR Error processing message, terminating consumer process:  (kafka.tools.ConsoleConsumer$)"
[FAIL] money account created user2 event Kafka mesaj icerigi bulundu topic=banking-microservices.money.account.created.v1 needle=3c551fd5-a8d0-465a-a55a-89801e4234dd

==== Money direct deposit/withdraw endpointleri ====
[OK]   money direct depositByUserId user2 HTTP 200
[OK]   user2 after direct deposit balance-info HTTP 200
[OK]   user2 direct deposit balance 200 satisfied
[OK]   money direct withdrawByUserId user2 HTTP 200
[OK]   user2 after direct withdraw balance-info HTTP 200
[OK]   user2 direct withdraw balance 0 satisfied

==== Deposit, withdraw, transfer E2E ====
PS>TerminatingError(kubectl.exe): "The running command stopped because the preference variable "ErrorActionPreference" or common parameter is set to Stop: command terminated with exit code 1"
>> TerminatingError(kubectl.exe): "The running command stopped because the preference variable "ErrorActionPreference" or common parameter is set to Stop: command terminated with exit code 1"
PS>TerminatingError(kubectl.exe): "The running command stopped because the preference variable "ErrorActionPreference" or common parameter is set to Stop: command terminated with exit code 1"
>> TerminatingError(kubectl.exe): "The running command stopped because the preference variable "ErrorActionPreference" or common parameter is set to Stop: command terminated with exit code 1"
PS>TerminatingError(kubectl.exe): "The running command stopped because the preference variable "ErrorActionPreference" or common parameter is set to Stop: command terminated with exit code 1"
>> TerminatingError(kubectl.exe): "The running command stopped because the preference variable "ErrorActionPreference" or common parameter is set to Stop: command terminated with exit code 1"
[OK]   transaction deposit user1 HTTP 201
[OK]   user1 after deposit balance-info HTTP 200
[OK]   user1 after deposit balance-info HTTP 200
[OK]   user1 balance >= 5000 after deposit satisfied
[OK]   transaction withdraw user1 HTTP 201
[OK]   user1 after withdraw balance-info HTTP 200
[OK]   user1 balance 4500 after withdraw satisfied
[OK]   transaction transfer user1 to user2 HTTP 201
[OK]   user1 after transfer balance-info HTTP 200
[OK]   user2 after transfer balance-info HTTP 200
[OK]   user1 after transfer balance-info HTTP 200
[OK]   user2 after transfer balance-info HTTP 200
[OK]   user1 after transfer balance-info HTTP 200
[OK]   user2 after transfer balance-info HTTP 200
[OK]   user1 after transfer balance-info HTTP 200
[OK]   user2 after transfer balance-info HTTP 200
[OK]   user1 after transfer balance-info HTTP 200
[OK]   user2 after transfer balance-info HTTP 200
[OK]   user1 after transfer balance-info HTTP 200
[OK]   user2 after transfer balance-info HTTP 200
[OK]   user1 after transfer balance-info HTTP 200
[OK]   user2 after transfer balance-info HTTP 200
[OK]   user1 after transfer balance-info HTTP 200
[OK]   user2 after transfer balance-info HTTP 200
[OK]   user1 after transfer balance-info HTTP 200
[OK]   user2 after transfer balance-info HTTP 200
[OK]   user1 after transfer balance-info HTTP 200
[OK]   user2 after transfer balance-info HTTP 200
[OK]   user1 after transfer balance-info HTTP 200
[OK]   user2 after transfer balance-info HTTP 200
[OK]   user1 after transfer balance-info HTTP 200
[OK]   user2 after transfer balance-info HTTP 200
[OK]   user1 after transfer balance-info HTTP 200
[OK]   user2 after transfer balance-info HTTP 200
[OK]   user1 after transfer balance-info HTTP 200
[OK]   user2 after transfer balance-info HTTP 200
[OK]   user1 after transfer balance-info HTTP 200
[OK]   user2 after transfer balance-info HTTP 200
[OK]   user1 after transfer balance-info HTTP 200
[OK]   user2 after transfer balance-info HTTP 200
[OK]   user1 after transfer balance-info HTTP 200
[OK]   user2 after transfer balance-info HTTP 200
[OK]   user1 after transfer balance-info HTTP 200
[OK]   user2 after transfer balance-info HTTP 200
[OK]   user1 after transfer balance-info HTTP 200
[OK]   user2 after transfer balance-info HTTP 200
[OK]   user1 after transfer balance-info HTTP 200
[OK]   user2 after transfer balance-info HTTP 200
[OK]   user1 after transfer balance-info HTTP 200
[OK]   user2 after transfer balance-info HTTP 200
[OK]   user1 after transfer balance-info HTTP 200
[OK]   user2 after transfer balance-info HTTP 200
[OK]   user1 after transfer balance-info HTTP 200
[OK]   user2 after transfer balance-info HTTP 200
[OK]   user1 after transfer balance-info HTTP 200
[OK]   user2 after transfer balance-info HTTP 200
[OK]   user1 after transfer balance-info HTTP 200
[OK]   user2 after transfer balance-info HTTP 200
[OK]   user1 after transfer balance-info HTTP 200
[OK]   user2 after transfer balance-info HTTP 200
[OK]   user1 after transfer balance-info HTTP 200
[OK]   user2 after transfer balance-info HTTP 200
[OK]   user1 after transfer balance-info HTTP 200
[OK]   user2 after transfer balance-info HTTP 200
[OK]   user1 after transfer balance-info HTTP 200
[OK]   user2 after transfer balance-info HTTP 200
[OK]   user1 after transfer balance-info HTTP 200
[OK]   user2 after transfer balance-info HTTP 200
[FAIL] transfer balances user1=3500 user2=1000 timed out. Last=False
[OK]   user1 final balance-info HTTP 200
[OK]   user2 final balance-info HTTP 200
[OK]   Final user1 money 3500
[FAIL] Final user2 money 1000
[FAIL] Final user1 blockedmoney 0
[OK]   Final user2 blockedmoney 0
[FAIL] DB user1 money/blocked dogru: 3500.00|1000.00
[FAIL] DB user2 money/blocked dogru: 0.00|0.00

==== Transaction endpointleri ve DB dogrulamasi ====
[OK]   transaction history user1 HTTP 200
[OK]   transaction history user2 HTTP 200
[OK]   user1 transaction history >= 3
[OK]   user2 transaction history >= 1
[OK]   transaction errors endpoint HTTP 200
[OK]   transaction daterange HTTP 200
[OK]   DB transfer event_uuid var: 1b2c95e8-70d6-49fa-a9bc-074537f28509
[FAIL] DB transfer status COMPLETED
[OK]   transaction byid HTTP 200
[OK]   transaction create Kafka offset advanced banking-microservices.transaction.created.v1 0 -> 3
[OK]   transaction block/projection Kafka offset advanced banking-microservices.transaction.money-blocked.v1 0 -> 1
[OK]   transaction user validation request Kafka offset advanced banking-microservices.transaction.user-validation.request.v1 0 -> 1
[FAIL] transaction user validation success Kafka offset advanced banking-microservices.transaction.user-validation.success.v1 0 -> 0
[FAIL] transaction fraud checked Kafka offset advanced banking-microservices.transaction.fraud.checked.v1 0 -> 0
[OK]   transaction completed Kafka offset advanced banking-microservices.transaction.completed.v1 0 -> 2
PS>TerminatingError(kubectl.exe): "The running command stopped because the preference variable "ErrorActionPreference" or common parameter is set to Stop: [2026-05-16 19:33:29,467] ERROR Error processing message, terminating consumer process:  (kafka.tools.ConsoleConsumer$)"
>> TerminatingError(kubectl.exe): "The running command stopped because the preference variable "ErrorActionPreference" or common parameter is set to Stop: [2026-05-16 19:33:29,467] ERROR Error processing message, terminating consumer process:  (kafka.tools.ConsoleConsumer$)"
[FAIL] transaction.created eventUUID Kafka mesaj icerigi bulundu topic=banking-microservices.transaction.created.v1 needle=1b2c95e8-70d6-49fa-a9bc-074537f28509
PS>TerminatingError(kubectl.exe): "The running command stopped because the preference variable "ErrorActionPreference" or common parameter is set to Stop: [2026-05-16 19:33:54,572] ERROR Error processing message, terminating consumer process:  (kafka.tools.ConsoleConsumer$)"
>> TerminatingError(kubectl.exe): "The running command stopped because the preference variable "ErrorActionPreference" or common parameter is set to Stop: [2026-05-16 19:33:54,572] ERROR Error processing message, terminating consumer process:  (kafka.tools.ConsoleConsumer$)"
[FAIL] transaction.money-blocked eventUUID Kafka mesaj icerigi bulundu topic=banking-microservices.transaction.money-blocked.v1 needle=1b2c95e8-70d6-49fa-a9bc-074537f28509
PS>TerminatingError(kubectl.exe): "The running command stopped because the preference variable "ErrorActionPreference" or common parameter is set to Stop: [2026-05-16 19:34:39,362] ERROR Error processing message, terminating consumer process:  (kafka.tools.ConsoleConsumer$)"
>> TerminatingError(kubectl.exe): "The running command stopped because the preference variable "ErrorActionPreference" or common parameter is set to Stop: [2026-05-16 19:34:39,362] ERROR Error processing message, terminating consumer process:  (kafka.tools.ConsoleConsumer$)"
[FAIL] user-validation.request eventUUID Kafka mesaj icerigi bulundu topic=banking-microservices.transaction.user-validation.request.v1 needle=1b2c95e8-70d6-49fa-a9bc-074537f28509
PS>TerminatingError(kubectl.exe): "The running command stopped because the preference variable "ErrorActionPreference" or common parameter is set to Stop: [2026-05-16 19:35:00,295] ERROR Error processing message, terminating consumer process:  (kafka.tools.ConsoleConsumer$)"
>> TerminatingError(kubectl.exe): "The running command stopped because the preference variable "ErrorActionPreference" or common parameter is set to Stop: [2026-05-16 19:35:00,295] ERROR Error processing message, terminating consumer process:  (kafka.tools.ConsoleConsumer$)"
[FAIL] user-validation.success eventUUID Kafka mesaj icerigi bulundu topic=banking-microservices.transaction.user-validation.success.v1 needle=1b2c95e8-70d6-49fa-a9bc-074537f28509
PS>TerminatingError(kubectl.exe): "The running command stopped because the preference variable "ErrorActionPreference" or common parameter is set to Stop: [2026-05-16 19:35:21,632] ERROR Error processing message, terminating consumer process:  (kafka.tools.ConsoleConsumer$)"
>> TerminatingError(kubectl.exe): "The running command stopped because the preference variable "ErrorActionPreference" or common parameter is set to Stop: [2026-05-16 19:35:21,632] ERROR Error processing message, terminating consumer process:  (kafka.tools.ConsoleConsumer$)"
[FAIL] fraud.checked eventUUID Kafka mesaj icerigi bulundu topic=banking-microservices.transaction.fraud.checked.v1 needle=1b2c95e8-70d6-49fa-a9bc-074537f28509
PS>TerminatingError(kubectl.exe): "The running command stopped because the preference variable "ErrorActionPreference" or common parameter is set to Stop: [2026-05-16 19:35:46,313] ERROR Error processing message, terminating consumer process:  (kafka.tools.ConsoleConsumer$)"
>> TerminatingError(kubectl.exe): "The running command stopped because the preference variable "ErrorActionPreference" or common parameter is set to Stop: [2026-05-16 19:35:46,313] ERROR Error processing message, terminating consumer process:  (kafka.tools.ConsoleConsumer$)"
[FAIL] transaction.completed eventUUID Kafka mesaj icerigi bulundu topic=banking-microservices.transaction.completed.v1 needle=1b2c95e8-70d6-49fa-a9bc-074537f28509

==== Admin money/transaction/saga/gateway endpointleri ====
[FAIL] money admin summary HTTP 401 expected 200 body= curl= 401
[FAIL] money admin count HTTP 401 expected 200 body= curl= 401
[FAIL] money admin accounts HTTP 401 expected 200 body= curl= 401
[FAIL] money admin top HTTP 401 expected 200 body= curl= 401
[FAIL] money admin account byiban HTTP 401 expected 200 body= curl= 401
[FAIL] money admin distribution HTTP 401 expected 200 body= curl= 401
[FAIL] transaction admin summary HTTP 401 expected 200 body= curl= 401
[FAIL] transaction admin daily HTTP 401 expected 200 body= curl= 401
[FAIL] transaction admin stuck HTTP 401 expected 200 body= curl= 401
[FAIL] transaction admin byiban HTTP 401 expected 200 body= curl= 401
[FAIL] transaction admin errors analysis HTTP 401 expected 200 body= curl= 401
[FAIL] transaction admin count HTTP 401 expected 200 body= curl= 401
[FAIL] transaction admin top by volume HTTP 401 expected 200 body= curl= 401
[FAIL] saga all HTTP 401 expected 200 body= curl= 401
[FAIL] saga exists before/manual HTTP 401 expected 200 body= curl= 401
[FAIL] saga create manual existing tx HTTP 401 expected 201 body= curl= 401
[FAIL] saga exists after/manual HTTP 401 expected 200 body= curl= 401
[FAIL] saga exists true after manual create
[FAIL] saga status by transaction after/manual HTTP 401 expected 200 body= curl= 401
[FAIL] transaction admin manual saga bad request validation HTTP 401 expected 400 body= curl= 401
[FAIL] gateway recent logs HTTP 401 expected 200,500 body= curl= 401

==== CQRS command/query servisleri internal gercek akisi ====
[FAIL] command create account 1 HTTP 400 expected 201 body={"timestamp":"2026-05-16T19:35:53.153Z","status":400,"error":"Bad Request","path":"/api/money-service-command/v1/accounts"}
[FAIL] command create account 2 HTTP 400 expected 201 body={"timestamp":"2026-05-16T19:35:54.617Z","status":400,"error":"Bad Request","path":"/api/money-service-command/v1/accounts"}
[FAIL] command deposit HTTP 400 expected 200 body={"timestamp":"2026-05-16T19:35:55.162Z","status":400,"error":"Bad Request","path":"/api/money-service-command/v1/accounts/deposit"}
[FAIL] command withdraw HTTP 400 expected 200 body={"timestamp":"2026-05-16T19:35:55.553Z","status":400,"error":"Bad Request","path":"/api/money-service-command/v1/accounts/withdraw"}
[FAIL] command block money HTTP 400 expected 200 body={"timestamp":"2026-05-16T19:35:55.864Z","status":400,"error":"Bad Request","path":"/api/money-service-command/v1/accounts/block-money"}
[FAIL] command execute transfer HTTP 400 expected 200 body={"timestamp":"2026-05-16T19:35:56.185Z","status":400,"error":"Bad Request","path":"/api/money-service-command/v1/accounts/transfer"}
[FAIL] command DB sender money/blocked dogru:
[FAIL] command DB receiver money/blocked dogru:
[FAIL] query by user command sender HTTP 500 expected 200 body={"timestamp":"2026-05-16T19:36:27.904Z","status":500,"error":"Internal Server Error","path":"/api/money-service-query/v1/accounts/user/cmd-user-a-20260516222643-wihrmy"}
[FAIL] query by user command receiver HTTP 500 expected 200 body={"timestamp":"2026-05-16T19:36:59.409Z","status":500,"error":"Internal Server Error","path":"/api/money-service-query/v1/accounts/user/cmd-user-b-20260516222643-wihrmy"}
[FAIL] query by user command sender HTTP 500 expected 200 body={"timestamp":"2026-05-16T19:37:34.986Z","status":500,"error":"Internal Server Error","path":"/api/money-service-query/v1/accounts/user/cmd-user-a-20260516222643-wihrmy"}
[FAIL] query by user command receiver HTTP 500 expected 200 body={"timestamp":"2026-05-16T19:38:05.312Z","status":500,"error":"Internal Server Error","path":"/api/money-service-query/v1/accounts/user/cmd-user-b-20260516222643-wihrmy"}
[FAIL] money-service-query projection balances timed out. Last=False
[FAIL] query by iban receiver HTTP 404 expected 200 body={"timestamp":"2026-05-16T19:38:10.661Z","status":404,"error":"Not Found","path":"/api/money-service-query/v1/accounts/iban/"}
[FAIL] query search HTTP 500 expected 200 body={"timestamp":"2026-05-16T19:38:12.282Z","status":500,"error":"Internal Server Error","path":"/api/money-service-query/v1/accounts/search"}
[FAIL] CQRS projection publish Kafka offset advanced banking-microservices.transaction.money-blocked.v1 1 -> 1
PS>TerminatingError(kubectl.exe): "The running command stopped because the preference variable "ErrorActionPreference" or common parameter is set to Stop: [2026-05-16 19:38:38,457] ERROR Error processing message, terminating consumer process:  (kafka.tools.ConsoleConsumer$)"
>> TerminatingError(kubectl.exe): "The running command stopped because the preference variable "ErrorActionPreference" or common parameter is set to Stop: [2026-05-16 19:38:38,457] ERROR Error processing message, terminating consumer process:  (kafka.tools.ConsoleConsumer$)"
[FAIL] CQRS projection receiver event Kafka mesaj icerigi bulundu topic=banking-microservices.transaction.money-blocked.v1 needle=cmd-user-b-20260516222643-wihrmy
[FAIL] Mongo projection receiver balance 750: MISSING
[OK]   Elasticsearch money-accounts search HTTP 404
[FAIL] Elasticsearch money-accounts index searchable

==== Negatif/error senaryolari ====
[FAIL] insufficient transfer accepted into saga HTTP 401 expected 201 body= curl= 401
[FAIL] insufficient funds eventually records error timed out. Last=False
[FAIL] negative transfer failed event Kafka offset advanced banking-microservices.transaction.failed.v1 0 -> 0
[FAIL] errors after negative scenario HTTP 401 expected 200 body= curl= 401

==== Servis loglari ====
[OK]   user-service pod log icinde '20260516222643-wihrmy' bulundu
[INFO] money-service pod log icinde '20260516222643-wihrmy' bulunamadi; log kaydedildi
[OK]   transaction-service pod log icinde '20260516222643-wihrmy' bulundu
[INFO] fraud-service pod log icinde '1b2c95e8-70d6-49fa-a9bc-074537f28509' bulunamadi; log kaydedildi
[INFO] money-service-command pod log icinde 'cmd-user-b-20260516222643-wihrmy' bulunamadi; log kaydedildi
[INFO] money-service-query pod log icinde 'cmd-user-b-20260516222643-wihrmy' bulunamadi; log kaydedildi
[INFO] gateway pod log icinde '20260516222643-wihrmy' bulunamadi; log kaydedildi

==== Logout ====
[OK]   logout user2 refresh token HTTP 200

==== Son ozet ====

TESTLERDE HATA VAR. Pass=200 Fail=62 RunId=20260516222643-wihrmy
 - register user1 create-user event Kafka mesaj icerigi bulundu topic=banking-microservices.user.created.v1 needle=9be57278-0a67-453d-86da-472faf6f68ad
 - register user2 create-user event Kafka mesaj icerigi bulundu topic=banking-microservices.user.created.v1 needle=3c551fd5-a8d0-465a-a55a-89801e4234dd
 - money account created user1 event Kafka mesaj icerigi bulundu topic=banking-microservices.money.account.created.v1 needle=9be57278-0a67-453d-86da-472faf6f68ad
 - money account created user2 event Kafka mesaj icerigi bulundu topic=banking-microservices.money.account.created.v1 needle=3c551fd5-a8d0-465a-a55a-89801e4234dd
 - transfer balances user1=3500 user2=1000 timed out. Last=False
 - Final user2 money 1000
 - Final user1 blockedmoney 0
 - DB user1 money/blocked dogru: 3500.00|1000.00
 - DB user2 money/blocked dogru: 0.00|0.00
 - DB transfer status COMPLETED
 - transaction user validation success Kafka offset advanced banking-microservices.transaction.user-validation.success.v1 0 -> 0
 - transaction fraud checked Kafka offset advanced banking-microservices.transaction.fraud.checked.v1 0 -> 0
 - transaction.created eventUUID Kafka mesaj icerigi bulundu topic=banking-microservices.transaction.created.v1 needle=1b2c95e8-70d6-49fa-a9bc-074537f28509
 - transaction.money-blocked eventUUID Kafka mesaj icerigi bulundu topic=banking-microservices.transaction.money-blocked.v1 needle=1b2c95e8-70d6-49fa-a9bc-074537f28509
 - user-validation.request eventUUID Kafka mesaj icerigi bulundu topic=banking-microservices.transaction.user-validation.request.v1 needle=1b2c95e8-70d6-49fa-a9bc-074537f28509
 - user-validation.success eventUUID Kafka mesaj icerigi bulundu topic=banking-microservices.transaction.user-validation.success.v1 needle=1b2c95e8-70d6-49fa-a9bc-074537f28509
 - fraud.checked eventUUID Kafka mesaj icerigi bulundu topic=banking-microservices.transaction.fraud.checked.v1 needle=1b2c95e8-70d6-49fa-a9bc-074537f28509
 - transaction.completed eventUUID Kafka mesaj icerigi bulundu topic=banking-microservices.transaction.completed.v1 needle=1b2c95e8-70d6-49fa-a9bc-074537f28509
 - money admin summary HTTP 401 expected 200 body= curl= 401
 - money admin count HTTP 401 expected 200 body= curl= 401
 - money admin accounts HTTP 401 expected 200 body= curl= 401
 - money admin top HTTP 401 expected 200 body= curl= 401
 - money admin account byiban HTTP 401 expected 200 body= curl= 401
 - money admin distribution HTTP 401 expected 200 body= curl= 401
 - transaction admin summary HTTP 401 expected 200 body= curl= 401
 - transaction admin daily HTTP 401 expected 200 body= curl= 401
 - transaction admin stuck HTTP 401 expected 200 body= curl= 401
 - transaction admin byiban HTTP 401 expected 200 body= curl= 401
 - transaction admin errors analysis HTTP 401 expected 200 body= curl= 401
 - transaction admin count HTTP 401 expected 200 body= curl= 401
 - transaction admin top by volume HTTP 401 expected 200 body= curl= 401
 - saga all HTTP 401 expected 200 body= curl= 401
 - saga exists before/manual HTTP 401 expected 200 body= curl= 401
 - saga create manual existing tx HTTP 401 expected 201 body= curl= 401
 - saga exists after/manual HTTP 401 expected 200 body= curl= 401
 - saga exists true after manual create
 - saga status by transaction after/manual HTTP 401 expected 200 body= curl= 401
 - transaction admin manual saga bad request validation HTTP 401 expected 400 body= curl= 401
 - gateway recent logs HTTP 401 expected 200,500 body= curl= 401
 - command create account 1 HTTP 400 expected 201 body={"timestamp":"2026-05-16T19:35:53.153Z","status":400,"error":"Bad Request","path":"/api/money-service-command/v1/accounts"}
 - command create account 2 HTTP 400 expected 201 body={"timestamp":"2026-05-16T19:35:54.617Z","status":400,"error":"Bad Request","path":"/api/money-service-command/v1/accounts"}
 - command deposit HTTP 400 expected 200 body={"timestamp":"2026-05-16T19:35:55.162Z","status":400,"error":"Bad Request","path":"/api/money-service-command/v1/accounts/deposit"}
 - command withdraw HTTP 400 expected 200 body={"timestamp":"2026-05-16T19:35:55.553Z","status":400,"error":"Bad Request","path":"/api/money-service-command/v1/accounts/withdraw"}
 - command block money HTTP 400 expected 200 body={"timestamp":"2026-05-16T19:35:55.864Z","status":400,"error":"Bad Request","path":"/api/money-service-command/v1/accounts/block-money"}
 - command execute transfer HTTP 400 expected 200 body={"timestamp":"2026-05-16T19:35:56.185Z","status":400,"error":"Bad Request","path":"/api/money-service-command/v1/accounts/transfer"}
 - command DB sender money/blocked dogru:
 - command DB receiver money/blocked dogru:
 - query by user command sender HTTP 500 expected 200 body={"timestamp":"2026-05-16T19:36:27.904Z","status":500,"error":"Internal Server Error","path":"/api/money-service-query/v1/accounts/user/cmd-user-a-20260516222643-wihrmy"}
 - query by user command receiver HTTP 500 expected 200 body={"timestamp":"2026-05-16T19:36:59.409Z","status":500,"error":"Internal Server Error","path":"/api/money-service-query/v1/accounts/user/cmd-user-b-20260516222643-wihrmy"}
 - query by user command sender HTTP 500 expected 200 body={"timestamp":"2026-05-16T19:37:34.986Z","status":500,"error":"Internal Server Error","path":"/api/money-service-query/v1/accounts/user/cmd-user-a-20260516222643-wihrmy"}
 - query by user command receiver HTTP 500 expected 200 body={"timestamp":"2026-05-16T19:38:05.312Z","status":500,"error":"Internal Server Error","path":"/api/money-service-query/v1/accounts/user/cmd-user-b-20260516222643-wihrmy"}
 - money-service-query projection balances timed out. Last=False
 - query by iban receiver HTTP 404 expected 200 body={"timestamp":"2026-05-16T19:38:10.661Z","status":404,"error":"Not Found","path":"/api/money-service-query/v1/accounts/iban/"}
 - query search HTTP 500 expected 200 body={"timestamp":"2026-05-16T19:38:12.282Z","status":500,"error":"Internal Server Error","path":"/api/money-service-query/v1/accounts/search"}
 - CQRS projection publish Kafka offset advanced banking-microservices.transaction.money-blocked.v1 1 -> 1
 - CQRS projection receiver event Kafka mesaj icerigi bulundu topic=banking-microservices.transaction.money-blocked.v1 needle=cmd-user-b-20260516222643-wihrmy
 - Mongo projection receiver balance 750: MISSING
 - Elasticsearch money-accounts index searchable
 - insufficient transfer accepted into saga HTTP 401 expected 201 body= curl= 401
 - insufficient funds eventually records error timed out. Last=False
 - negative transfer failed event Kafka offset advanced banking-microservices.transaction.failed.v1 0 -> 0
 - errors after negative scenario HTTP 401 expected 200 body= curl= 401
**********************
Windows PowerShell transcript end
End time: 20260516224049
**********************
