**********************
Windows PowerShell transcript start
Start time: 20260517024046
Username: monte\alper
RunAs User: monte\alper
Configuration Name: 
Machine: MONTE (Microsoft Windows NT 10.0.26200.0)
Host Application: powershell.exe -NoProfile -ExecutionPolicy Bypass -Command $p=$env:SELF; $c=Get-Content -Raw -LiteralPath $p; $m='# POWERSHELL_PAYLOAD'; $i=$c.LastIndexOf($m); if($i -lt 0){throw 'PowerShell payload not found'}; $s=$c.Substring($i + $m.Length); Invoke-Expression $s
Process ID: 21508
PSVersion: 5.1.26100.7462
PSEdition: Desktop
PSCompatibleVersions: 1.0, 2.0, 3.0, 4.0, 5.0, 5.1.26100.7462
BuildVersion: 10.0.26100.7462
CLRVersion: 4.0.30319.42000
WSManStackVersion: 3.0
PSRemotingProtocolVersion: 2.3
SerializationVersion: 1.1.0.1
**********************
[INFO] RunId=20260517024046-3mvx5z
[INFO] Test modu=full (varsayilan full kapsam; 1 dakikayi asan parca SKIP yazilip sonraki teste gecilir)
[INFO] Timeoutlar: HTTP=60 sn, long-running-skip=60 sn, wait-cap=60 sn
[INFO] Tum loglar: C:\Users\alper\Music\SpringBank-with-Microservices - Kopya (2)\SpringBank-with-Microservices\.scriptsandhelpers\logs\full-e2e-20260517024046-3mvx5z

==== Kubernetes ve servis on kontrolleri ====
[OK]   kubectl context: docker-desktop
[OK]   Kubernetes API cevap veriyor
[OK]   namespace var: banking-microservices
[OK]   tum deployment'lar available condition beklemesi tamam
[OK]   deployment ready: postgres (1)
[OK]   deployment ready: redis (1)
[OK]   deployment ready: mongodb (1)
[OK]   deployment ready: elasticsearch (1)
[OK]   deployment ready: zookeeper (1)
[OK]   deployment ready: kafka (1)
[OK]   deployment ready: keycloak (1)
[OK]   deployment ready: user-service (1)
[OK]   deployment ready: money-service (1)
[OK]   deployment ready: money-service-command (1)
[OK]   deployment ready: money-service-query (1)
[OK]   deployment ready: transaction-service (1)
[OK]   deployment ready: fraud-service (1)
[OK]   deployment ready: gateway (1)
[OK]   service var: postgres
[OK]   service var: redis
[OK]   service var: mongodb
[OK]   service var: elasticsearch
[OK]   service var: zookeeper
[OK]   service var: kafka
[OK]   service var: keycloak
[OK]   service var: user-service
[OK]   service var: money-service
[OK]   service var: money-service-command
[OK]   service var: money-service-query
[OK]   service var: transaction-service
[OK]   service var: fraud-service
[OK]   service var: gateway

==== Gateway erisimi ====
[OK]   gateway static login.html HTTP 200
[OK]   static / HTTP 200
[OK]   static /index.html HTTP 200
[OK]   static /login.html HTTP 200
[OK]   static /register.html HTTP 200
[OK]   static /dashboard.html HTTP 200
[OK]   static /deposit.html HTTP 200
[OK]   static /withdraw.html HTTP 200
[OK]   static /transfer.html HTTP 200
[OK]   static /transactions.html HTTP 200
[OK]   static /admin.html HTTP 200

==== Public health endpointleri ====
[OK]   money-service health unauthenticated/security HTTP 401
[OK]   user-service liveness HTTP 200
[OK]   user-service liveness HTTP 200 satisfied
[OK]   money-service liveness HTTP 200
[OK]   money-service liveness HTTP 200 satisfied
[OK]   transaction-service liveness HTTP 200
[OK]   transaction-service liveness HTTP 200 satisfied
[OK]   fraud-service liveness HTTP 200
[OK]   fraud-service liveness HTTP 200 satisfied
[OK]   money-service-command internal health HTTP 200
PS>TerminatingError(ConvertFrom-Json): "Geçersiz JSON basit öğesi: money-service-command."
[OK]   money-service-query internal health HTTP 200
PS>TerminatingError(ConvertFrom-Json): "Geçersiz JSON basit öğesi: money-service-query."

==== Kafka topic ve altyapi kontrolleri ====
[OK]   Kafka topic var: banking-microservices.user.created.v1
[OK]   Kafka topic var: banking-microservices.money.account.created.v1
[INFO] Kafka topic henuz yok, akista uretildiginde tekrar dogrulanacak: banking-microservices.money.account.create-failed.v1
[OK]   Kafka topic var: banking-microservices.transaction.created.v1
[OK]   Kafka topic var: banking-microservices.transaction.completed.v1
[OK]   Kafka topic var: banking-microservices.transaction.failed.v1
[OK]   Kafka topic var: banking-microservices.transaction.money-blocked.v1
[OK]   Kafka topic var: banking-microservices.money.projection-sync.v1
[OK]   Kafka topic var: banking-microservices.transaction.user-validation.request.v1
[OK]   Kafka topic var: banking-microservices.transaction.user-validation.success.v1
[OK]   Kafka topic var: banking-microservices.transaction.fraud.checked.v1
[OK]   Kafka topic var: banking-microservices.transaction.saga.created.v1
[OK]   Kafka topic var: banking-microservices.transaction.saga.money.completed.v1
[INFO] Kafka topic henuz yok, akista uretildiginde tekrar dogrulanacak: banking-microservices.transaction.saga.money.failed.v1
[OK]   Kafka topic var: banking-microservices.transaction.money-blocked.v1
[OK]   Kafka topic var: banking-microservices.money.projection-sync.v1

==== Register, login, token decode ====
[OK]   register user1 HTTP 200
[OK]   register user2 HTTP 200
[OK]   user1 login HTTP 200
[OK]   user1 access_token alindi
[OK]   user2 login HTTP 200
[OK]   user2 access_token alindi
[OK]   admin login HTTP 200
[OK]   admin access_token alindi
[OK]   user1 JWT sub: ae1ce873-cac7-412f-aa20-d15438074a19
[OK]   user2 JWT sub: 6678da4c-f684-4aee-a0ac-616f2496a0d6
[OK]   admin JWT ADMIN role iceriyor
[OK]   refresh token user1 HTTP 200
[OK]   register user Kafka offset advanced banking-microservices.user.created.v1 46 -> 48
[OK]   register user1 create-user event Kafka mesaj icerigi bulundu topic=banking-microservices.user.created.v1 needle=ae1ce873-cac7-412f-aa20-d15438074a19
[OK]   register user2 create-user event Kafka mesaj icerigi bulundu topic=banking-microservices.user.created.v1 needle=6678da4c-f684-4aee-a0ac-616f2496a0d6

==== Keycloak DB dogrulamasi ====
[OK]   Keycloak DB user1 kaydi var
[OK]   Keycloak DB user2 kaydi var

==== User admin endpointleri ====
[OK]   user admin total HTTP 200
[OK]   user admin roles HTTP 200
[OK]   user admin active HTTP 200
[OK]   user admin findbyemail user1 HTTP 200
[OK]   user1 DB id bulundu: ae1ce873-cac7-412f-aa20-d15438074a19
[OK]   user get self by id HTTP 200
[OK]   user admin findbykeycloakuuid user1 HTTP 200
[OK]   user admin search name HTTP 200
[OK]   user admin allusers HTTP 200

==== User self-service profil mutasyon endpointleri ====
[OK]   user2 change-email HTTP 200
[OK]   user2 change-password HTTP 200
[OK]   user2 after self-service mutations login HTTP 200
[OK]   user2 after self-service mutations access_token alindi
[OK]   register admin mutation target HTTP 200
[OK]   user admin findbyemail mutation target HTTP 200
[OK]   admin mutation target DB id bulundu: e0f45713-3bbb-4375-9725-8814572ac395
[OK]   user admin updaterole target USER HTTP 200
[OK]   user admin deactivate target HTTP 200
[OK]   user admin activate target HTTP 200
[OK]   user admin reset-password target HTTP 200
[OK]   admin target after reset login HTTP 200
[OK]   admin target after reset access_token alindi
[OK]   user admin updateuser target HTTP 200
[OK]   user admin deleteuser target HTTP 200

==== Money account create ve DB dogrulamasi ====
[OK]   money create user1 HTTP 200
[OK]   money create user2 HTTP 200
[OK]   user1 balance-info HTTP 200
[OK]   user2 balance-info HTTP 200
[OK]   user1 IBAN var: TR5435897BPUWSO7QGNXJAYCV4
[OK]   user2 IBAN var: TR3549106FNYY2EA6DP7MXBI7O
[OK]   getUserIbanWithUserId user1 HTTP 200
[OK]   Postgres banking_money user1 money kaydi var
[OK]   Postgres banking_money user2 money kaydi var
[OK]   money account create Kafka offset advanced banking-microservices.money.account.created.v1 46 -> 49
[OK]   money account created user1 event Kafka mesaj icerigi bulundu topic=banking-microservices.money.account.created.v1 needle=ae1ce873-cac7-412f-aa20-d15438074a19
[OK]   money account created user2 event Kafka mesaj icerigi bulundu topic=banking-microservices.money.account.created.v1 needle=6678da4c-f684-4aee-a0ac-616f2496a0d6

==== Money direct deposit/withdraw endpointleri ====
[OK]   money direct depositByUserId user2 HTTP 200
[OK]   user2 after direct deposit balance-info HTTP 200
[OK]   user2 direct deposit balance 200 satisfied
[OK]   money direct withdrawByUserId user2 HTTP 200
[OK]   user2 after direct withdraw balance-info HTTP 200
[OK]   user2 direct withdraw balance 0 satisfied

==== Deposit, withdraw, transfer E2E ====
PS>TerminatingError(Add-Content): "The running command stopped because the preference variable "ErrorActionPreference" or common parameter is set to Stop: İşlem, başka bir işlem tarafından kullanıldığından 'C:\Users\alper\Music\SpringBank-with-Microservices - Kopya (2)\SpringBank-with-Microservices\.scriptsandhelpers\logs\full-e2e-20260517024046-3mvx5z\all-logs.txt' dosyasına erişemiyor."
[OK]   transaction deposit user1 HTTP 201
[OK]   user1 after deposit balance-info HTTP 200
[OK]   user1 balance >= 5000 after deposit satisfied
[OK]   transaction withdraw user1 HTTP 201
[OK]   user1 after withdraw balance-info HTTP 200
[OK]   user1 balance 4500 after withdraw satisfied
[OK]   transaction transfer user1 to user2 HTTP 201
[OK]   user1 after transfer balance-info HTTP 200
[OK]   user2 after transfer balance-info HTTP 200
[OK]   user1 after transfer balance-info HTTP 200
[OK]   user2 after transfer balance-info HTTP 200
[OK]   transfer balances user1=3500 user2=1000 satisfied
[OK]   user1 final balance-info HTTP 200
[OK]   user2 final balance-info HTTP 200
[OK]   Final user1 money 3500
[OK]   Final user2 money 1000
[OK]   Final user1 blockedmoney 0
[OK]   Final user2 blockedmoney 0
PS>TerminatingError(Add-Content): "The running command stopped because the preference variable "ErrorActionPreference" or common parameter is set to Stop: İşlem, başka bir işlem tarafından kullanıldığından 'C:\Users\alper\Music\SpringBank-with-Microservices - Kopya (2)\SpringBank-with-Microservices\.scriptsandhelpers\logs\full-e2e-20260517024046-3mvx5z\all-logs.txt' dosyasına erişemiyor."
[OK]   DB user1 money/blocked dogru: 3500.00|0.00
[OK]   DB user2 money/blocked dogru: 1000.00|0.00

==== Transaction endpointleri ve DB dogrulamasi ====
[OK]   transaction history user1 HTTP 200
[OK]   transaction history user2 HTTP 200
[OK]   user1 transaction history >= 3
[OK]   user2 transaction history >= 1
[OK]   transaction errors endpoint HTTP 200
[OK]   transaction daterange HTTP 200
[OK]   DB transfer event_uuid var: 23e1cf34-b73e-40db-8db9-5f32c00eb4a7
[OK]   DB transfer status COMPLETED
[OK]   transaction byid HTTP 200
[OK]   transaction create Kafka offset advanced banking-microservices.transaction.created.v1 60 -> 63
[OK]   transaction block/projection Kafka offset advanced banking-microservices.transaction.money-blocked.v1 14 -> 15
[OK]   transaction user validation request Kafka offset advanced banking-microservices.transaction.user-validation.request.v1 14 -> 15
[OK]   transaction user validation success Kafka offset advanced banking-microservices.transaction.user-validation.success.v1 13 -> 14
[OK]   transaction fraud checked Kafka offset advanced banking-microservices.transaction.fraud.checked.v1 13 -> 14
[OK]   transaction completed Kafka offset advanced banking-microservices.transaction.completed.v1 53 -> 56
[OK]   transaction.created eventUUID Kafka mesaj icerigi bulundu topic=banking-microservices.transaction.created.v1 needle=23e1cf34-b73e-40db-8db9-5f32c00eb4a7
[OK]   transaction.money-blocked eventUUID Kafka mesaj icerigi bulundu topic=banking-microservices.transaction.money-blocked.v1 needle=23e1cf34-b73e-40db-8db9-5f32c00eb4a7
PS>TerminatingError(Add-Content): "The running command stopped because the preference variable "ErrorActionPreference" or common parameter is set to Stop: İşlem, başka bir işlem tarafından kullanıldığından 'C:\Users\alper\Music\SpringBank-with-Microservices - Kopya (2)\SpringBank-with-Microservices\.scriptsandhelpers\logs\full-e2e-20260517024046-3mvx5z\kubectl.txt' dosyasına erişemiyor."
[OK]   user-validation.request eventUUID Kafka mesaj icerigi bulundu topic=banking-microservices.transaction.user-validation.request.v1 needle=23e1cf34-b73e-40db-8db9-5f32c00eb4a7
[OK]   user-validation.success eventUUID Kafka mesaj icerigi bulundu topic=banking-microservices.transaction.user-validation.success.v1 needle=23e1cf34-b73e-40db-8db9-5f32c00eb4a7
[OK]   fraud.checked eventUUID Kafka mesaj icerigi bulundu topic=banking-microservices.transaction.fraud.checked.v1 needle=23e1cf34-b73e-40db-8db9-5f32c00eb4a7
[OK]   transaction.completed eventUUID Kafka mesaj icerigi bulundu topic=banking-microservices.transaction.completed.v1 needle=23e1cf34-b73e-40db-8db9-5f32c00eb4a7
[SKIP] Step 1 dakikayi asti: Transaction endpointleri ve DB dogrulamasi duration=66722ms / 66.722s / 1.112m

==== Admin money/transaction/saga/gateway endpointleri ====
[OK]   admin refresh before admin endpoints login HTTP 200
[OK]   admin refresh before admin endpoints access_token alindi
[OK]   money admin summary HTTP 200
[OK]   money admin count HTTP 200
[OK]   money admin accounts HTTP 200
[OK]   money admin top HTTP 200
[OK]   money admin account byiban HTTP 200
PS>TerminatingError(Add-Content): "The running command stopped because the preference variable "ErrorActionPreference" or common parameter is set to Stop: İşlem, başka bir işlem tarafından kullanıldığından 'C:\Users\alper\Music\SpringBank-with-Microservices - Kopya (2)\SpringBank-with-Microservices\.scriptsandhelpers\logs\full-e2e-20260517024046-3mvx5z\all-logs.txt' dosyasına erişemiyor."
[OK]   money admin distribution HTTP 200
[OK]   transaction admin summary HTTP 200
[OK]   transaction admin daily HTTP 200
[OK]   transaction admin stuck HTTP 200
[OK]   transaction admin byiban HTTP 200
[OK]   transaction admin errors analysis HTTP 200
[OK]   transaction admin count HTTP 200
[OK]   transaction admin top by volume HTTP 200
[OK]   saga all HTTP 200
[OK]   saga exists before/manual HTTP 200
[OK]   saga create manual existing tx HTTP 201
[OK]   saga exists after/manual HTTP 200
[OK]   saga exists true after manual create
[OK]   saga status by transaction after/manual HTTP 200
[OK]   saga status by saga uuid HTTP 200
[OK]   transaction admin manual saga bad request validation HTTP 400
[OK]   gateway recent logs HTTP 200

==== CQRS command/query servisleri internal gercek akisi ====
[FAIL] command create account 1 HTTP 503 expected 201 body={"message":"Projection event could not be published for eventId=fd584af3-61ac-4f4b-b9f6-4b079a1f3320","errorCode":"MONEY_COMMAND_INFRA","timestamp":"2026-05-16T23:44:09.937096545"}
[FAIL] command create account 2 HTTP 503 expected 201 body={"message":"Projection event could not be published for eventId=8e70e223-a3f6-4384-ae4c-fc3b3da0d16e","errorCode":"MONEY_COMMAND_INFRA","timestamp":"2026-05-16T23:44:10.359365472"}
[FAIL] command deposit HTTP 404 expected 200 body={"message":"Money account not found for userId=cmd-user-a-20260517024046-3mvx5z","errorCode":"ACCOUNT_NOT_FOUND","timestamp":"2026-05-16T23:44:10.806400439"}
[FAIL] command withdraw HTTP 404 expected 200 body={"message":"Money account not found for userId=cmd-user-a-20260517024046-3mvx5z","errorCode":"ACCOUNT_NOT_FOUND","timestamp":"2026-05-16T23:44:11.125930645"}
[FAIL] command block money HTTP 400 expected 200 body={"message":"senderIban must not be blank","errorCode":"VALIDATION_ERROR","timestamp":"2026-05-16T23:44:11.516206962"}
[FAIL] command execute transfer HTTP 400 expected 200 body={"message":"senderIban must not be blank","errorCode":"VALIDATION_ERROR","timestamp":"2026-05-16T23:44:11.859629225"}
[FAIL] command DB sender money/blocked dogru:
[FAIL] command DB receiver money/blocked dogru:
[FAIL] query by user command sender HTTP 404 expected 200 body={"message":"Money read model not found for userId=cmd-user-a-20260517024046-3mvx5z","errorCode":"READ_MODEL_NOT_FOUND","timestamp":"2026-05-16T23:44:13.179649411"}
[FAIL] query by user command receiver HTTP 404 expected 200 body={"message":"Money read model not found for userId=cmd-user-b-20260517024046-3mvx5z","errorCode":"READ_MODEL_NOT_FOUND","timestamp":"2026-05-16T23:44:13.600831596"}
PS>TerminatingError(Add-Content): "The running command stopped because the preference variable "ErrorActionPreference" or common parameter is set to Stop: İşlem, başka bir işlem tarafından kullanıldığından 'C:\Users\alper\Music\SpringBank-with-Microservices - Kopya (2)\SpringBank-with-Microservices\.scriptsandhelpers\logs\full-e2e-20260517024046-3mvx5z\all-logs.txt' dosyasına erişemiyor."
[FAIL] query by user command sender HTTP 404 expected 200 body={"message":"Money read model not found for userId=cmd-user-a-20260517024046-3mvx5z","errorCode":"READ_MODEL_NOT_FOUND","timestamp":"2026-05-16T23:44:18.934989105"}
[FAIL] query by user command receiver HTTP 404 expected 200 body={"message":"Money read model not found for userId=cmd-user-b-20260517024046-3mvx5z","errorCode":"READ_MODEL_NOT_FOUND","timestamp":"2026-05-16T23:44:19.380664171"}
[FAIL] query by user command sender HTTP 404 expected 200 body={"message":"Money read model not found for userId=cmd-user-a-20260517024046-3mvx5z","errorCode":"READ_MODEL_NOT_FOUND","timestamp":"2026-05-16T23:44:24.706912742"}
[FAIL] query by user command receiver HTTP 404 expected 200 body={"message":"Money read model not found for userId=cmd-user-b-20260517024046-3mvx5z","errorCode":"READ_MODEL_NOT_FOUND","timestamp":"2026-05-16T23:44:25.010145065"}
[FAIL] query by user command sender HTTP 404 expected 200 body={"message":"Money read model not found for userId=cmd-user-a-20260517024046-3mvx5z","errorCode":"READ_MODEL_NOT_FOUND","timestamp":"2026-05-16T23:44:30.309999627"}
[FAIL] query by user command receiver HTTP 404 expected 200 body={"message":"Money read model not found for userId=cmd-user-b-20260517024046-3mvx5z","errorCode":"READ_MODEL_NOT_FOUND","timestamp":"2026-05-16T23:44:30.657643001"}
[FAIL] query by user command sender HTTP 404 expected 200 body={"message":"Money read model not found for userId=cmd-user-a-20260517024046-3mvx5z","errorCode":"READ_MODEL_NOT_FOUND","timestamp":"2026-05-16T23:44:35.999064861"}
[FAIL] query by user command receiver HTTP 404 expected 200 body={"message":"Money read model not found for userId=cmd-user-b-20260517024046-3mvx5z","errorCode":"READ_MODEL_NOT_FOUND","timestamp":"2026-05-16T23:44:36.30172312"}
[FAIL] query by user command sender HTTP 404 expected 200 body={"message":"Money read model not found for userId=cmd-user-a-20260517024046-3mvx5z","errorCode":"READ_MODEL_NOT_FOUND","timestamp":"2026-05-16T23:44:41.659458461"}
[FAIL] query by user command receiver HTTP 404 expected 200 body={"message":"Money read model not found for userId=cmd-user-b-20260517024046-3mvx5z","errorCode":"READ_MODEL_NOT_FOUND","timestamp":"2026-05-16T23:44:42.048723874"}
[FAIL] query by user command sender HTTP 404 expected 200 body={"message":"Money read model not found for userId=cmd-user-a-20260517024046-3mvx5z","errorCode":"READ_MODEL_NOT_FOUND","timestamp":"2026-05-16T23:44:47.380660576"}
[FAIL] query by user command receiver HTTP 404 expected 200 body={"message":"Money read model not found for userId=cmd-user-b-20260517024046-3mvx5z","errorCode":"READ_MODEL_NOT_FOUND","timestamp":"2026-05-16T23:44:47.718322916"}
[FAIL] query by user command sender HTTP 404 expected 200 body={"message":"Money read model not found for userId=cmd-user-a-20260517024046-3mvx5z","errorCode":"READ_MODEL_NOT_FOUND","timestamp":"2026-05-16T23:44:53.024685945"}
[FAIL] query by user command receiver HTTP 404 expected 200 body={"message":"Money read model not found for userId=cmd-user-b-20260517024046-3mvx5z","errorCode":"READ_MODEL_NOT_FOUND","timestamp":"2026-05-16T23:44:53.312598096"}
[FAIL] query by user command sender HTTP 404 expected 200 body={"message":"Money read model not found for userId=cmd-user-a-20260517024046-3mvx5z","errorCode":"READ_MODEL_NOT_FOUND","timestamp":"2026-05-16T23:44:58.637639916"}
[FAIL] query by user command receiver HTTP 404 expected 200 body={"message":"Money read model not found for userId=cmd-user-b-20260517024046-3mvx5z","errorCode":"READ_MODEL_NOT_FOUND","timestamp":"2026-05-16T23:44:58.963391702"}
[FAIL] query by user command sender HTTP 404 expected 200 body={"message":"Money read model not found for userId=cmd-user-a-20260517024046-3mvx5z","errorCode":"READ_MODEL_NOT_FOUND","timestamp":"2026-05-16T23:45:04.308797695"}
[FAIL] query by user command receiver HTTP 404 expected 200 body={"message":"Money read model not found for userId=cmd-user-b-20260517024046-3mvx5z","errorCode":"READ_MODEL_NOT_FOUND","timestamp":"2026-05-16T23:45:04.650692021"}
[FAIL] query by user command sender HTTP 404 expected 200 body={"message":"Money read model not found for userId=cmd-user-a-20260517024046-3mvx5z","errorCode":"READ_MODEL_NOT_FOUND","timestamp":"2026-05-16T23:45:10.185341668"}
[FAIL] query by user command receiver HTTP 404 expected 200 body={"message":"Money read model not found for userId=cmd-user-b-20260517024046-3mvx5z","errorCode":"READ_MODEL_NOT_FOUND","timestamp":"2026-05-16T23:45:10.627855165"}
[SKIP] money-service-query projection balances 1 dakikayi asti, atlandi. Last=False
[FAIL] query by iban receiver HTTP 404 expected 200 body={"timestamp":"2026-05-16T23:45:16.176Z","status":404,"error":"Not Found","path":"/api/money-service-query/v1/accounts/iban/"}
[OK]   query search HTTP 200
[FAIL] CQRS projection publish Kafka offset advanced banking-microservices.money.projection-sync.v1 0 -> 0
PS>TerminatingError(Add-Content): "The running command stopped because the preference variable "ErrorActionPreference" or common parameter is set to Stop: İşlem, başka bir işlem tarafından kullanıldığından 'C:\Users\alper\Music\SpringBank-with-Microservices - Kopya (2)\SpringBank-with-Microservices\.scriptsandhelpers\logs\full-e2e-20260517024046-3mvx5z\all-logs.txt' dosyasına erişemiyor."
PS>TerminatingError(Add-Content): "The running command stopped because the preference variable "ErrorActionPreference" or common parameter is set to Stop: İşlem, başka bir işlem tarafından kullanıldığından 'C:\Users\alper\Music\SpringBank-with-Microservices - Kopya (2)\SpringBank-with-Microservices\.scriptsandhelpers\logs\full-e2e-20260517024046-3mvx5z\audit.jsonl' dosyasına erişemiyor."
[FAIL] CQRS projection receiver event Kafka mesaj icerigi bulundu topic=banking-microservices.money.projection-sync.v1 needle=cmd-user-b-20260517024046-3mvx5z
[FAIL] Mongo projection receiver balance 750: MISSING
[OK]   Elasticsearch money-accounts search HTTP 404
[FAIL] Elasticsearch money-accounts index searchable
[SKIP] Step 1 dakikayi asti: CQRS command/query servisleri internal gercek akisi duration=80962ms / 80.962s / 1.349m

==== Negatif/error senaryolari ====
[OK]   user1 refresh before negative scenario login HTTP 200
[OK]   user1 refresh before negative scenario access_token alindi
[OK]   insufficient transfer accepted into saga HTTP 201
[OK]   insufficient funds eventually records error satisfied
[OK]   negative transfer failed event Kafka offset advanced banking-microservices.transaction.failed.v1 11 -> 13
[OK]   errors after negative scenario HTTP 200

==== Servis loglari ====
[OK]   user-service pod log icinde '20260517024046-3mvx5z' bulundu
[OK]   money-service pod log icinde '20260517024046-3mvx5z' bulundu
[OK]   transaction-service pod log icinde '20260517024046-3mvx5z' bulundu
[OK]   fraud-service pod log icinde '23e1cf34-b73e-40db-8db9-5f32c00eb4a7' bulundu
[INFO] money-service-command pod log icinde 'cmd-user-b-20260517024046-3mvx5z' bulunamadi; log kaydedildi
[INFO] money-service-query pod log icinde 'cmd-user-b-20260517024046-3mvx5z' bulunamadi; log kaydedildi
[INFO] gateway pod log icinde '20260517024046-3mvx5z' bulunamadi; log kaydedildi

==== Logout ====
[OK]   logout user2 refresh token HTTP 200

==== Son ozet ====

TESTLERDE HATA VAR. Pass=205 Fail=35 RunId=20260517024046-3mvx5z Duration=286072ms / 286.072s / 4.768m
 - command create account 1 HTTP 503 expected 201 body={"message":"Projection event could not be published for eventId=fd584af3-61ac-4f4b-b9f6-4b079a1f3320","errorCode":"MONEY_COMMAND_INFRA","timestamp":"2026-05-16T23:44:09.937096545"}
 - command create account 2 HTTP 503 expected 201 body={"message":"Projection event could not be published for eventId=8e70e223-a3f6-4384-ae4c-fc3b3da0d16e","errorCode":"MONEY_COMMAND_INFRA","timestamp":"2026-05-16T23:44:10.359365472"}
 - command deposit HTTP 404 expected 200 body={"message":"Money account not found for userId=cmd-user-a-20260517024046-3mvx5z","errorCode":"ACCOUNT_NOT_FOUND","timestamp":"2026-05-16T23:44:10.806400439"}
 - command withdraw HTTP 404 expected 200 body={"message":"Money account not found for userId=cmd-user-a-20260517024046-3mvx5z","errorCode":"ACCOUNT_NOT_FOUND","timestamp":"2026-05-16T23:44:11.125930645"}
 - command block money HTTP 400 expected 200 body={"message":"senderIban must not be blank","errorCode":"VALIDATION_ERROR","timestamp":"2026-05-16T23:44:11.516206962"}
 - command execute transfer HTTP 400 expected 200 body={"message":"senderIban must not be blank","errorCode":"VALIDATION_ERROR","timestamp":"2026-05-16T23:44:11.859629225"}
 - command DB sender money/blocked dogru:
 - command DB receiver money/blocked dogru:
 - query by user command sender HTTP 404 expected 200 body={"message":"Money read model not found for userId=cmd-user-a-20260517024046-3mvx5z","errorCode":"READ_MODEL_NOT_FOUND","timestamp":"2026-05-16T23:44:13.179649411"}
 - query by user command receiver HTTP 404 expected 200 body={"message":"Money read model not found for userId=cmd-user-b-20260517024046-3mvx5z","errorCode":"READ_MODEL_NOT_FOUND","timestamp":"2026-05-16T23:44:13.600831596"}
 - query by user command sender HTTP 404 expected 200 body={"message":"Money read model not found for userId=cmd-user-a-20260517024046-3mvx5z","errorCode":"READ_MODEL_NOT_FOUND","timestamp":"2026-05-16T23:44:18.934989105"}
 - query by user command receiver HTTP 404 expected 200 body={"message":"Money read model not found for userId=cmd-user-b-20260517024046-3mvx5z","errorCode":"READ_MODEL_NOT_FOUND","timestamp":"2026-05-16T23:44:19.380664171"}
 - query by user command sender HTTP 404 expected 200 body={"message":"Money read model not found for userId=cmd-user-a-20260517024046-3mvx5z","errorCode":"READ_MODEL_NOT_FOUND","timestamp":"2026-05-16T23:44:24.706912742"}
 - query by user command receiver HTTP 404 expected 200 body={"message":"Money read model not found for userId=cmd-user-b-20260517024046-3mvx5z","errorCode":"READ_MODEL_NOT_FOUND","timestamp":"2026-05-16T23:44:25.010145065"}
 - query by user command sender HTTP 404 expected 200 body={"message":"Money read model not found for userId=cmd-user-a-20260517024046-3mvx5z","errorCode":"READ_MODEL_NOT_FOUND","timestamp":"2026-05-16T23:44:30.309999627"}
 - query by user command receiver HTTP 404 expected 200 body={"message":"Money read model not found for userId=cmd-user-b-20260517024046-3mvx5z","errorCode":"READ_MODEL_NOT_FOUND","timestamp":"2026-05-16T23:44:30.657643001"}
 - query by user command sender HTTP 404 expected 200 body={"message":"Money read model not found for userId=cmd-user-a-20260517024046-3mvx5z","errorCode":"READ_MODEL_NOT_FOUND","timestamp":"2026-05-16T23:44:35.999064861"}
 - query by user command receiver HTTP 404 expected 200 body={"message":"Money read model not found for userId=cmd-user-b-20260517024046-3mvx5z","errorCode":"READ_MODEL_NOT_FOUND","timestamp":"2026-05-16T23:44:36.30172312"}
 - query by user command sender HTTP 404 expected 200 body={"message":"Money read model not found for userId=cmd-user-a-20260517024046-3mvx5z","errorCode":"READ_MODEL_NOT_FOUND","timestamp":"2026-05-16T23:44:41.659458461"}
 - query by user command receiver HTTP 404 expected 200 body={"message":"Money read model not found for userId=cmd-user-b-20260517024046-3mvx5z","errorCode":"READ_MODEL_NOT_FOUND","timestamp":"2026-05-16T23:44:42.048723874"}
 - query by user command sender HTTP 404 expected 200 body={"message":"Money read model not found for userId=cmd-user-a-20260517024046-3mvx5z","errorCode":"READ_MODEL_NOT_FOUND","timestamp":"2026-05-16T23:44:47.380660576"}
 - query by user command receiver HTTP 404 expected 200 body={"message":"Money read model not found for userId=cmd-user-b-20260517024046-3mvx5z","errorCode":"READ_MODEL_NOT_FOUND","timestamp":"2026-05-16T23:44:47.718322916"}
 - query by user command sender HTTP 404 expected 200 body={"message":"Money read model not found for userId=cmd-user-a-20260517024046-3mvx5z","errorCode":"READ_MODEL_NOT_FOUND","timestamp":"2026-05-16T23:44:53.024685945"}
 - query by user command receiver HTTP 404 expected 200 body={"message":"Money read model not found for userId=cmd-user-b-20260517024046-3mvx5z","errorCode":"READ_MODEL_NOT_FOUND","timestamp":"2026-05-16T23:44:53.312598096"}
 - query by user command sender HTTP 404 expected 200 body={"message":"Money read model not found for userId=cmd-user-a-20260517024046-3mvx5z","errorCode":"READ_MODEL_NOT_FOUND","timestamp":"2026-05-16T23:44:58.637639916"}
 - query by user command receiver HTTP 404 expected 200 body={"message":"Money read model not found for userId=cmd-user-b-20260517024046-3mvx5z","errorCode":"READ_MODEL_NOT_FOUND","timestamp":"2026-05-16T23:44:58.963391702"}
 - query by user command sender HTTP 404 expected 200 body={"message":"Money read model not found for userId=cmd-user-a-20260517024046-3mvx5z","errorCode":"READ_MODEL_NOT_FOUND","timestamp":"2026-05-16T23:45:04.308797695"}
 - query by user command receiver HTTP 404 expected 200 body={"message":"Money read model not found for userId=cmd-user-b-20260517024046-3mvx5z","errorCode":"READ_MODEL_NOT_FOUND","timestamp":"2026-05-16T23:45:04.650692021"}
 - query by user command sender HTTP 404 expected 200 body={"message":"Money read model not found for userId=cmd-user-a-20260517024046-3mvx5z","errorCode":"READ_MODEL_NOT_FOUND","timestamp":"2026-05-16T23:45:10.185341668"}
 - query by user command receiver HTTP 404 expected 200 body={"message":"Money read model not found for userId=cmd-user-b-20260517024046-3mvx5z","errorCode":"READ_MODEL_NOT_FOUND","timestamp":"2026-05-16T23:45:10.627855165"}
 - query by iban receiver HTTP 404 expected 200 body={"timestamp":"2026-05-16T23:45:16.176Z","status":404,"error":"Not Found","path":"/api/money-service-query/v1/accounts/iban/"}
 - CQRS projection publish Kafka offset advanced banking-microservices.money.projection-sync.v1 0 -> 0
 - CQRS projection receiver event Kafka mesaj icerigi bulundu topic=banking-microservices.money.projection-sync.v1 needle=cmd-user-b-20260517024046-3mvx5z
 - Mongo projection receiver balance 750: MISSING
 - Elasticsearch money-accounts index searchable
**********************
Windows PowerShell transcript end
End time: 20260517024532
**********************
