**********************
Windows PowerShell transcript start
Start time: 20260516215631
Username: monte\CodexSandboxOffline
RunAs User: monte\CodexSandboxOffline
Configuration Name: 
Machine: MONTE (Microsoft Windows NT 10.0.26200.0)
Host Application: powershell.exe -NoProfile -ExecutionPolicy Bypass -Command $p=$env:SELF; $c=Get-Content -Raw -LiteralPath $p; $m='# POWERSHELL_PAYLOAD'; $i=$c.LastIndexOf($m); if($i -lt 0){throw 'PowerShell payload not found'}; $s=$c.Substring($i + $m.Length); Invoke-Expression $s
Process ID: 22368
PSVersion: 5.1.26100.7462
PSEdition: Desktop
PSCompatibleVersions: 1.0, 2.0, 3.0, 4.0, 5.0, 5.1.26100.7462
BuildVersion: 10.0.26100.7462
CLRVersion: 4.0.30319.42000
WSManStackVersion: 3.0
PSRemotingProtocolVersion: 2.3
SerializationVersion: 1.1.0.1
**********************
[INFO] RunId=20260516215631-zg817p
[INFO] Tum loglar: C:\Users\alper\Music\SpringBank-with-Microservices - Kopya (2)\SpringBank-with-Microservices\.scriptsandhelpers\logs\full-e2e-20260516215631-zg817p

==== Kubernetes ve servis on kontrolleri ====
PS>TerminatingError(kubectl.exe): "The running command stopped because the preference variable "ErrorActionPreference" or common parameter is set to Stop: error: error loading config file "C:\Users\alper\.kube\config": open C:\Users\alper\.kube\config: Access is denied."
>> TerminatingError(kubectl.exe): "The running command stopped because the preference variable "ErrorActionPreference" or common parameter is set to Stop: error: error loading config file "C:\Users\alper\.kube\config": open C:\Users\alper\.kube\config: Access is denied."
[FAIL] Script exception: error: error loading config file "C:\Users\alper\.kube\config": open C:\Users\alper\.kube\config: Access is denied.
at Kube, <No file>: line 139
at <ScriptBlock>, <No file>: line 251
at <ScriptBlock>, <No file>: line 1
**********************
Windows PowerShell transcript end
End time: 20260516215631
**********************
