**********************
Windows PowerShell transcript start
Start time: 20260517014953
Username: monte\alper
RunAs User: monte\alper
Configuration Name: 
Machine: MONTE (Microsoft Windows NT 10.0.26200.0)
Host Application: powershell.exe -NoProfile -ExecutionPolicy Bypass -Command $p=$env:SELF; $c=Get-Content -Raw -LiteralPath $p; $m='# POWERSHELL_PAYLOAD'; $i=$c.LastIndexOf($m); if($i -lt 0){throw 'PowerShell payload not found'}; $s=$c.Substring($i + $m.Length); Invoke-Expression $s
Process ID: 21200
PSVersion: 5.1.26100.7462
PSEdition: Desktop
PSCompatibleVersions: 1.0, 2.0, 3.0, 4.0, 5.0, 5.1.26100.7462
BuildVersion: 10.0.26100.7462
CLRVersion: 4.0.30319.42000
WSManStackVersion: 3.0
PSRemotingProtocolVersion: 2.3
SerializationVersion: 1.1.0.1
**********************
[INFO] RunId=20260517014953-pznj97
[INFO] Test modu=dev (varsayilan full kapsam; 1 dakikayi asan parca SKIP yazilip sonraki teste gecilir)
[INFO] Timeoutlar: HTTP=60 sn, long-running-skip=60 sn, wait-cap=60 sn
[INFO] Tum loglar: C:\Users\alper\Music\SpringBank-with-Microservices - Kopya (2)\SpringBank-with-Microservices\.scriptsandhelpers\logs\full-e2e-20260517014953-pznj97

==== Kubernetes ve servis on kontrolleri ====
[OK]   kubectl context: docker-desktop
[OK]   Kubernetes API cevap veriyor
[OK]   namespace var: banking-microservices
[OK]   tum deployment'lar available condition beklemesi tamam
[OK]   deployment ready: postgres (1)
[OK]   deployment ready: kafka (1)
PS>TerminatingError(Add-Content): "The running command stopped because the preference variable "ErrorActionPreference" or common parameter is set to Stop: İşlem, başka bir işlem tarafından kullanıldığından 'C:\Users\alper\Music\SpringBank-with-Microservices - Kopya (2)\SpringBank-with-Microservices\.scriptsandhelpers\logs\full-e2e-20260517014953-pznj97\all-logs.txt' dosyasına erişemiyor."
[OK]   deployment ready: keycloak (1)
[OK]   deployment ready: user-service (1)
[OK]   deployment ready: money-service (1)
[OK]   deployment ready: transaction-service (1)
[OK]   deployment ready: gateway (1)
[OK]   service var: postgres
[OK]   service var: kafka
[OK]   service var: keycloak
[OK]   service var: user-service
[OK]   service var: money-service
[OK]   service var: transaction-service
[OK]   service var: gateway

==== Gateway erisimi ====
[OK]   gateway static login.html HTTP 200
[OK]   static /login.html HTTP 200
[OK]   static /register.html HTTP 200
[OK]   static /dashboard.html HTTP 200
[OK]   static /transactions.html HTTP 200
[OK]   static /admin.html HTTP 200

==== Public health endpointleri ====
[OK]   money-service health unauthenticated/security HTTP 401
[OK]   user-service liveness HTTP 200
[OK]   user-service liveness HTTP 200 satisfied
[OK]   money-service liveness HTTP 200
[OK]   money-service liveness HTTP 200 satisfied
[OK]   transaction-service liveness HTTP 200
[OK]   transaction-service liveness HTTP 200 satisfied
[OK]   fraud-service liveness HTTP 200
[OK]   fraud-service liveness HTTP 200 satisfied

==== Kafka topic ve altyapi kontrolleri ====

==== Register, login, token decode ====
[OK]   register user1 HTTP 200
[OK]   register user2 HTTP 200
[OK]   user1 login HTTP 200
[OK]   user1 access_token alindi
[OK]   user2 login HTTP 200
[OK]   user2 access_token alindi
[OK]   admin login HTTP 200
[OK]   admin access_token alindi
[OK]   user1 JWT sub: e56901ca-afc3-4674-9597-d2562f7593cb
[OK]   user2 JWT sub: e9dae81a-90b7-4bb7-b551-60ee57a4f290
[OK]   admin JWT ADMIN role iceriyor
[OK]   refresh token user1 HTTP 200

==== Keycloak DB dogrulamasi ====
[OK]   Keycloak DB user1 kaydi var
[OK]   Keycloak DB user2 kaydi var

==== User admin endpointleri ====
[OK]   user admin total HTTP 200
[OK]   user admin roles HTTP 200
[OK]   user admin active HTTP 200
[OK]   user admin findbyemail user1 HTTP 200
[OK]   user1 DB id bulundu: e56901ca-afc3-4674-9597-d2562f7593cb
[OK]   user get self by id HTTP 200
[OK]   user admin findbykeycloakuuid user1 HTTP 200
[OK]   user admin search name HTTP 200
[OK]   user admin allusers HTTP 200

==== Money account create ve DB dogrulamasi ====
[OK]   money create user1 HTTP 200
[OK]   money create user2 HTTP 200
[OK]   user1 balance-info HTTP 200
[OK]   user2 balance-info HTTP 200
[OK]   user1 IBAN var: TR6521193ISTAVM5O34ADNQ02Y
[OK]   user2 IBAN var: TR3400745AFNE1VHKSJNNLKK12
[OK]   getUserIbanWithUserId user1 HTTP 200
[OK]   Postgres banking_money user1 money kaydi var
[OK]   Postgres banking_money user2 money kaydi var

==== Money direct deposit/withdraw endpointleri ====
[OK]   money direct depositByUserId user2 HTTP 200
[OK]   user2 after direct deposit balance-info HTTP 200
[OK]   user2 direct deposit balance 200 satisfied
[OK]   money direct withdrawByUserId user2 HTTP 200
[OK]   user2 after direct withdraw balance-info HTTP 200
[OK]   user2 direct withdraw balance 0 satisfied

==== Deposit, withdraw, transfer E2E ====
[OK]   transaction deposit user1 HTTP 201
[OK]   user1 after deposit balance-info HTTP 200
[OK]   user1 balance >= 5000 after deposit satisfied
[OK]   transaction withdraw user1 HTTP 201
[OK]   user1 after withdraw balance-info HTTP 200
[OK]   user1 balance 4500 after withdraw satisfied
[OK]   transaction transfer user1 to user2 HTTP 201
[OK]   user1 after transfer balance-info HTTP 200
[OK]   user2 after transfer balance-info HTTP 200
[OK]   user1 after transfer balance-info HTTP 200
[OK]   user2 after transfer balance-info HTTP 200
[OK]   transfer balances user1=3500 user2=1000 satisfied
[OK]   user1 final balance-info HTTP 200
[OK]   user2 final balance-info HTTP 200
[OK]   Final user1 money 3500
[OK]   Final user2 money 1000
[OK]   Final user1 blockedmoney 0
[OK]   Final user2 blockedmoney 0
[OK]   DB user1 money/blocked dogru: 3500.00|0.00
[OK]   DB user2 money/blocked dogru: 1000.00|0.00

==== Transaction endpointleri ve DB dogrulamasi ====
[OK]   transaction history user1 HTTP 200
[OK]   transaction history user2 HTTP 200
[OK]   user1 transaction history >= 3
[OK]   user2 transaction history >= 1
[OK]   transaction errors endpoint HTTP 200
[OK]   transaction daterange HTTP 200
[OK]   DB transfer event_uuid var: a11863a1-52a7-4681-a55f-a1d72844b928
[OK]   DB transfer status COMPLETED
[OK]   transaction byid HTTP 200

==== Dev monolith admin ve frontend smoke ====
[OK]   admin refresh before dev smoke login HTTP 200
[OK]   admin refresh before dev smoke access_token alindi
[OK]   dev money admin summary HTTP 200
[OK]   dev transaction admin summary HTTP 200
[OK]   dev gateway test logs runs HTTP 200
[OK]   dev admin panel html HTTP 200
[OK]   dev transactions html HTTP 200

==== Dev kullanici islem geri cek smoke ====
[OK]   dev cancel smoke deposit HTTP 201
[OK]   user1 before cancel smoke balance-info HTTP 200
[OK]   dev cancel smoke deposit applied satisfied
[OK]   dev cancel smoke event bulundu: f854ae42-8e53-4831-b3c0-2b4166213462
[OK]   dev user transaction cancel HTTP 200
[OK]   dev cancel status dogru: REVERSED

==== Logout ====
[OK]   logout user2 refresh token HTTP 200

==== Son ozet ====

DEV MONOLITH TESTLERI GECTI. Pass=114 RunId=20260517014953-pznj97 Duration=37281ms / 37.281s / 0.621m
**********************
Windows PowerShell transcript end
End time: 20260517015030
**********************
