**********************
Windows PowerShell transcript start
Start time: 20260516220022
Username: monte\alper
RunAs User: monte\alper
Configuration Name: 
Machine: MONTE (Microsoft Windows NT 10.0.26200.0)
Host Application: powershell.exe -NoProfile -ExecutionPolicy Bypass -Command $p=$env:SELF; $c=Get-Content -Raw -LiteralPath $p; $m='# POWERSHELL_PAYLOAD'; $i=$c.LastIndexOf($m); if($i -lt 0){throw 'PowerShell payload not found'}; $s=$c.Substring($i + $m.Length); Invoke-Expression $s
Process ID: 9904
PSVersion: 5.1.26100.7462
PSEdition: Desktop
PSCompatibleVersions: 1.0, 2.0, 3.0, 4.0, 5.0, 5.1.26100.7462
BuildVersion: 10.0.26100.7462
CLRVersion: 4.0.30319.42000
WSManStackVersion: 3.0
PSRemotingProtocolVersion: 2.3
SerializationVersion: 1.1.0.1
**********************
[INFO] RunId=20260516220022-5uz83m
[INFO] Tum loglar: C:\Users\alper\Music\SpringBank-with-Microservices - Kopya (2)\SpringBank-with-Microservices\.scriptsandhelpers\logs\full-e2e-20260516220022-5uz83m

==== Kubernetes ve servis on kontrolleri ====
[OK]   kubectl context: docker-desktop
PS>TerminatingError(kubectl.exe): "The running command stopped because the preference variable "ErrorActionPreference" or common parameter is set to Stop: E0516 22:00:32.453253   16164 memcache.go:265] "Unhandled Error" err="couldn't get current server API group list: Get \"https://kubernetes.docker.internal:6443/api?timeout=32s\": EOF""
>> TerminatingError(kubectl.exe): "The running command stopped because the preference variable "ErrorActionPreference" or common parameter is set to Stop: E0516 22:00:32.453253   16164 memcache.go:265] "Unhandled Error" err="couldn't get current server API group list: Get \"https://kubernetes.docker.internal:6443/api?timeout=32s\": EOF""
[FAIL] Script exception: E0516 22:00:32.453253   16164 memcache.go:265] "Unhandled Error" err="couldn't get current server API group list: Get \"https://kubernetes.docker.internal:6443/api?timeout=32s\": EOF"
at Kube, <No file>: line 139
at <ScriptBlock>, <No file>: line 253
at <ScriptBlock>, <No file>: line 1
**********************
Windows PowerShell transcript end
End time: 20260516220032
**********************
