**********************
Windows PowerShell transcript start
Start time: 20260516235611
Username: monte\alper
RunAs User: monte\alper
Configuration Name: 
Machine: MONTE (Microsoft Windows NT 10.0.26200.0)
Host Application: powershell.exe -NoProfile -ExecutionPolicy Bypass -Command $p=$env:SELF; $c=Get-Content -Raw -LiteralPath $p; $m='# POWERSHELL_PAYLOAD'; $i=$c.LastIndexOf($m); if($i -lt 0){throw 'PowerShell payload not found'}; $s=$c.Substring($i + $m.Length); Invoke-Expression $s
Process ID: 9036
PSVersion: 5.1.26100.7462
PSEdition: Desktop
PSCompatibleVersions: 1.0, 2.0, 3.0, 4.0, 5.0, 5.1.26100.7462
BuildVersion: 10.0.26100.7462
CLRVersion: 4.0.30319.42000
WSManStackVersion: 3.0
PSRemotingProtocolVersion: 2.3
SerializationVersion: 1.1.0.1
**********************
[INFO] RunId=20260516235611-5072ba
[INFO] Tum loglar: C:\Users\alper\Music\SpringBank-with-Microservices - Kopya (2)\SpringBank-with-Microservices\.scriptsandhelpers\logs\full-e2e-20260516235611-5072ba

==== Kubernetes ve servis on kontrolleri ====
[OK]   kubectl context: docker-desktop
[OK]   Kubernetes API cevap veriyor
[OK]   namespace var: banking-microservices
[OK]   tum deployment'lar available condition beklemesi tamam
[OK]   deployment ready: postgres (1)
[OK]   deployment ready: redis (1)
[OK]   deployment ready: mongodb (1)
[OK]   deployment ready: elasticsearch (1)
[OK]   deployment ready: zookeeper (1)
[OK]   deployment ready: kafka (1)
[OK]   deployment ready: keycloak (1)
[OK]   deployment ready: user-service (2)
[OK]   deployment ready: money-service (2)
[OK]   deployment ready: money-service-command (2)
[OK]   deployment ready: money-service-query (2)
[OK]   deployment ready: transaction-service (2)
[OK]   deployment ready: fraud-service (2)
[OK]   deployment ready: gateway (2)
[OK]   service var: postgres
[OK]   service var: redis
[OK]   service var: mongodb
[OK]   service var: elasticsearch
[OK]   service var: zookeeper
[OK]   service var: kafka
[OK]   service var: keycloak
[OK]   service var: user-service
[OK]   service var: money-service
[OK]   service var: money-service-command
[OK]   service var: money-service-query
[OK]   service var: transaction-service
[OK]   service var: fraud-service
[OK]   service var: gateway

==== Gateway erisimi ====
PS>TerminatingError(curl.exe): "The running command stopped because the preference variable "ErrorActionPreference" or common parameter is set to Stop: curl: (52) Empty reply from server"
PS>TerminatingError(curl.exe): "The running command stopped because the preference variable "ErrorActionPreference" or common parameter is set to Stop: curl: (52) Empty reply from server"
[INFO] Gateway local erisim yok: curl: (52) Empty reply from server
[INFO] localhost:8095 kapali, kubectl port-forward service/gateway 8095:8095 aciliyor
PS>TerminatingError(curl.exe): "The running command stopped because the preference variable "ErrorActionPreference" or common parameter is set to Stop: curl: (52) Empty reply from server"
PS>TerminatingError(curl.exe): "The running command stopped because the preference variable "ErrorActionPreference" or common parameter is set to Stop: curl: (52) Empty reply from server"
PS>TerminatingError(curl.exe): "The running command stopped because the preference variable "ErrorActionPreference" or common parameter is set to Stop: curl: (52) Empty reply from server"
PS>TerminatingError(curl.exe): "The running command stopped because the preference variable "ErrorActionPreference" or common parameter is set to Stop: curl: (52) Empty reply from server"
PS>TerminatingError(curl.exe): "The running command stopped because the preference variable "ErrorActionPreference" or common parameter is set to Stop: curl: (52) Empty reply from server"
PS>TerminatingError(curl.exe): "The running command stopped because the preference variable "ErrorActionPreference" or common parameter is set to Stop: curl: (52) Empty reply from server"
PS>TerminatingError(curl.exe): "The running command stopped because the preference variable "ErrorActionPreference" or common parameter is set to Stop: curl: (52) Empty reply from server"
PS>TerminatingError(curl.exe): "The running command stopped because the preference variable "ErrorActionPreference" or common parameter is set to Stop: curl: (52) Empty reply from server"
[OK]   gateway static login.html after port-forward HTTP 200
